Component: ARM Compiler 5.06 update 7 (build 960) Tool: armlink [4d3601]

==============================================================================

Section Cross References

    main.o(i.main) refers to _printf_percent.o(.ARM.Collect$$_printf_percent$$00000000) for _printf_percent
    main.o(i.main) refers to _printf_s.o(.ARM.Collect$$_printf_percent$$00000014) for _printf_s
    main.o(i.main) refers to _printf_str.o(.text) for _printf_str
    main.o(i.main) refers to stm32f4xx_hal.o(i.HAL_Init) for HAL_Init
    main.o(i.main) refers to sys.o(i.Stm32_Clock_Init) for Stm32_Clock_Init
    main.o(i.main) refers to delay.o(i.delay_init) for delay_init
    main.o(i.main) refers to usart.o(i.uart_init) for uart_init
    main.o(i.main) refers to led.o(i.LED_Init) for LED_Init
    main.o(i.main) refers to w25qxx.o(i.W25QXX_Init) for W25QXX_Init
    main.o(i.main) refers to key.o(i.Key_init) for Key_init
    main.o(i.main) refers to noretval__2printf.o(.text) for __2printf
    main.o(i.main) refers to tasks.o(i.xTaskCreate) for xTaskCreate
    main.o(i.main) refers to tasks.o(i.vTaskStartScheduler) for vTaskStartScheduler
    main.o(i.main) refers to main.o(.data) for StartTask_Handler1
    main.o(i.main) refers to main.o(i.start_task1) for start_task1
    main.o(i.main) refers to main.o(i.start_task2) for start_task2
    main.o(i.main) refers to usart.o(.data) for USART_RX_STA
    main.o(i.main) refers to usart.o(.bss) for USART_RX_BUF
    main.o(i.start_task1) refers to noretval__2printf.o(.text) for __2printf
    main.o(i.start_task1) refers to sdram.o(i.SDRAM_Init) for SDRAM_Init
    main.o(i.start_task1) refers to cmd.o(i.cmd_proc) for cmd_proc
    main.o(i.start_task1) refers to rt_memclr.o(.text) for __aeabi_memclr
    main.o(i.start_task1) refers to tasks.o(i.vTaskSuspend) for vTaskSuspend
    main.o(i.start_task1) refers to usart.o(.data) for USART_RX_STA
    main.o(i.start_task1) refers to usart.o(.bss) for USART_RX_BUF
    main.o(i.start_task1) refers to main.o(.data) for StartTask_Handler1
    main.o(i.start_task2) refers to tasks.o(i.vTaskDelay) for vTaskDelay
    system_stm32f4xx.o(i.SystemCoreClockUpdate) refers to system_stm32f4xx.o(.data) for SystemCoreClock
    sys.o(i.Stm32_Clock_Init) refers to stm32f4xx_hal_rcc.o(i.HAL_RCC_OscConfig) for HAL_RCC_OscConfig
    sys.o(i.Stm32_Clock_Init) refers to stm32f4xx_hal_pwr_ex.o(i.HAL_PWREx_EnableOverDrive) for HAL_PWREx_EnableOverDrive
    sys.o(i.Stm32_Clock_Init) refers to stm32f4xx_hal_rcc.o(i.HAL_RCC_ClockConfig) for HAL_RCC_ClockConfig
    led.o(i.LED_Init) refers to stm32f4xx_hal_gpio.o(i.HAL_GPIO_Init) for HAL_GPIO_Init
    led.o(i.LED_Init) refers to stm32f4xx_hal_gpio.o(i.HAL_GPIO_WritePin) for HAL_GPIO_WritePin
    usart.o(.rev16_text) refers (Special) to use_no_semi_2.o(.text) for __use_no_semihosting
    usart.o(.revsh_text) refers (Special) to use_no_semi_2.o(.text) for __use_no_semihosting
    usart.o(.rrx_text) refers (Special) to use_no_semi_2.o(.text) for __use_no_semihosting
    usart.o(i.HAL_UART_MspInit) refers (Special) to use_no_semi_2.o(.text) for __use_no_semihosting
    usart.o(i.HAL_UART_MspInit) refers to stm32f4xx_hal_gpio.o(i.HAL_GPIO_Init) for HAL_GPIO_Init
    usart.o(i.HAL_UART_MspInit) refers to stm32f4xx_hal_cortex.o(i.HAL_NVIC_EnableIRQ) for HAL_NVIC_EnableIRQ
    usart.o(i.HAL_UART_MspInit) refers to stm32f4xx_hal_cortex.o(i.HAL_NVIC_SetPriority) for HAL_NVIC_SetPriority
    usart.o(i.USART3_IRQHandler) refers (Special) to use_no_semi_2.o(.text) for __use_no_semihosting
    usart.o(i.USART3_IRQHandler) refers to tasks.o(i.xTaskResumeFromISR) for xTaskResumeFromISR
    usart.o(i.USART3_IRQHandler) refers to usart.o(.bss) for USART_RX_BUF
    usart.o(i.USART3_IRQHandler) refers to usart.o(.data) for USART_RX_LEN
    usart.o(i.USART3_IRQHandler) refers to main.o(.data) for StartTask_Handler1
    usart.o(i._sys_exit) refers (Special) to use_no_semi_2.o(.text) for __use_no_semihosting
    usart.o(i.fputc) refers (Special) to use_no_semi_2.o(.text) for __use_no_semihosting
    usart.o(i.uart_init) refers (Special) to use_no_semi_2.o(.text) for __use_no_semihosting
    usart.o(i.uart_init) refers to stm32f4xx_hal_uart.o(i.HAL_UART_Init) for HAL_UART_Init
    usart.o(i.uart_init) refers to stm32f4xx_hal_uart.o(i.HAL_UART_Receive_IT) for HAL_UART_Receive_IT
    usart.o(i.uart_init) refers to usart.o(.bss) for UART_Handler
    usart.o(i.uart_init) refers to usart.o(.data) for aRxBuffer
    usart.o(i.uart_send_byte) refers (Special) to use_no_semi_2.o(.text) for __use_no_semihosting
    usart.o(.bss) refers (Special) to use_no_semi_2.o(.text) for __use_no_semihosting
    usart.o(.data) refers (Special) to use_no_semi_2.o(.text) for __use_no_semihosting
    cmd.o(i.cmd_proc) refers to _printf_percent.o(.ARM.Collect$$_printf_percent$$00000000) for _printf_percent
    cmd.o(i.cmd_proc) refers to _printf_s.o(.ARM.Collect$$_printf_percent$$00000014) for _printf_s
[...]
    i.SDRAM_Send_Cmd                         0x08009f04   Section        0  sdram.o(i.SDRAM_Send_Cmd)
    i.SPI5_Init                              0x08009f4c   Section        0  spi.o(i.SPI5_Init)
    i.SPI5_ReadWriteByte                     0x08009fa4   Section        0  spi.o(i.SPI5_ReadWriteByte)
    i.SPI5_SetSpeed                          0x0800a008   Section        0  spi.o(i.SPI5_SetSpeed)
    i.Stm32_Clock_Init                       0x0800a050   Section        0  sys.o(i.Stm32_Clock_Init)
    i.SysTick_Handler                        0x0800a108   Section        0  port.o(i.SysTick_Handler)
    i.SystemInit                             0x0800a13c   Section        0  system_stm32f4xx.o(i.SystemInit)
    i.TIM3_IRQHandler                        0x0800a1a0   Section        0  tim.o(i.TIM3_IRQHandler)
    i.TIM4_IRQHandler                        0x0800a1d8   Section        0  tim.o(i.TIM4_IRQHandler)
    i.TIM6_DAC_IRQHandler                    0x0800a204   Section        0  tim.o(i.TIM6_DAC_IRQHandler)
    i.TIM6_Init                              0x0800a228   Section        0  tim.o(i.TIM6_Init)
    i.TIM7_IRQHandler                        0x0800a264   Section        0  tim.o(i.TIM7_IRQHandler)
    i.TIM_Base_SetConfig                     0x0800a288   Section        0  stm32f4xx_hal_tim.o(i.TIM_Base_SetConfig)
    i.UART_SetConfig                         0x0800a36c   Section        0  stm32f4xx_hal_uart.o(i.UART_SetConfig)
    UART_SetConfig                           0x0800a36d   Thumb Code   538  stm32f4xx_hal_uart.o(i.UART_SetConfig)
    i.USART3_IRQHandler                      0x0800a590   Section        0  usart.o(i.USART3_IRQHandler)
    i.UsageFault_Handler                     0x0800a5f8   Section        0  stm32f4xx_it.o(i.UsageFault_Handler)
    i.W25QXX_Init                            0x0800a5fc   Section        0  w25qxx.o(i.W25QXX_Init)
    i.W25QXX_ReadID                          0x0800a694   Section        0  w25qxx.o(i.W25QXX_ReadID)
    i.W25QXX_ReadSR                          0x0800a6dc   Section        0  w25qxx.o(i.W25QXX_ReadSR)
    i._sys_exit                              0x0800a72c   Section        0  usart.o(i._sys_exit)
    i.cmd_proc                               0x0800a730   Section        0  cmd.o(i.cmd_proc)
    i.delay_init                             0x0800a984   Section        0  delay.o(i.delay_init)
    i.delay_us                               0x0800a9c0   Section        0  delay.o(i.delay_us)
    i.fputc                                  0x0800a9f4   Section        0  usart.o(i.fputc)
    i.iap_load_app                           0x0800aa10   Section        0  iap.o(i.iap_load_app)
    i.main                                   0x0800aa3c   Section        0  main.o(i.main)
    i.prvAddCurrentTaskToDelayedList         0x0800ab2c   Section        0  tasks.o(i.prvAddCurrentTaskToDelayedList)
    prvAddCurrentTaskToDelayedList           0x0800ab2d   Thumb Code   124  tasks.o(i.prvAddCurrentTaskToDelayedList)
    i.prvAddNewTaskToReadyList               0x0800abc4   Section        0  tasks.o(i.prvAddNewTaskToReadyList)
    prvAddNewTaskToReadyList                 0x0800abc5   Thumb Code   156  tasks.o(i.prvAddNewTaskToReadyList)
    i.prvCheckForValidListAndQueue           0x0800ac7c   Section        0  timers.o(i.prvCheckForValidListAndQueue)
    prvCheckForValidListAndQueue             0x0800ac7d   Thumb Code    72  timers.o(i.prvCheckForValidListAndQueue)
    i.prvCheckTasksWaitingTermination        0x0800ace0   Section        0  tasks.o(i.prvCheckTasksWaitingTermination)
    prvCheckTasksWaitingTermination          0x0800ace1   Thumb Code    86  tasks.o(i.prvCheckTasksWaitingTermination)
    i.prvCopyDataFromQueue                   0x0800ad44   Section        0  queue.o(i.prvCopyDataFromQueue)
    prvCopyDataFromQueue                     0x0800ad45   Thumb Code    42  queue.o(i.prvCopyDataFromQueue)
    i.prvCopyDataToQueue                     0x0800ad6e   Section        0  queue.o(i.prvCopyDataToQueue)
    prvCopyDataToQueue                       0x0800ad6f   Thumb Code   124  queue.o(i.prvCopyDataToQueue)
    i.prvDeleteTCB                           0x0800adea   Section        0  tasks.o(i.prvDeleteTCB)
    prvDeleteTCB                             0x0800adeb   Thumb Code    18  tasks.o(i.prvDeleteTCB)
    i.prvGetNextExpireTime                   0x0800adfc   Section        0  timers.o(i.prvGetNextExpireTime)
    prvGetNextExpireTime                     0x0800adfd   Thumb Code    36  timers.o(i.prvGetNextExpireTime)
    i.prvHeapInit                            0x0800ae24   Section        0  heap_4.o(i.prvHeapInit)
    prvHeapInit                              0x0800ae25   Thumb Code    98  heap_4.o(i.prvHeapInit)
    i.prvIdleTask                            0x0800aea0   Section        0  tasks.o(i.prvIdleTask)
    prvIdleTask                              0x0800aea1   Thumb Code    32  tasks.o(i.prvIdleTask)
    i.prvInitialiseNewQueue                  0x0800aec8   Section        0  queue.o(i.prvInitialiseNewQueue)
    prvInitialiseNewQueue                    0x0800aec9   Thumb Code    46  queue.o(i.prvInitialiseNewQueue)
    i.prvInitialiseNewTask                   0x0800aef8   Section        0  tasks.o(i.prvInitialiseNewTask)
    prvInitialiseNewTask                     0x0800aef9   Thumb Code   170  tasks.o(i.prvInitialiseNewTask)
    i.prvInitialiseTaskLists                 0x0800afc8   Section        0  tasks.o(i.prvInitialiseTaskLists)
    prvInitialiseTaskLists                   0x0800afc9   Thumb Code    70  tasks.o(i.prvInitialiseTaskLists)
    i.prvInsertBlockIntoFreeList             0x0800b030   Section        0  heap_4.o(i.prvInsertBlockIntoFreeList)
    prvInsertBlockIntoFreeList               0x0800b031   Thumb Code    96  heap_4.o(i.prvInsertBlockIntoFreeList)
    i.prvInsertTimerInActiveList             0x0800b098   Section        0  timers.o(i.prvInsertTimerInActiveList)
    prvInsertTimerInActiveList               0x0800b099   Thumb Code    80  timers.o(i.prvInsertTimerInActiveList)
    i.prvIsQueueEmpty                        0x0800b0f0   Section        0  queue.o(i.prvIsQueueEmpty)
    prvIsQueueEmpty                          0x0800b0f1   Thumb Code    26  queue.o(i.prvIsQueueEmpty)
    i.prvIsQueueFull                         0x0800b10a   Section        0  queue.o(i.prvIsQueueFull)
    prvIsQueueFull                           0x0800b10b   Thumb Code    30  queue.o(i.prvIsQueueFull)
    i.prvNotifyQueueSetContainer             0x0800b128   Section        0  queue.o(i.prvNotifyQueueSetContainer)
    prvNotifyQueueSetContainer               0x0800b129   Thumb Code   124  queue.o(i.prvNotifyQueueSetContainer)
    i.prvProcessExpiredTimer                 0x0800b1c8   Section        0  timers.o(i.prvProcessExpiredTimer)
    prvProcessExpiredTimer                   0x0800b1c9   Thumb Code    84  timers.o(i.prvProcessExpiredTimer)
    i.prvProcessReceivedCommands             0x0800b248   Section        0  timers.o(i.prvProcessReceivedCommands)
    prvProcessReceivedCommands               0x0800b249   Thumb Code   254  timers.o(i.prvProcessReceivedCommands)
    i.prvProcessTimerOrBlockTask             0x0800b374   Section        0  timers.o(i.prvProcessTimerOrBlockTask)
    prvProcessTimerOrBlockTask               0x0800b375   Thumb Code   102  timers.o(i.prvProcessTimerOrBlockTask)
    i.prvResetNextTaskUnblockTime            0x0800b3e8   Section        0  tasks.o(i.prvResetNextTaskUnblockTime)
    prvResetNextTaskUnblockTime              0x0800b3e9   Thumb Code    42  tasks.o(i.prvResetNextTaskUnblockTime)
    i.prvSampleTimeNow                       0x0800b41c   Section        0  timers.o(i.prvSampleTimeNow)
    prvSampleTimeNow                         0x0800b41d   Thumb Code    40  timers.o(i.prvSampleTimeNow)
    i.prvSwitchTimerLists                    0x0800b448   Section        0  timers.o(i.prvSwitchTimerLists)
    prvSwitchTimerLists                      0x0800b449   Thumb Code   140  timers.o(i.prvSwitchTimerLists)
    i.prvTaskExitError                       0x0800b504   Section        0  port.o(i.prvTaskExitError)
    prvTaskExitError                         0x0800b505   Thumb Code    50  port.o(i.prvTaskExitError)
    i.prvTaskIsTaskSuspended                 0x0800b578   Section        0  tasks.o(i.prvTaskIsTaskSuspended)
    prvTaskIsTaskSuspended                   0x0800b579   Thumb Code    72  tasks.o(i.prvTaskIsTaskSuspended)
    i.prvTimerTask                           0x0800b5ec   Section        0  timers.o(i.prvTimerTask)
    prvTimerTask                             0x0800b5ed   Thumb Code    26  timers.o(i.prvTimerTask)
    i.prvUnlockQueue                         0x0800b606   Section        0  queue.o(i.prvUnlockQueue)
    prvUnlockQueue                           0x0800b607   Thumb Code   146  queue.o(i.prvUnlockQueue)
    i.pvPortMalloc                           0x0800b698   Section        0  heap_4.o(i.pvPortMalloc)
    i.pvTaskIncrementMutexHeldCount          0x0800b7ec   Section        0  tasks.o(i.pvTaskIncrementMutexHeldCount)
    i.pxPortInitialiseStack                  0x0800b80c   Section        0  port.o(i.pxPortInitialiseStack)
    i.start_task1                            0x0800b838   Section        0  main.o(i.start_task1)
    i.start_task2                            0x0800b89c   Section        0  main.o(i.start_task2)
    i.uart_init                              0x0800b8b8   Section        0  usart.o(i.uart_init)
    i.uxListRemove                           0x0800b900   Section        0  list.o(i.uxListRemove)
    i.vListInitialise                        0x0800b928   Section        0  list.o(i.vListInitialise)
    i.vListInitialiseItem                    0x0800b942   Section        0  list.o(i.vListInitialiseItem)
    i.vListInsert                            0x0800b948   Section        0  list.o(i.vListInsert)
    i.vListInsertEnd                         0x0800b97c   Section        0  list.o(i.vListInsertEnd)
    i.vPortEnterCritical                     0x0800b994   Section        0  port.o(i.vPortEnterCritical)
    i.vPortExitCritical                      0x0800ba1c   Section        0  port.o(i.vPortExitCritical)
    i.vPortFree                              0x0800ba8c   Section        0  heap_4.o(i.vPortFree)
    i.vPortSetupTimerInterrupt               0x0800bb44   Section        0  port.o(i.vPortSetupTimerInterrupt)
    i.vPortValidateInterruptPriority         0x0800bb64   Section        0  port.o(i.vPortValidateInterruptPriority)
    i.vQueueAddToRegistry                    0x0800bc04   Section        0  queue.o(i.vQueueAddToRegistry)
    i.vQueueWaitForMessageRestricted         0x0800bc30   Section        0  queue.o(i.vQueueWaitForMessageRestricted)
    i.vTaskDelay                             0x0800bc7c   Section        0  tasks.o(i.vTaskDelay)
    i.vTaskMissedYield                       0x0800bcf0   Section        0  tasks.o(i.vTaskMissedYield)
    i.vTaskPlaceOnEventList                  0x0800bcfc   Section        0  tasks.o(i.vTaskPlaceOnEventList)
    i.vTaskPlaceOnEventListRestricted        0x0800bd50   Section        0  tasks.o(i.vTaskPlaceOnEventListRestricted)
    i.vTaskPriorityInherit                   0x0800bdac   Section        0  tasks.o(i.vTaskPriorityInherit)
    i.vTaskSetTimeOutState                   0x0800be5c   Section        0  tasks.o(i.vTaskSetTimeOutState)
    i.vTaskStartScheduler                    0x0800bea8   Section        0  tasks.o(i.vTaskStartScheduler)
    i.vTaskSuspend                           0x0800bf54   Section        0  tasks.o(i.vTaskSuspend)
    i.vTaskSuspendAll                        0x0800c054   Section        0  tasks.o(i.vTaskSuspendAll)
    i.vTaskSwitchContext                     0x0800c064   Section        0  tasks.o(i.vTaskSwitchContext)
    i.xPortStartScheduler                    0x0800c10c   Section        0  port.o(i.xPortStartScheduler)
    i.xQueueGenericCreate                    0x0800c268   Section        0  queue.o(i.xQueueGenericCreate)
    i.xQueueGenericReceive                   0x0800c2dc   Section        0  queue.o(i.xQueueGenericReceive)
    i.xQueueGenericReset                     0x0800c4a4   Section        0  queue.o(i.xQueueGenericReset)
    i.xQueueGenericSend                      0x0800c554   Section        0  queue.o(i.xQueueGenericSend)
    i.xQueueGenericSendFromISR               0x0800c718   Section        0  queue.o(i.xQueueGenericSendFromISR)
    i.xTaskCheckForTimeOut                   0x0800c828   Section        0  tasks.o(i.xTaskCheckForTimeOut)
    i.xTaskCreate                            0x0800c8c8   Section        0  tasks.o(i.xTaskCreate)
    i.xTaskGetSchedulerState                 0x0800c928   Section        0  tasks.o(i.xTaskGetSchedulerState)
    i.xTaskGetTickCount                      0x0800c948   Section        0  tasks.o(i.xTaskGetTickCount)
    i.xTaskIncrementTick                     0x0800c954   Section        0  tasks.o(i.xTaskIncrementTick)
    i.xTaskPriorityDisinherit                0x0800cab4   Section        0  tasks.o(i.xTaskPriorityDisinherit)
    i.xTaskRemoveFromEventList               0x0800cb8c   Section        0  tasks.o(i.xTaskRemoveFromEventList)
    i.xTaskResumeAll                         0x0800cc40   Section        0  tasks.o(i.xTaskResumeAll)
    i.xTaskResumeFromISR                     0x0800cd60   Section        0  tasks.o(i.xTaskResumeFromISR)
    i.xTimerCreateTimerTask                  0x0800ce2c   Section        0  timers.o(i.xTimerCreateTimerTask)
    i.xTimerGenericCommand                   0x0800cea0   Section        0  timers.o(i.xTimerGenericCommand)
    x$fpl$fpinit                             0x0800cf44   Section       10  fpinit.o(x$fpl$fpinit)
    $v0                                      0x0800cf44   Number         0  fpinit.o(x$fpl$fpinit)
    .constdata                               0x0800cf4e   Section       16  stm32f4xx_hal_rcc.o(.constdata)
    .data                                    0x20000000   Section        8  main.o(.data)
    .data                                    0x20000008   Section       20  system_stm32f4xx.o(.data)
    .data                                    0x2000001c   Section        9  usart.o(.data)
    .data                                    0x20000028   Section        4  iap.o(.data)
    .data                                    0x2000002c   Section       16  tim.o(.data)
    .data                                    0x2000003c   Section        2  w25qxx.o(.data)
    .data                                    0x20000040   Section        4  stm32f4xx_hal.o(.data)
    uwTick                                   0x20000040   Data           4  stm32f4xx_hal.o(.data)
    .data                                    0x20000044   Section       60  tasks.o(.data)
    pxDelayedTaskList                        0x20000048   Data           4  tasks.o(.data)
    pxOverflowDelayedTaskList                0x2000004c   Data           4  tasks.o(.data)
    uxDeletedTasksWaitingCleanUp             0x20000050   Data           4  tasks.o(.data)
    uxCurrentNumberOfTasks                   0x20000054   Data           4  tasks.o(.data)
    xTickCount                               0x20000058   Data           4  tasks.o(.data)
    uxTopReadyPriority                       0x2000005c   Data           4  tasks.o(.data)
    xSchedulerRunning                        0x20000060   Data           4  tasks.o(.data)
    uxPendedTicks                            0x20000064   Data           4  tasks.o(.data)
    xYieldPending                            0x20000068   Data           4  tasks.o(.data)
    xNumOfOverflows                          0x2000006c   Data           4  tasks.o(.data)
    uxTaskNumber                             0x20000070   Data           4  tasks.o(.data)
    xNextTaskUnblockTime                     0x20000074   Data           4  tasks.o(.data)
    xIdleTaskHandle                          0x20000078   Data           4  tasks.o(.data)
    uxSchedulerSuspended                     0x2000007c   Data           4  tasks.o(.data)
    .data                                    0x20000080   Section       20  timers.o(.data)
    pxCurrentTimerList                       0x20000080   Data           4  timers.o(.data)
    pxOverflowTimerList                      0x20000084   Data           4  timers.o(.data)
    xTimerQueue                              0x20000088   Data           4  timers.o(.data)
    xTimerTaskHandle                         0x2000008c   Data           4  timers.o(.data)
    xLastTime                                0x20000090   Data           4  timers.o(.data)
    .data                                    0x20000094   Section       12  port.o(.data)
    uxCriticalNesting                        0x20000094   Data           4  port.o(.data)
    ucMaxSysCallPriority                     0x20000098   Data           1  port.o(.data)
    ulMaxPRIGROUPValue                       0x2000009c   Data           4  port.o(.data)
    .data                                    0x200000a0   Section       24  heap_4.o(.data)
    xStart                                   0x200000a0   Data           8  heap_4.o(.data)
    pxEnd                                    0x200000a8   Data           4  heap_4.o(.data)
    xFreeBytesRemaining                      0x200000ac   Data           4  heap_4.o(.data)
    xMinimumEverFreeBytesRemaining           0x200000b0   Data           4  heap_4.o(.data)
    xBlockAllocatedBit                       0x200000b4   Data           4  heap_4.o(.data)
    .bss                                     0x200000b8   Section      320  usart.o(.bss)
    .bss                                     0x200001f8   Section       52  sdram.o(.bss)
    .bss                                     0x2000022c   Section       88  spi.o(.bss)
    .bss                                     0x20000284   Section      240  tim.o(.bss)
    .bss                                     0x20000374   Section       64  queue.o(.bss)
    .bss                                     0x200003b4   Section      740  tasks.o(.bss)
    pxReadyTasksLists                        0x200003b4   Data         640  tasks.o(.bss)
    xDelayedTaskList1                        0x20000634   Data          20  tasks.o(.bss)
    xDelayedTaskList2                        0x20000648   Data          20  tasks.o(.bss)
    xPendingReadyList                        0x2000065c   Data          20  tasks.o(.bss)
    xTasksWaitingTermination                 0x20000670   Data          20  tasks.o(.bss)
    xSuspendedTaskList                       0x20000684   Data          20  tasks.o(.bss)
    .bss                                     0x20000698   Section       40  timers.o(.bss)
    xActiveTimerList1                        0x20000698   Data          20  timers.o(.bss)
    xActiveTimerList2                        0x200006ac   Data          20  timers.o(.bss)
    .bss                                     0x200006c0   Section    47104  heap_4.o(.bss)
    ucHeap                                   0x200006c0   Data       47104  heap_4.o(.bss)
    .bss                                     0x2000bec0   Section       96  libspace.o(.bss)
    HEAP                                     0x2000bf20   Section      512  startup_stm32f429xx.o(HEAP)
    Heap_Mem                                 0x2000bf20   Data         512  startup_stm32f429xx.o(HEAP)
    STACK                                    0x2000c120   Section     1024  startup_stm32f429xx.o(STACK)
    Stack_Mem                                0x2000c120   Data        1024  startup_stm32f429xx.o(STACK)
    __initial_sp                             0x2000c520   Data           0  startup_stm32f429xx.o(STACK)

    Global Symbols

    Symbol Name                              Value     Ov Type        Size  Object(Section)

    BuildAttributes$$THM_ISAv4$E$P$D$K$B$S$7EM$VFPi3$EXTD16$VFPS$VFMA$PE$A:L22UL41UL21$X:L11$S22US41US21$IEEE1$IW$USESV6$~STKCKD$USESV7$~SHL$OSPACE$ROPI$EBA8$UX$STANDARDLIB$REQ8$PRES8$EABIv2 0x00000000   Number         0  anon$$obj.o ABSOLUTE
    __ARM_use_no_argv                        0x00000000   Number         0  main.o ABSOLUTE
    __ARM_exceptions_init                     - Undefined Weak Reference
    __alloca_initialize                       - Undefined Weak Reference
    __arm_fini_                               - Undefined Weak Reference
    __arm_preinit_                            - Undefined Weak Reference
    __cpp_initialize__aeabi_                  - Undefined Weak Reference
    __cxa_finalize                            - Undefined Weak Reference
    __rt_locale                               - Undefined Weak Reference
    __sigvec_lookup                           - Undefined Weak Reference
    _atexit_init                              - Undefined Weak Reference
    _call_atexit_fns                          - Undefined Weak Reference
    _clock_init                               - Undefined Weak Reference
    _fp_trap_init                             - Undefined Weak Reference
    _fp_trap_shutdown                         - Undefined Weak Reference
    _get_lc_collate                           - Undefined Weak Reference
    _get_lc_ctype                             - Undefined Weak Reference
    _get_lc_monetary                          - Undefined Weak Reference
    _get_lc_numeric                           - Undefined Weak Reference
    _get_lc_time                              - Undefined Weak Reference
    _getenv_init                              - Undefined Weak Reference
    _handle_redirection                       - Undefined Weak Reference
    _init_alloc                               - Undefined Weak Reference
    _init_user_alloc                          - Undefined Weak Reference
    _initio                                   - Undefined Weak Reference
    _mutex_acquire                            - Undefined Weak Reference
    _mutex_release                            - Undefined Weak Reference
    _printf_mbtowc                            - Undefined Weak Reference
    _printf_post_padding                      - Undefined Weak Reference
    _printf_pre_padding                       - Undefined Weak Reference
    _printf_truncate_signed                   - Undefined Weak Reference
    _printf_truncate_unsigned                 - Undefined Weak Reference
    _rand_init                                - Undefined Weak Reference
    _signal_finish                            - Undefined Weak Reference
    _signal_init                              - Undefined Weak Reference
    _terminate_alloc                          - Undefined Weak Reference
    _terminate_user_alloc                     - Undefined Weak Reference
    _terminateio                              - Undefined Weak Reference
    __Vectors_Size                           0x000001ac   Number         0  startup_stm32f429xx.o ABSOLUTE
    __Vectors                                0x08008000   Data           4  startup_stm32f429xx.o(RESET)
    __Vectors_End                            0x080081ac   Data           0  startup_stm32f429xx.o(RESET)
    __main                                   0x080081ad   Thumb Code     8  __main.o(!!!main)
    __scatterload                            0x080081b5   Thumb Code     0  __scatter.o(!!!scatter)
    __scatterload_rt2                        0x080081b5   Thumb Code    44  __scatter.o(!!!scatter)
    __scatterload_rt2_thumb_only             0x080081b5   Thumb Code     0  __scatter.o(!!!scatter)
    __scatterload_null                       0x080081c3   Thumb Code     0  __scatter.o(!!!scatter)
    __scatterload_copy                       0x080081e9   Thumb Code    26  __scatter_copy.o(!!handler_copy)
    __scatterload_zeroinit                   0x08008205   Thumb Code    28  __scatter_zi.o(!!handler_zi)
    _printf_d                                0x08008221   Thumb Code     0  _printf_d.o(.ARM.Collect$$_printf_percent$$00000009)
    _printf_percent                          0x08008221   Thumb Code     0  _printf_percent.o(.ARM.Collect$$_printf_percent$$00000000)
    _printf_s                                0x08008227   Thumb Code     0  _printf_s.o(.ARM.Collect$$_printf_percent$$00000014)
    _printf_percent_end                      0x0800822d   Thumb Code     0  _printf_percent_end.o(.ARM.Collect$$_printf_percent$$00000017)
    __rt_lib_init                            0x08008231   Thumb Code     0  libinit.o(.ARM.Collect$$libinit$$00000000)
    __rt_lib_init_fp_1                       0x08008233   Thumb Code     0  libinit2.o(.ARM.Collect$$libinit$$00000001)
    __rt_lib_init_alloca_1                   0x08008237   Thumb Code     0  libinit2.o(.ARM.Collect$$libinit$$0000002E)
    __rt_lib_init_argv_1                     0x08008237   Thumb Code     0  libinit2.o(.ARM.Collect$$libinit$$0000002C)
    __rt_lib_init_atexit_1                   0x08008237   Thumb Code     0  libinit2.o(.ARM.Collect$$libinit$$0000001B)
    __rt_lib_init_clock_1                    0x08008237   Thumb Code     0  libinit2.o(.ARM.Collect$$libinit$$00000021)
    __rt_lib_init_cpp_1                      0x08008237   Thumb Code     0  libinit2.o(.ARM.Collect$$libinit$$00000032)
    __rt_lib_init_exceptions_1               0x08008237   Thumb Code     0  libinit2.o(.ARM.Collect$$libinit$$00000030)
    __rt_lib_init_fp_trap_1                  0x08008237   Thumb Code     0  libinit2.o(.ARM.Collect$$libinit$$0000001F)
    __rt_lib_init_getenv_1                   0x08008237   Thumb Code     0  libinit2.o(.ARM.Collect$$libinit$$00000023)
    __rt_lib_init_heap_1                     0x08008237   Thumb Code     0  libinit2.o(.ARM.Collect$$libinit$$0000000A)
    __rt_lib_init_lc_collate_1               0x08008237   Thumb Code     0  libinit2.o(.ARM.Collect$$libinit$$00000011)
    __rt_lib_init_lc_ctype_1                 0x08008237   Thumb Code     0  libinit2.o(.ARM.Collect$$libinit$$00000013)
    __rt_lib_init_lc_monetary_1              0x08008237   Thumb Code     0  libinit2.o(.ARM.Collect$$libinit$$00000015)
    __rt_lib_init_lc_numeric_1               0x08008237   Thumb Code     0  libinit2.o(.ARM.Collect$$libinit$$00000017)
    __rt_lib_init_lc_time_1                  0x08008237   Thumb Code     0  libinit2.o(.ARM.Collect$$libinit$$00000019)
    __rt_lib_init_preinit_1                  0x08008237   Thumb Code     0  libinit2.o(.ARM.Collect$$libinit$$00000004)
    __rt_lib_init_rand_1                     0x08008237   Thumb Code     0  libinit2.o(.ARM.Collect$$libinit$$0000000E)
    __rt_lib_init_return                     0x08008237   Thumb Code     0  libinit2.o(.ARM.Collect$$libinit$$00000033)
    __rt_lib_init_signal_1                   0x08008237   Thumb Code     0  libinit2.o(.ARM.Collect$$libinit$$0000001D)
    __rt_lib_init_stdio_1                    0x08008237   Thumb Code     0  libinit2.o(.ARM.Collect$$libinit$$00000025)
    __rt_lib_init_user_alloc_1               0x08008237   Thumb Code     0  libinit2.o(.ARM.Collect$$libinit$$0000000C)
    __rt_lib_shutdown                        0x08008239   Thumb Code     0  libshutdown.o(.ARM.Collect$$libshutdown$$00000000)
    __rt_lib_shutdown_cpp_1                  0x0800823b   Thumb Code     0  libshutdown2.o(.ARM.Collect$$libshutdown$$00000004)
    __rt_lib_shutdown_fini_1                 0x0800823b   Thumb Code     0  libshutdown2.o(.ARM.Collect$$libshutdown$$00000002)
    __rt_lib_shutdown_fp_trap_1              0x0800823b   Thumb Code     0  libshutdown2.o(.ARM.Collect$$libshutdown$$00000009)
    __rt_lib_shutdown_heap_1                 0x0800823b   Thumb Code     0  libshutdown2.o(.ARM.Collect$$libshutdown$$00000011)
    __rt_lib_shutdown_return                 0x0800823b   Thumb Code     0  libshutdown2.o(.ARM.Collect$$libshutdown$$00000012)
    __rt_lib_shutdown_signal_1               0x0800823b   Thumb Code     0  libshutdown2.o(.ARM.Collect$$libshutdown$$0000000C)
    __rt_lib_shutdown_stdio_1                0x0800823b   Thumb Code     0  libshutdown2.o(.ARM.Collect$$libshutdown$$00000006)
    __rt_lib_shutdown_user_alloc_1           0x0800823b   Thumb Code     0  libshutdown2.o(.ARM.Collect$$libshutdown$$0000000E)
    __rt_entry                               0x0800823d   Thumb Code     0  __rtentry.o(.ARM.Collect$$rtentry$$00000000)
    __rt_entry_presh_1                       0x0800823d   Thumb Code     0  __rtentry2.o(.ARM.Collect$$rtentry$$00000002)
    __rt_entry_sh                            0x0800823d   Thumb Code     0  __rtentry4.o(.ARM.Collect$$rtentry$$00000004)
    __rt_entry_li                            0x08008243   Thumb Code     0  __rtentry2.o(.ARM.Collect$$rtentry$$0000000A)
    __rt_entry_postsh_1                      0x08008243   Thumb Code     0  __rtentry2.o(.ARM.Collect$$rtentry$$00000009)
    __rt_entry_main                          0x08008247   Thumb Code     0  __rtentry2.o(.ARM.Collect$$rtentry$$0000000D)
    __rt_entry_postli_1                      0x08008247   Thumb Code     0  __rtentry2.o(.ARM.Collect$$rtentry$$0000000C)
    __rt_exit                                0x0800824f   Thumb Code     0  rtexit.o(.ARM.Collect$$rtexit$$00000000)
    __rt_exit_ls                             0x08008251   Thumb Code     0  rtexit2.o(.ARM.Collect$$rtexit$$00000003)
    __rt_exit_prels_1                        0x08008251   Thumb Code     0  rtexit2.o(.ARM.Collect$$rtexit$$00000002)
    __rt_exit_exit                           0x08008255   Thumb Code     0  rtexit2.o(.ARM.Collect$$rtexit$$00000004)
    WFI_SET                                  0x0800825d   Thumb Code     2  sys.o(.emb_text)
    INTX_DISABLE                             0x0800825f   Thumb Code     4  sys.o(.emb_text)
    INTX_ENABLE                              0x08008263   Thumb Code     4  sys.o(.emb_text)
    MSR_MSP                                  0x08008267   Thumb Code     6  sys.o(.emb_text)
    SVC_Handler                              0x0800826d   Thumb Code    28  port.o(.emb_text)
    __asm___6_port_c_39a90d8d__prvStartFirstTask 0x0800828d   Thumb Code    28  port.o(.emb_text)
    __asm___6_port_c_39a90d8d__prvEnableVFP  0x080082ad   Thumb Code    16  port.o(.emb_text)
    PendSV_Handler                           0x080082c1   Thumb Code    88  port.o(.emb_text)
    vPortGetIPSR                             0x0800831d   Thumb Code     6  port.o(.emb_text)
    Reset_Handler                            0x08008325   Thumb Code     8  startup_stm32f429xx.o(.text)
    ADC_IRQHandler                           0x0800833f   Thumb Code     0  startup_stm32f429xx.o(.text)
    CAN1_RX0_IRQHandler                      0x0800833f   Thumb Code     0  startup_stm32f429xx.o(.text)
    CAN1_RX1_IRQHandler                      0x0800833f   Thumb Code     0  startup_stm32f429xx.o(.text)
    CAN1_SCE_IRQHandler                      0x0800833f   Thumb Code     0  startup_stm32f429xx.o(.text)
    CAN1_TX_IRQHandler                       0x0800833f   Thumb Code     0  startup_stm32f429xx.o(.text)
    CAN2_RX0_IRQHandler                      0x0800833f   Thumb Code     0  startup_stm32f429xx.o(.text)
    CAN2_RX1_IRQHandler                      0x0800833f   Thumb Code     0  startup_stm32f429xx.o(.text)
    CAN2_SCE_IRQHandler                      0x0800833f   Thumb Code     0  startup_stm32f429xx.o(.text)
    CAN2_TX_IRQHandler                       0x0800833f   Thumb Code     0  startup_stm32f429xx.o(.text)
    DCMI_IRQHandler                          0x0800833f   Thumb Code     0  startup_stm32f429xx.o(.text)
    DMA1_Stream0_IRQHandler                  0x0800833f   Thumb Code     0  startup_stm32f429xx.o(.text)
    DMA1_Stream1_IRQHandler                  0x0800833f   Thumb Code     0  startup_stm32f429xx.o(.text)
    DMA1_Stream2_IRQHandler                  0x0800833f   Thumb Code     0  startup_stm32f429xx.o(.text)
    DMA1_Stream3_IRQHandler                  0x0800833f   Thumb Code     0  startup_stm32f429xx.o(.text)
    DMA1_Stream4_IRQHandler                  0x0800833f   Thumb Code     0  startup_stm32f429xx.o(.text)
    DMA1_Stream5_IRQHandler                  0x0800833f   Thumb Code     0  startup_stm32f429xx.o(.text)
    DMA1_Stream6_IRQHandler                  0x0800833f   Thumb Code     0  startup_stm32f429xx.o(.text)
    DMA1_Stream7_IRQHandler                  0x0800833f   Thumb Code     0  startup_stm32f429xx.o(.text)
    DMA2D_IRQHandler                         0x0800833f   Thumb Code     0  startup_stm32f429xx.o(.text)
    DMA2_Stream0_IRQHandler                  0x0800833f   Thumb Code     0  startup_stm32f429xx.o(.text)
    DMA2_Stream1_IRQHandler                  0x0800833f   Thumb Code     0  startup_stm32f429xx.o(.text)
    DMA2_Stream2_IRQHandler                  0x0800833f   Thumb Code     0  startup_stm32f429xx.o(.text)
    DMA2_Stream3_IRQHandler                  0x0800833f   Thumb Code     0  startup_stm32f429xx.o(.text)
    DMA2_Stream4_IRQHandler                  0x0800833f   Thumb Code     0  startup_stm32f429xx.o(.text)
    DMA2_Stream5_IRQHandler                  0x0800833f   Thumb Code     0  startup_stm32f429xx.o(.text)
    DMA2_Stream6_IRQHandler                  0x0800833f   Thumb Code     0  startup_stm32f429xx.o(.text)
    DMA2_Stream7_IRQHandler                  0x0800833f   Thumb Code     0  startup_stm32f429xx.o(.text)
    ETH_IRQHandler                           0x0800833f   Thumb Code     0  startup_stm32f429xx.o(.text)
    ETH_WKUP_IRQHandler                      0x0800833f   Thumb Code     0  startup_stm32f429xx.o(.text)
    EXTI15_10_IRQHandler                     0x0800833f   Thumb Code     0  startup_stm32f429xx.o(.text)
    EXTI1_IRQHandler                         0x0800833f   Thumb Code     0  startup_stm32f429xx.o(.text)
    EXTI2_IRQHandler                         0x0800833f   Thumb Code     0  startup_stm32f429xx.o(.text)
    EXTI3_IRQHandler                         0x0800833f   Thumb Code     0  startup_stm32f429xx.o(.text)
    EXTI4_IRQHandler                         0x0800833f   Thumb Code     0  startup_stm32f429xx.o(.text)
    EXTI9_5_IRQHandler                       0x0800833f   Thumb Code     0  startup_stm32f429xx.o(.text)
    FLASH_IRQHandler                         0x0800833f   Thumb Code     0  startup_stm32f429xx.o(.text)
    FMC_IRQHandler                           0x0800833f   Thumb Code     0  startup_stm32f429xx.o(.text)
    FPU_IRQHandler                           0x0800833f   Thumb Code     0  startup_stm32f429xx.o(.text)
    HASH_RNG_IRQHandler                      0x0800833f   Thumb Code     0  startup_stm32f429xx.o(.text)
    I2C1_ER_IRQHandler                       0x0800833f   Thumb Code     0  startup_stm32f429xx.o(.text)
    I2C1_EV_IRQHandler                       0x0800833f   Thumb Code     0  startup_stm32f429xx.o(.text)
    I2C2_ER_IRQHandler                       0x0800833f   Thumb Code     0  startup_stm32f429xx.o(.text)
    I2C2_EV_IRQHandler                       0x0800833f   Thumb Code     0  startup_stm32f429xx.o(.text)
    I2C3_ER_IRQHandler                       0x0800833f   Thumb Code     0  startup_stm32f429xx.o(.text)
    I2C3_EV_IRQHandler                       0x0800833f   Thumb Code     0  startup_stm32f429xx.o(.text)
    LTDC_ER_IRQHandler                       0x0800833f   Thumb Code     0  startup_stm32f429xx.o(.text)
    LTDC_IRQHandler                          0x0800833f   Thumb Code     0  startup_stm32f429xx.o(.text)
    OTG_FS_IRQHandler                        0x0800833f   Thumb Code     0  startup_stm32f429xx.o(.text)
    OTG_FS_WKUP_IRQHandler                   0x0800833f   Thumb Code     0  startup_stm32f429xx.o(.text)
    OTG_HS_EP1_IN_IRQHandler                 0x0800833f   Thumb Code     0  startup_stm32f429xx.o(.text)
    OTG_HS_EP1_OUT_IRQHandler                0x0800833f   Thumb Code     0  startup_stm32f429xx.o(.text)
    OTG_HS_IRQHandler                        0x0800833f   Thumb Code     0  startup_stm32f429xx.o(.text)
    OTG_HS_WKUP_IRQHandler                   0x0800833f   Thumb Code     0  startup_stm32f429xx.o(.text)
    PVD_IRQHandler                           0x0800833f   Thumb Code     0  startup_stm32f429xx.o(.text)
    RCC_IRQHandler                           0x0800833f   Thumb Code     0  startup_stm32f429xx.o(.text)
    RTC_Alarm_IRQHandler                     0x0800833f   Thumb Code     0  startup_stm32f429xx.o(.text)
    RTC_WKUP_IRQHandler                      0x0800833f   Thumb Code     0  startup_stm32f429xx.o(.text)
    SAI1_IRQHandler                          0x0800833f   Thumb Code     0  startup_stm32f429xx.o(.text)
    SDIO_IRQHandler                          0x0800833f   Thumb Code     0  startup_stm32f429xx.o(.text)
    SPI1_IRQHandler                          0x0800833f   Thumb Code     0  startup_stm32f429xx.o(.text)
    SPI2_IRQHandler                          0x0800833f   Thumb Code     0  startup_stm32f429xx.o(.text)
    SPI3_IRQHandler                          0x0800833f   Thumb Code     0  startup_stm32f429xx.o(.text)
    SPI4_IRQHandler                          0x0800833f   Thumb Code     0  startup_stm32f429xx.o(.text)
    SPI5_IRQHandler                          0x0800833f   Thumb Code     0  startup_stm32f429xx.o(.text)
    SPI6_IRQHandler                          0x0800833f   Thumb Code     0  startup_stm32f429xx.o(.text)
    TAMP_STAMP_IRQHandler                    0x0800833f   Thumb Code     0  startup_stm32f429xx.o(.text)
    TIM1_BRK_TIM9_IRQHandler                 0x0800833f   Thumb Code     0  startup_stm32f429xx.o(.text)
    TIM1_CC_IRQHandler                       0x0800833f   Thumb Code     0  startup_stm32f429xx.o(.text)
    TIM1_TRG_COM_TIM11_IRQHandler            0x0800833f   Thumb Code     0  startup_stm32f429xx.o(.text)
    TIM1_UP_TIM10_IRQHandler                 0x0800833f   Thumb Code     0  startup_stm32f429xx.o(.text)
    TIM2_IRQHandler                          0x0800833f   Thumb Code     0  startup_stm32f429xx.o(.text)
    TIM5_IRQHandler                          0x0800833f   Thumb Code     0  startup_stm32f429xx.o(.text)
    TIM8_BRK_TIM12_IRQHandler                0x0800833f   Thumb Code     0  startup_stm32f429xx.o(.text)
    TIM8_CC_IRQHandler                       0x0800833f   Thumb Code     0  startup_stm32f429xx.o(.text)
    TIM8_TRG_COM_TIM14_IRQHandler            0x0800833f   Thumb Code     0  startup_stm32f429xx.o(.text)
    TIM8_UP_TIM13_IRQHandler                 0x0800833f   Thumb Code     0  startup_stm32f429xx.o(.text)
    UART4_IRQHandler                         0x0800833f   Thumb Code     0  startup_stm32f429xx.o(.text)
    UART5_IRQHandler                         0x0800833f   Thumb Code     0  startup_stm32f429xx.o(.text)
    UART7_IRQHandler                         0x0800833f   Thumb Code     0  startup_stm32f429xx.o(.text)
    UART8_IRQHandler                         0x0800833f   Thumb Code     0  startup_stm32f429xx.o(.text)
    USART1_IRQHandler                        0x0800833f   Thumb Code     0  startup_stm32f429xx.o(.text)
    USART2_IRQHandler                        0x0800833f   Thumb Code     0  startup_stm32f429xx.o(.text)
    USART6_IRQHandler                        0x0800833f   Thumb Code     0  startup_stm32f429xx.o(.text)
    WWDG_IRQHandler                          0x0800833f   Thumb Code     0  startup_stm32f429xx.o(.text)
    __user_initial_stackheap                 0x08008341   Thumb Code     0  startup_stm32f429xx.o(.text)
    __use_no_semihosting                     0x08008365   Thumb Code     2  use_no_semi_2.o(.text)
    __2printf                                0x08008369   Thumb Code    20  noretval__2printf.o(.text)
    __printf                                 0x08008381   Thumb Code   104  __printf.o(.text)
    _printf_str                              0x080083e9   Thumb Code    82  _printf_str.o(.text)
    _printf_int_dec                          0x0800843d   Thumb Code   104  _printf_dec.o(.text)
    memcmp                                   0x080084b5   Thumb Code    88  memcmp.o(.text)
    __aeabi_memcpy                           0x0800850d   Thumb Code     0  rt_memcpy_v6.o(.text)
    __rt_memcpy                              0x0800850d   Thumb Code   138  rt_memcpy_v6.o(.text)
    _memcpy_lastbytes                        0x08008573   Thumb Code     0  rt_memcpy_v6.o(.text)
    __aeabi_memcpy4                          0x08008597   Thumb Code     0  rt_memcpy_w.o(.text)
    __aeabi_memcpy8                          0x08008597   Thumb Code     0  rt_memcpy_w.o(.text)
    __rt_memcpy_w                            0x08008597   Thumb Code   100  rt_memcpy_w.o(.text)
    _memcpy_lastbytes_aligned                0x080085df   Thumb Code     0  rt_memcpy_w.o(.text)
    __aeabi_memset                           0x080085fb   Thumb Code    16  aeabi_memset.o(.text)
    __aeabi_memclr                           0x0800860b   Thumb Code     0  rt_memclr.o(.text)
    __rt_memclr                              0x0800860b   Thumb Code    68  rt_memclr.o(.text)
    _memset                                  0x0800860f   Thumb Code     0  rt_memclr.o(.text)
    __aeabi_memclr4                          0x0800864f   Thumb Code     0  rt_memclr_w.o(.text)
    __aeabi_memclr8                          0x0800864f   Thumb Code     0  rt_memclr_w.o(.text)
    __rt_memclr_w                            0x0800864f   Thumb Code    78  rt_memclr_w.o(.text)
    _memset_w                                0x08008653   Thumb Code     0  rt_memclr_w.o(.text)
    __use_two_region_memory                  0x0800869d   Thumb Code     2  heapauxi.o(.text)
    __rt_heap_escrow$2region                 0x0800869f   Thumb Code     2  heapauxi.o(.text)
    __rt_heap_expand$2region                 0x080086a1   Thumb Code     2  heapauxi.o(.text)
    __I$use$semihosting                      0x080086a3   Thumb Code     0  use_no_semi.o(.text)
    __use_no_semihosting_swi                 0x080086a3   Thumb Code     2  use_no_semi.o(.text)
    _printf_int_common                       0x080086a5   Thumb Code   178  _printf_intcommon.o(.text)
    _printf_char_common                      0x08008763   Thumb Code    32  _printf_char_common.o(.text)
    _printf_cs_common                        0x08008789   Thumb Code    20  _printf_char.o(.text)
    _printf_char                             0x0800879d   Thumb Code    16  _printf_char.o(.text)
    _printf_string                           0x080087ad   Thumb Code     8  _printf_char.o(.text)
    _printf_char_file                        0x080087b5   Thumb Code    32  _printf_char_file.o(.text)
    ferror                                   0x080087d9   Thumb Code     8  ferror.o(.text)
    __user_setup_stackheap                   0x080087e1   Thumb Code    74  sys_stackheap_outer.o(.text)
    exit                                     0x0800882b   Thumb Code    18  exit.o(.text)
    __user_libspace                          0x0800883d   Thumb Code     8  libspace.o(.text)
    __user_perproc_libspace                  0x0800883d   Thumb Code     0  libspace.o(.text)
    __user_perthread_libspace                0x0800883d   Thumb Code     0  libspace.o(.text)
    BusFault_Handler                         0x08008845   Thumb Code     4  stm32f4xx_it.o(i.BusFault_Handler)
    DebugMon_Handler                         0x08008849   Thumb Code     2  stm32f4xx_it.o(i.DebugMon_Handler)
    EXTI0_IRQHandler                         0x0800884d   Thumb Code    22  key.o(i.EXTI0_IRQHandler)
    FMC_SDRAM_Init                           0x08008875   Thumb Code   116  stm32f4xx_ll_fmc.o(i.FMC_SDRAM_Init)
    FMC_SDRAM_ProgramRefreshRate             0x080088e9   Thumb Code    14  stm32f4xx_ll_fmc.o(i.FMC_SDRAM_ProgramRefreshRate)
    FMC_SDRAM_SendCommand                    0x080088f7   Thumb Code    82  stm32f4xx_ll_fmc.o(i.FMC_SDRAM_SendCommand)
    FMC_SDRAM_Timing_Init                    0x08008949   Thumb Code   152  stm32f4xx_ll_fmc.o(i.FMC_SDRAM_Timing_Init)
    HAL_GPIO_Init                            0x080089e1   Thumb Code   486  stm32f4xx_hal_gpio.o(i.HAL_GPIO_Init)
    HAL_GPIO_WritePin                        0x08008bfd   Thumb Code    12  stm32f4xx_hal_gpio.o(i.HAL_GPIO_WritePin)
    HAL_GetTick                              0x08008c09   Thumb Code     6  stm32f4xx_hal.o(i.HAL_GetTick)
    HAL_Init                                 0x08008c15   Thumb Code    54  stm32f4xx_hal.o(i.HAL_Init)
    HAL_InitTick                             0x08008c51   Thumb Code    36  stm32f4xx_hal.o(i.HAL_InitTick)
    HAL_MspInit                              0x08008c75   Thumb Code     2  stm32f4xx_hal_msp_template.o(i.HAL_MspInit)
    HAL_NVIC_EnableIRQ                       0x08008c77   Thumb Code    26  stm32f4xx_hal_cortex.o(i.HAL_NVIC_EnableIRQ)
    HAL_NVIC_SetPriority                     0x08008c91   Thumb Code   124  stm32f4xx_hal_cortex.o(i.HAL_NVIC_SetPriority)
    HAL_NVIC_SetPriorityGrouping             0x08008d0d   Thumb Code    32  stm32f4xx_hal_cortex.o(i.HAL_NVIC_SetPriorityGrouping)
    HAL_PWREx_EnableOverDrive                0x08008d35   Thumb Code   152  stm32f4xx_hal_pwr_ex.o(i.HAL_PWREx_EnableOverDrive)
    HAL_RCC_ClockConfig                      0x08008dd9   Thumb Code   680  stm32f4xx_hal_rcc.o(i.HAL_RCC_ClockConfig)
    HAL_RCC_GetHCLKFreq                      0x08009089   Thumb Code    42  stm32f4xx_hal_rcc.o(i.HAL_RCC_GetHCLKFreq)
    HAL_RCC_GetPCLK1Freq                     0x080090c1   Thumb Code    36  stm32f4xx_hal_rcc.o(i.HAL_RCC_GetPCLK1Freq)
    HAL_RCC_GetPCLK2Freq                     0x080090ed   Thumb Code    36  stm32f4xx_hal_rcc.o(i.HAL_RCC_GetPCLK2Freq)
    HAL_RCC_GetSysClockFreq                  0x08009119   Thumb Code   168  stm32f4xx_hal_rcc.o(i.HAL_RCC_GetSysClockFreq)
    HAL_RCC_OscConfig                        0x080091cd   Thumb Code  1032  stm32f4xx_hal_rcc.o(i.HAL_RCC_OscConfig)
    HAL_SDRAM_Init                           0x080095d5   Thumb Code    64  stm32f4xx_hal_sdram.o(i.HAL_SDRAM_Init)
    HAL_SDRAM_MspInit                        0x08009615   Thumb Code   282  sdram.o(i.HAL_SDRAM_MspInit)
    HAL_SDRAM_ProgramRefreshRate             0x08009749   Thumb Code    40  stm32f4xx_hal_sdram.o(i.HAL_SDRAM_ProgramRefreshRate)
    HAL_SDRAM_SendCommand                    0x08009771   Thumb Code    58  stm32f4xx_hal_sdram.o(i.HAL_SDRAM_SendCommand)
    HAL_SPI_Init                             0x080097ab   Thumb Code   136  stm32f4xx_hal_spi.o(i.HAL_SPI_Init)
    HAL_SPI_MspInit                          0x08009835   Thumb Code   108  spi.o(i.HAL_SPI_MspInit)
    HAL_SYSTICK_Config                       0x080098a9   Thumb Code    52  stm32f4xx_hal_cortex.o(i.HAL_SYSTICK_Config)
    HAL_TIM_Base_Init                        0x080098dd   Thumb Code    52  stm32f4xx_hal_tim.o(i.HAL_TIM_Base_Init)
    HAL_TIM_Base_MspInit                     0x08009911   Thumb Code   230  tim.o(i.HAL_TIM_Base_MspInit)
    HAL_TIM_Base_Start_IT                    0x08009a0d   Thumb Code    30  stm32f4xx_hal_tim.o(i.HAL_TIM_Base_Start_IT)
    HAL_UART_Init                            0x08009a2b   Thumb Code   110  stm32f4xx_hal_uart.o(i.HAL_UART_Init)
    HAL_UART_MspInit                         0x08009a99   Thumb Code   144  usart.o(i.HAL_UART_MspInit)
    HAL_UART_Receive_IT                      0x08009b35   Thumb Code   134  stm32f4xx_hal_uart.o(i.HAL_UART_Receive_IT)
    HardFault_Handler                        0x08009bbb   Thumb Code     4  stm32f4xx_it.o(i.HardFault_Handler)
    IIC_Send_Byte                            0x08009bc1   Thumb Code    90  i2c.o(i.IIC_Send_Byte)
    IIC_Start                                0x08009c29   Thumb Code    64  i2c.o(i.IIC_Start)
    IIC_Stop                                 0x08009c75   Thumb Code    64  i2c.o(i.IIC_Stop)
    IIC_Wait_Ack                             0x08009cc1   Thumb Code    92  i2c.o(i.IIC_Wait_Ack)
    IIC_WriteData                            0x08009d29   Thumb Code    70  i2c.o(i.IIC_WriteData)
    Key_init                                 0x08009d71   Thumb Code    62  key.o(i.Key_init)
    LED_Init                                 0x08009db9   Thumb Code    74  led.o(i.LED_Init)
    MemManage_Handler                        0x08009e0d   Thumb Code     4  stm32f4xx_it.o(i.MemManage_Handler)
    NMI_Handler                              0x08009e11   Thumb Code     2  stm32f4xx_it.o(i.NMI_Handler)
    SDRAM_Init                               0x08009e4d   Thumb Code   106  sdram.o(i.SDRAM_Init)
    SDRAM_Initialization_Sequence            0x08009ec1   Thumb Code    68  sdram.o(i.SDRAM_Initialization_Sequence)
    SDRAM_Send_Cmd                           0x08009f05   Thumb Code    68  sdram.o(i.SDRAM_Send_Cmd)
    SPI5_Init                                0x08009f4d   Thumb Code    78  spi.o(i.SPI5_Init)
    SPI5_ReadWriteByte                       0x08009fa5   Thumb Code    88  spi.o(i.SPI5_ReadWriteByte)
    SPI5_SetSpeed                            0x0800a009   Thumb Code    66  spi.o(i.SPI5_SetSpeed)
    Stm32_Clock_Init                         0x0800a051   Thumb Code   176  sys.o(i.Stm32_Clock_Init)
    SysTick_Handler                          0x0800a109   Thumb Code    46  port.o(i.SysTick_Handler)
    SystemInit                               0x0800a13d   Thumb Code    82  system_stm32f4xx.o(i.SystemInit)
    TIM3_IRQHandler                          0x0800a1a1   Thumb Code    42  tim.o(i.TIM3_IRQHandler)
    TIM4_IRQHandler                          0x0800a1d9   Thumb Code    34  tim.o(i.TIM4_IRQHandler)
    TIM6_DAC_IRQHandler                      0x0800a205   Thumb Code    28  tim.o(i.TIM6_DAC_IRQHandler)
    TIM6_Init                                0x0800a229   Thumb Code    46  tim.o(i.TIM6_Init)
    TIM7_IRQHandler                          0x0800a265   Thumb Code    28  tim.o(i.TIM7_IRQHandler)
    TIM_Base_SetConfig                       0x0800a289   Thumb Code   184  stm32f4xx_hal_tim.o(i.TIM_Base_SetConfig)
    USART3_IRQHandler                        0x0800a591   Thumb Code    84  usart.o(i.USART3_IRQHandler)
    UsageFault_Handler                       0x0800a5f9   Thumb Code     4  stm32f4xx_it.o(i.UsageFault_Handler)
    W25QXX_Init                              0x0800a5fd   Thumb Code   132  w25qxx.o(i.W25QXX_Init)
    W25QXX_ReadID                            0x0800a695   Thumb Code    64  w25qxx.o(i.W25QXX_ReadID)
    W25QXX_ReadSR                            0x0800a6dd   Thumb Code    72  w25qxx.o(i.W25QXX_ReadSR)
    _sys_exit                                0x0800a72d   Thumb Code     4  usart.o(i._sys_exit)
    cmd_proc                                 0x0800a731   Thumb Code   312  cmd.o(i.cmd_proc)
    delay_init                               0x0800a985   Thumb Code    52  delay.o(i.delay_init)
    delay_us                                 0x0800a9c1   Thumb Code    42  delay.o(i.delay_us)
    fputc                                    0x0800a9f5   Thumb Code    24  usart.o(i.fputc)
    iap_load_app                             0x0800aa11   Thumb Code    36  iap.o(i.iap_load_app)
    main                                     0x0800aa3d   Thumb Code   144  main.o(i.main)
    pvPortMalloc                             0x0800b699   Thumb Code   262  heap_4.o(i.pvPortMalloc)
    pvTaskIncrementMutexHeldCount            0x0800b7ed   Thumb Code    26  tasks.o(i.pvTaskIncrementMutexHeldCount)
    pxPortInitialiseStack                    0x0800b80d   Thumb Code    38  port.o(i.pxPortInitialiseStack)
    start_task1                              0x0800b839   Thumb Code    66  main.o(i.start_task1)
    start_task2                              0x0800b89d   Thumb Code    24  main.o(i.start_task2)
    uart_init                                0x0800b8b9   Thumb Code    60  usart.o(i.uart_init)
    uxListRemove                             0x0800b901   Thumb Code    40  list.o(i.uxListRemove)
    vListInitialise                          0x0800b929   Thumb Code    26  list.o(i.vListInitialise)
    vListInitialiseItem                      0x0800b943   Thumb Code     6  list.o(i.vListInitialiseItem)
    vListInsert                              0x0800b949   Thumb Code    52  list.o(i.vListInsert)
    vListInsertEnd                           0x0800b97d   Thumb Code    24  list.o(i.vListInsertEnd)
    vPortEnterCritical                       0x0800b995   Thumb Code    68  port.o(i.vPortEnterCritical)
    vPortExitCritical                        0x0800ba1d   Thumb Code    48  port.o(i.vPortExitCritical)
    vPortFree                                0x0800ba8d   Thumb Code   120  heap_4.o(i.vPortFree)
    vPortSetupTimerInterrupt                 0x0800bb45   Thumb Code    26  port.o(i.vPortSetupTimerInterrupt)
    vPortValidateInterruptPriority           0x0800bb65   Thumb Code    86  port.o(i.vPortValidateInterruptPriority)
    vQueueAddToRegistry                      0x0800bc05   Thumb Code    38  queue.o(i.vQueueAddToRegistry)
    vQueueWaitForMessageRestricted           0x0800bc31   Thumb Code    74  queue.o(i.vQueueWaitForMessageRestricted)
    vTaskDelay                               0x0800bc7d   Thumb Code    72  tasks.o(i.vTaskDelay)
    vTaskMissedYield                         0x0800bcf1   Thumb Code     8  tasks.o(i.vTaskMissedYield)
    vTaskPlaceOnEventList                    0x0800bcfd   Thumb Code    42  tasks.o(i.vTaskPlaceOnEventList)
    vTaskPlaceOnEventListRestricted          0x0800bd51   Thumb Code    50  tasks.o(i.vTaskPlaceOnEventListRestricted)
    vTaskPriorityInherit                     0x0800bdad   Thumb Code   164  tasks.o(i.vTaskPriorityInherit)
    vTaskSetTimeOutState                     0x0800be5d   Thumb Code    32  tasks.o(i.vTaskSetTimeOutState)
    vTaskStartScheduler                      0x0800bea9   Thumb Code   108  tasks.o(i.vTaskStartScheduler)
    vTaskSuspend                             0x0800bf55   Thumb Code   186  tasks.o(i.vTaskSuspend)
    vTaskSuspendAll                          0x0800c055   Thumb Code    12  tasks.o(i.vTaskSuspendAll)
    vTaskSwitchContext                       0x0800c065   Thumb Code   110  tasks.o(i.vTaskSwitchContext)
    xPortStartScheduler                      0x0800c10d   Thumb Code   258  port.o(i.xPortStartScheduler)
    xQueueGenericCreate                      0x0800c269   Thumb Code    78  queue.o(i.xQueueGenericCreate)
    xQueueGenericReceive                     0x0800c2dd   Thumb Code   416  queue.o(i.xQueueGenericReceive)
    xQueueGenericReset                       0x0800c4a5   Thumb Code   136  queue.o(i.xQueueGenericReset)
    xQueueGenericSend                        0x0800c555   Thumb Code   412  queue.o(i.xQueueGenericSend)
    xQueueGenericSendFromISR                 0x0800c719   Thumb Code   234  queue.o(i.xQueueGenericSendFromISR)
    xTaskCheckForTimeOut                     0x0800c829   Thumb Code   116  tasks.o(i.xTaskCheckForTimeOut)
    xTaskCreate                              0x0800c8c9   Thumb Code    96  tasks.o(i.xTaskCreate)
    xTaskGetSchedulerState                   0x0800c929   Thumb Code    24  tasks.o(i.xTaskGetSchedulerState)
    xTaskGetTickCount                        0x0800c949   Thumb Code     6  tasks.o(i.xTaskGetTickCount)
    xTaskIncrementTick                       0x0800c955   Thumb Code   272  tasks.o(i.xTaskIncrementTick)
    xTaskPriorityDisinherit                  0x0800cab5   Thumb Code   168  tasks.o(i.xTaskPriorityDisinherit)
    xTaskRemoveFromEventList                 0x0800cb8d   Thumb Code   118  tasks.o(i.xTaskRemoveFromEventList)
    xTaskResumeAll                           0x0800cc41   Thumb Code   214  tasks.o(i.xTaskResumeAll)
    xTaskResumeFromISR                       0x0800cd61   Thumb Code   148  tasks.o(i.xTaskResumeFromISR)
    xTimerCreateTimerTask                    0x0800ce2d   Thumb Code    56  timers.o(i.xTimerCreateTimerTask)
    xTimerGenericCommand                     0x0800cea1   Thumb Code   118  timers.o(i.xTimerGenericCommand)
    _fp_init                                 0x0800cf45   Thumb Code    10  fpinit.o(x$fpl$fpinit)
    __fplib_config_fpu_vfp                   0x0800cf4d   Thumb Code     0  fpinit.o(x$fpl$fpinit)
    __fplib_config_pureend_doubles           0x0800cf4d   Thumb Code     0  fpinit.o(x$fpl$fpinit)
    APBAHBPrescTable                         0x0800cf4e   Data          16  stm32f4xx_hal_rcc.o(.constdata)
    Region$$Table$$Base                      0x0800cf60   Number         0  anon$$obj.o(Region$$Table)
    Region$$Table$$Limit                     0x0800cf80   Number         0  anon$$obj.o(Region$$Table)
    StartTask_Handler1                       0x20000000   Data           4  main.o(.data)
    StartTask_Handler2                       0x20000004   Data           4  main.o(.data)
    SystemCoreClock                          0x20000008   Data           4  system_stm32f4xx.o(.data)
    AHBPrescTable                            0x2000000c   Data          16  system_stm32f4xx.o(.data)
    __stdout                                 0x2000001c   Data           4  usart.o(.data)
    USART_RX_LEN                             0x20000020   Data           2  usart.o(.data)
    USART_RX_STA                             0x20000022   Data           2  usart.o(.data)
    aRxBuffer                                0x20000024   Data           1  usart.o(.data)
    app_addr                                 0x20000028   Data           4  iap.o(.data)
    TIM3_IT_STATUS                           0x2000002c   Data           4  tim.o(.data)
    TIM4_interrupt_cnt                       0x20000030   Data           4  tim.o(.data)
    TIM6_interrupt_cnt                       0x20000034   Data           4  tim.o(.data)
    TIM7_interrupt_cnt                       0x20000038   Data           4  tim.o(.data)
    W25QXX_TYPE                              0x2000003c   Data           2  w25qxx.o(.data)
    pxCurrentTCB                             0x20000044   Data           4  tasks.o(.data)
    USART_RX_BUF                             0x200000b8   Data         256  usart.o(.bss)
    UART_Handler                             0x200001b8   Data          64  usart.o(.bss)
    SDRAM_Handler                            0x200001f8   Data          52  sdram.o(.bss)
    SPI5_Handler                             0x2000022c   Data          88  spi.o(.bss)
    TIM3_Handler                             0x20000284   Data          60  tim.o(.bss)
    TIM4_Handler                             0x200002c0   Data          60  tim.o(.bss)
    TIM6_Handler                             0x200002fc   Data          60  tim.o(.bss)
    TIM7_Handler                             0x20000338   Data          60  tim.o(.bss)
    xQueueRegistry                           0x20000374   Data          64  queue.o(.bss)
    __libspace_start                         0x2000bec0   Data          96  libspace.o(.bss)
    __temporary_stack_top$libspace           0x2000bf20   Data           0  libspace.o(.bss)



==============================================================================

Memory Map of the image

  Image Entry point : 0x080081ad

  Load Region LR_IROM1 (Base: 0x08008000, Size: 0x00005038, Max: 0x00ff8000, ABSOLUTE)

    Execution Region ER_IROM1 (Exec base: 0x08008000, Load base: 0x08008000, Size: 0x00004f80, Max: 0x00ff8000, ABSOLUTE)

    Exec Addr    Load Addr    Size         Type   Attr      Idx    E Section Name        Object

    0x08008000   0x08008000   0x000001ac   Data   RO         1165    RESET               startup_stm32f429xx.o
    0x080081ac   0x080081ac   0x00000008   Code   RO        10403  * !!!main             c_w.l(__main.o)
    0x080081b4   0x080081b4   0x00000034   Code   RO        10587    !!!scatter          c_w.l(__scatter.o)
    0x080081e8   0x080081e8   0x0000001a   Code   RO        10589    !!handler_copy      c_w.l(__scatter_copy.o)
    0x08008202   0x08008202   0x00000002   PAD
    0x08008204   0x08008204   0x0000001c   Code   RO        10591    !!handler_zi        c_w.l(__scatter_zi.o)
    0x08008220   0x08008220   0x00000000   Code   RO        10384    .ARM.Collect$$_printf_percent$$00000000  c_w.l(_printf_percent.o)
    0x08008220   0x08008220   0x00000006   Code   RO        10382    .ARM.Collect$$_printf_percent$$00000009  c_w.l(_printf_d.o)
    0x08008226   0x08008226   0x00000006   Code   RO        10381    .ARM.Collect$$_printf_percent$$00000014  c_w.l(_printf_s.o)
    0x0800822c   0x0800822c   0x00000004   Code   RO        10422    .ARM.Collect$$_printf_percent$$00000017  c_w.l(_printf_percent_end.o)
    0x08008230   0x08008230   0x00000002   Code   RO        10459    .ARM.Collect$$libinit$$00000000  c_w.l(libinit.o)
    0x08008232   0x08008232   0x00000004   Code   RO        10471    .ARM.Collect$$libinit$$00000001  c_w.l(libinit2.o)
    0x08008236   0x08008236   0x00000000   Code   RO        10474    .ARM.Collect$$libinit$$00000004  c_w.l(libinit2.o)
    0x08008236   0x08008236   0x00000000   Code   RO        10477    .ARM.Collect$$libinit$$0000000A  c_w.l(libinit2.o)
    0x08008236   0x08008236   0x00000000   Code   RO        10479    .ARM.Collect$$libinit$$0000000C  c_w.l(libinit2.o)
    0x08008236   0x08008236   0x00000000   Code   RO        10481    .ARM.Collect$$libinit$$0000000E  c_w.l(libinit2.o)
    0x08008236   0x08008236   0x00000000   Code   RO        10484    .ARM.Collect$$libinit$$00000011  c_w.l(libinit2.o)
    0x08008236   0x08008236   0x00000000   Code   RO        10486    .ARM.Collect$$libinit$$00000013  c_w.l(libinit2.o)
    0x08008236   0x08008236   0x00000000   Code   RO        10488    .ARM.Collect$$libinit$$00000015  c_w.l(libinit2.o)
    0x08008236   0x08008236   0x00000000   Code   RO        10490    .ARM.Collect$$libinit$$00000017  c_w.l(libinit2.o)
    0x08008236   0x08008236   0x00000000   Code   RO        10492    .ARM.Collect$$libinit$$00000019  c_w.l(libinit2.o)
    0x08008236   0x08008236   0x00000000   Code   RO        10494    .ARM.Collect$$libinit$$0000001B  c_w.l(libinit2.o)
    0x08008236   0x08008236   0x00000000   Code   RO        10496    .ARM.Collect$$libinit$$0000001D  c_w.l(libinit2.o)
    0x08008236   0x08008236   0x00000000   Code   RO        10498    .ARM.Collect$$libinit$$0000001F  c_w.l(libinit2.o)
    0x08008236   0x08008236   0x00000000   Code   RO        10500    .ARM.Collect$$libinit$$00000021  c_w.l(libinit2.o)
    0x08008236   0x08008236   0x00000000   Code   RO        10502    .ARM.Collect$$libinit$$00000023  c_w.l(libinit2.o)
    0x08008236   0x08008236   0x00000000   Code   RO        10504    .ARM.Collect$$libinit$$00000025  c_w.l(libinit2.o)
    0x08008236   0x08008236   0x00000000   Code   RO        10508    .ARM.Collect$$libinit$$0000002C  c_w.l(libinit2.o)
    0x08008236   0x08008236   0x00000000   Code   RO        10510    .ARM.Collect$$libinit$$0000002E  c_w.l(libinit2.o)
    0x08008236   0x08008236   0x00000000   Code   RO        10512    .ARM.Collect$$libinit$$00000030  c_w.l(libinit2.o)
    0x08008236   0x08008236   0x00000000   Code   RO        10514    .ARM.Collect$$libinit$$00000032  c_w.l(libinit2.o)
    0x08008236   0x08008236   0x00000002   Code   RO        10515    .ARM.Collect$$libinit$$00000033  c_w.l(libinit2.o)
    0x08008238   0x08008238   0x00000002   Code   RO        10541    .ARM.Collect$$libshutdown$$00000000  c_w.l(libshutdown.o)
    0x0800823a   0x0800823a   0x00000000   Code   RO        10568    .ARM.Collect$$libshutdown$$00000002  c_w.l(libshutdown2.o)
    0x0800823a   0x0800823a   0x00000000   Code   RO        10570    .ARM.Collect$$libshutdown$$00000004  c_w.l(libshutdown2.o)
    0x0800823a   0x0800823a   0x00000000   Code   RO        10572    .ARM.Collect$$libshutdown$$00000006  c_w.l(libshutdown2.o)
    0x0800823a   0x0800823a   0x00000000   Code   RO        10575    .ARM.Collect$$libshutdown$$00000009  c_w.l(libshutdown2.o)
    0x0800823a   0x0800823a   0x00000000   Code   RO        10578    .ARM.Collect$$libshutdown$$0000000C  c_w.l(libshutdown2.o)
    0x0800823a   0x0800823a   0x00000000   Code   RO        10580    .ARM.Collect$$libshutdown$$0000000E  c_w.l(libshutdown2.o)
    0x0800823a   0x0800823a   0x00000000   Code   RO        10583    .ARM.Collect$$libshutdown$$00000011  c_w.l(libshutdown2.o)
    0x0800823a   0x0800823a   0x00000002   Code   RO        10584    .ARM.Collect$$libshutdown$$00000012  c_w.l(libshutdown2.o)
    0x0800823c   0x0800823c   0x00000000   Code   RO        10407    .ARM.Collect$$rtentry$$00000000  c_w.l(__rtentry.o)
    0x0800823c   0x0800823c   0x00000000   Code   RO        10424    .ARM.Collect$$rtentry$$00000002  c_w.l(__rtentry2.o)
    0x0800823c   0x0800823c   0x00000006   Code   RO        10436    .ARM.Collect$$rtentry$$00000004  c_w.l(__rtentry4.o)
    0x08008242   0x08008242   0x00000000   Code   RO        10426    .ARM.Collect$$rtentry$$00000009  c_w.l(__rtentry2.o)
    0x08008242   0x08008242   0x00000004   Code   RO        10427    .ARM.Collect$$rtentry$$0000000A  c_w.l(__rtentry2.o)
    0x08008246   0x08008246   0x00000000   Code   RO        10429    .ARM.Collect$$rtentry$$0000000C  c_w.l(__rtentry2.o)
    0x08008246   0x08008246   0x00000008   Code   RO        10430    .ARM.Collect$$rtentry$$0000000D  c_w.l(__rtentry2.o)
    0x0800824e   0x0800824e   0x00000002   Code   RO        10463    .ARM.Collect$$rtexit$$00000000  c_w.l(rtexit.o)
    0x08008250   0x08008250   0x00000000   Code   RO        10517    .ARM.Collect$$rtexit$$00000002  c_w.l(rtexit2.o)
    0x08008250   0x08008250   0x00000004   Code   RO        10518    .ARM.Collect$$rtexit$$00000003  c_w.l(rtexit2.o)
    0x08008254   0x08008254   0x00000006   Code   RO        10519    .ARM.Collect$$rtexit$$00000004  c_w.l(rtexit2.o)
    0x0800825a   0x0800825a   0x00000002   PAD
    0x0800825c   0x0800825c   0x00000010   Code   RO          422    .emb_text           sys.o
    0x0800826c   0x0800826c   0x000000b6   Code   RO        10193    .emb_text           port.o
    0x08008322   0x08008322   0x00000002   PAD
    0x08008324   0x08008324   0x00000040   Code   RO         1166    .text               startup_stm32f429xx.o
    0x08008364   0x08008364   0x00000002   Code   RO        10342    .text               c_w.l(use_no_semi_2.o)
    0x08008366   0x08008366   0x00000002   PAD
    0x08008368   0x08008368   0x00000018   Code   RO        10350    .text               c_w.l(noretval__2printf.o)
    0x08008380   0x08008380   0x00000068   Code   RO        10354    .text               c_w.l(__printf.o)
    0x080083e8   0x080083e8   0x00000052   Code   RO        10356    .text               c_w.l(_printf_str.o)
    0x0800843a   0x0800843a   0x00000002   PAD
    0x0800843c   0x0800843c   0x00000078   Code   RO        10358    .text               c_w.l(_printf_dec.o)
    0x080084b4   0x080084b4   0x00000058   Code   RO        10385    .text               c_w.l(memcmp.o)
    0x0800850c   0x0800850c   0x0000008a   Code   RO        10391    .text               c_w.l(rt_memcpy_v6.o)
    0x08008596   0x08008596   0x00000064   Code   RO        10393    .text               c_w.l(rt_memcpy_w.o)
    0x080085fa   0x080085fa   0x00000010   Code   RO        10395    .text               c_w.l(aeabi_memset.o)
    0x0800860a   0x0800860a   0x00000044   Code   RO        10397    .text               c_w.l(rt_memclr.o)
    0x0800864e   0x0800864e   0x0000004e   Code   RO        10399    .text               c_w.l(rt_memclr_w.o)
    0x0800869c   0x0800869c   0x00000006   Code   RO        10401    .text               c_w.l(heapauxi.o)
    0x080086a2   0x080086a2   0x00000002   Code   RO        10405    .text               c_w.l(use_no_semi.o)
    0x080086a4   0x080086a4   0x000000b2   Code   RO        10412    .text               c_w.l(_printf_intcommon.o)
    0x08008756   0x08008756   0x00000002   PAD
    0x08008758   0x08008758   0x00000030   Code   RO        10414    .text               c_w.l(_printf_char_common.o)
    0x08008788   0x08008788   0x0000002c   Code   RO        10418    .text               c_w.l(_printf_char.o)
    0x080087b4   0x080087b4   0x00000024   Code   RO        10420    .text               c_w.l(_printf_char_file.o)
    0x080087d8   0x080087d8   0x00000008   Code   RO        10442    .text               c_w.l(ferror.o)
    0x080087e0   0x080087e0   0x0000004a   Code   RO        10446    .text               c_w.l(sys_stackheap_outer.o)
    0x0800882a   0x0800882a   0x00000012   Code   RO        10448    .text               c_w.l(exit.o)
    0x0800883c   0x0800883c   0x00000008   Code   RO        10460    .text               c_w.l(libspace.o)
    0x08008844   0x08008844   0x00000004   Code   RO          326    i.BusFault_Handler  stm32f4xx_it.o
    0x08008848   0x08008848   0x00000002   Code   RO          327    i.DebugMon_Handler  stm32f4xx_it.o
    0x0800884a   0x0800884a   0x00000002   PAD
    0x0800884c   0x0800884c   0x00000028   Code   RO          823    i.EXTI0_IRQHandler  key.o
    0x08008874   0x08008874   0x00000074   Code   RO         8663    i.FMC_SDRAM_Init    stm32f4xx_ll_fmc.o
    0x080088e8   0x080088e8   0x0000000e   Code   RO         8664    i.FMC_SDRAM_ProgramRefreshRate  stm32f4xx_ll_fmc.o
    0x080088f6   0x080088f6   0x00000052   Code   RO         8665    i.FMC_SDRAM_SendCommand  stm32f4xx_ll_fmc.o
    0x08008948   0x08008948   0x00000098   Code   RO         8667    i.FMC_SDRAM_Timing_Init  stm32f4xx_ll_fmc.o
    0x080089e0   0x080089e0   0x0000021c   Code   RO         3154    i.HAL_GPIO_Init     stm32f4xx_hal_gpio.o
    0x08008bfc   0x08008bfc   0x0000000c   Code   RO         3158    i.HAL_GPIO_WritePin  stm32f4xx_hal_gpio.o
    0x08008c08   0x08008c08   0x0000000c   Code   RO         1188    i.HAL_GetTick       stm32f4xx_hal.o
    0x08008c14   0x08008c14   0x0000003c   Code   RO         1190    i.HAL_Init          stm32f4xx_hal.o
    0x08008c50   0x08008c50   0x00000024   Code   RO         1191    i.HAL_InitTick      stm32f4xx_hal.o
    0x08008c74   0x08008c74   0x00000002   Code   RO         4511    i.HAL_MspInit       stm32f4xx_hal_msp_template.o
    0x08008c76   0x08008c76   0x0000001a   Code   RO         1757    i.HAL_NVIC_EnableIRQ  stm32f4xx_hal_cortex.o
    0x08008c90   0x08008c90   0x0000007c   Code   RO         1763    i.HAL_NVIC_SetPriority  stm32f4xx_hal_cortex.o
    0x08008d0c   0x08008d0c   0x00000028   Code   RO         1764    i.HAL_NVIC_SetPriorityGrouping  stm32f4xx_hal_cortex.o
    0x08008d34   0x08008d34   0x000000a4   Code   RO         5283    i.HAL_PWREx_EnableOverDrive  stm32f4xx_hal_pwr_ex.o
    0x08008dd8   0x08008dd8   0x000002b0   Code   RO         5368    i.HAL_RCC_ClockConfig  stm32f4xx_hal_rcc.o
    0x08009088   0x08009088   0x00000038   Code   RO         5373    i.HAL_RCC_GetHCLKFreq  stm32f4xx_hal_rcc.o
    0x080090c0   0x080090c0   0x0000002c   Code   RO         5375    i.HAL_RCC_GetPCLK1Freq  stm32f4xx_hal_rcc.o
    0x080090ec   0x080090ec   0x0000002c   Code   RO         5376    i.HAL_RCC_GetPCLK2Freq  stm32f4xx_hal_rcc.o
    0x08009118   0x08009118   0x000000b4   Code   RO         5377    i.HAL_RCC_GetSysClockFreq  stm32f4xx_hal_rcc.o
    0x080091cc   0x080091cc   0x00000408   Code   RO         5380    i.HAL_RCC_OscConfig  stm32f4xx_hal_rcc.o
    0x080095d4   0x080095d4   0x00000040   Code   RO         6534    i.HAL_SDRAM_Init    stm32f4xx_hal_sdram.o
    0x08009614   0x08009614   0x00000134   Code   RO          855    i.HAL_SDRAM_MspInit  sdram.o
    0x08009748   0x08009748   0x00000028   Code   RO         6537    i.HAL_SDRAM_ProgramRefreshRate  stm32f4xx_hal_sdram.o
    0x08009770   0x08009770   0x0000003a   Code   RO         6543    i.HAL_SDRAM_SendCommand  stm32f4xx_hal_sdram.o
    0x080097aa   0x080097aa   0x00000088   Code   RO         6864    i.HAL_SPI_Init      stm32f4xx_hal_spi.o
    0x08009832   0x08009832   0x00000002   PAD
    0x08009834   0x08009834   0x00000074   Code   RO          913    i.HAL_SPI_MspInit   spi.o
    0x080098a8   0x080098a8   0x00000034   Code   RO         1768    i.HAL_SYSTICK_Config  stm32f4xx_hal_cortex.o
    0x080098dc   0x080098dc   0x00000034   Code   RO         7222    i.HAL_TIM_Base_Init  stm32f4xx_hal_tim.o
    0x08009910   0x08009910   0x000000fc   Code   RO          961    i.HAL_TIM_Base_MspInit  tim.o
    0x08009a0c   0x08009a0c   0x0000001e   Code   RO         7227    i.HAL_TIM_Base_Start_IT  stm32f4xx_hal_tim.o
    0x08009a2a   0x08009a2a   0x0000006e   Code   RO         8116    i.HAL_UART_Init     stm32f4xx_hal_uart.o
    0x08009a98   0x08009a98   0x0000009c   Code   RO          478    i.HAL_UART_MspInit  usart.o
    0x08009b34   0x08009b34   0x00000086   Code   RO         8121    i.HAL_UART_Receive_IT  stm32f4xx_hal_uart.o
    0x08009bba   0x08009bba   0x00000004   Code   RO          328    i.HardFault_Handler  stm32f4xx_it.o
    0x08009bbe   0x08009bbe   0x00000002   PAD
    0x08009bc0   0x08009bc0   0x00000068   Code   RO          717    i.IIC_Send_Byte     i2c.o
    0x08009c28   0x08009c28   0x0000004c   Code   RO          718    i.IIC_Start         i2c.o
    0x08009c74   0x08009c74   0x0000004c   Code   RO          719    i.IIC_Stop          i2c.o
    0x08009cc0   0x08009cc0   0x00000068   Code   RO          720    i.IIC_Wait_Ack      i2c.o
    0x08009d28   0x08009d28   0x00000046   Code   RO          721    i.IIC_WriteData     i2c.o
    0x08009d6e   0x08009d6e   0x00000002   PAD
    0x08009d70   0x08009d70   0x00000048   Code   RO          824    i.Key_init          key.o
    0x08009db8   0x08009db8   0x00000054   Code   RO          454    i.LED_Init          led.o
    0x08009e0c   0x08009e0c   0x00000004   Code   RO          329    i.MemManage_Handler  stm32f4xx_it.o
    0x08009e10   0x08009e10   0x00000002   Code   RO          330    i.NMI_Handler       stm32f4xx_it.o
    0x08009e12   0x08009e12   0x00000002   PAD
    0x08009e14   0x08009e14   0x00000010   Code   RO         1770    i.NVIC_GetPriorityGrouping  stm32f4xx_hal_cortex.o
    0x08009e24   0x08009e24   0x00000028   Code   RO         1771    i.NVIC_SetPriority  stm32f4xx_hal_cortex.o
    0x08009e4c   0x08009e4c   0x00000074   Code   RO          856    i.SDRAM_Init        sdram.o
    0x08009ec0   0x08009ec0   0x00000044   Code   RO          857    i.SDRAM_Initialization_Sequence  sdram.o
    0x08009f04   0x08009f04   0x00000048   Code   RO          858    i.SDRAM_Send_Cmd    sdram.o
    0x08009f4c   0x08009f4c   0x00000058   Code   RO          914    i.SPI5_Init         spi.o
    0x08009fa4   0x08009fa4   0x00000064   Code   RO          915    i.SPI5_ReadWriteByte  spi.o
    0x0800a008   0x0800a008   0x00000048   Code   RO          916    i.SPI5_SetSpeed     spi.o
    0x0800a050   0x0800a050   0x000000b8   Code   RO          423    i.Stm32_Clock_Init  sys.o
    0x0800a108   0x0800a108   0x00000034   Code   RO        10194    i.SysTick_Handler   port.o
    0x0800a13c   0x0800a13c   0x00000064   Code   RO          387    i.SystemInit        system_stm32f4xx.o
    0x0800a1a0   0x0800a1a0   0x00000038   Code   RO          962    i.TIM3_IRQHandler   tim.o
    0x0800a1d8   0x0800a1d8   0x0000002c   Code   RO          964    i.TIM4_IRQHandler   tim.o
    0x0800a204   0x0800a204   0x00000024   Code   RO          966    i.TIM6_DAC_IRQHandler  tim.o
    0x0800a228   0x0800a228   0x0000003c   Code   RO          967    i.TIM6_Init         tim.o
    0x0800a264   0x0800a264   0x00000024   Code   RO          968    i.TIM7_IRQHandler   tim.o
    0x0800a288   0x0800a288   0x000000e4   Code   RO         7306    i.TIM_Base_SetConfig  stm32f4xx_hal_tim.o
    0x0800a36c   0x0800a36c   0x00000224   Code   RO         8136    i.UART_SetConfig    stm32f4xx_hal_uart.o
    0x0800a590   0x0800a590   0x00000068   Code   RO          479    i.USART3_IRQHandler  usart.o
    0x0800a5f8   0x0800a5f8   0x00000004   Code   RO          331    i.UsageFault_Handler  stm32f4xx_it.o
    0x0800a5fc   0x0800a5fc   0x00000098   Code   RO         1049    i.W25QXX_Init       w25qxx.o
    0x0800a694   0x0800a694   0x00000048   Code   RO         1052    i.W25QXX_ReadID     w25qxx.o
    0x0800a6dc   0x0800a6dc   0x00000050   Code   RO         1053    i.W25QXX_ReadSR     w25qxx.o
    0x0800a72c   0x0800a72c   0x00000004   Code   RO          480    i._sys_exit         usart.o
    0x0800a730   0x0800a730   0x00000254   Code   RO          559    i.cmd_proc          cmd.o
    0x0800a984   0x0800a984   0x0000003c   Code   RO          586    i.delay_init        delay.o
    0x0800a9c0   0x0800a9c0   0x00000034   Code   RO          588    i.delay_us          delay.o
    0x0800a9f4   0x0800a9f4   0x0000001c   Code   RO          481    i.fputc             usart.o
    0x0800aa10   0x0800aa10   0x0000002c   Code   RO          791    i.iap_load_app      iap.o
    0x0800aa3c   0x0800aa3c   0x000000f0   Code   RO            4    i.main              main.o
    0x0800ab2c   0x0800ab2c   0x00000098   Code   RO         9679    i.prvAddCurrentTaskToDelayedList  tasks.o
    0x0800abc4   0x0800abc4   0x000000b8   Code   RO         9680    i.prvAddNewTaskToReadyList  tasks.o
    0x0800ac7c   0x0800ac7c   0x00000064   Code   RO        10051    i.prvCheckForValidListAndQueue  timers.o
    0x0800ace0   0x0800ace0   0x00000064   Code   RO         9681    i.prvCheckTasksWaitingTermination  tasks.o
    0x0800ad44   0x0800ad44   0x0000002a   Code   RO         9431    i.prvCopyDataFromQueue  queue.o
    0x0800ad6e   0x0800ad6e   0x0000007c   Code   RO         9432    i.prvCopyDataToQueue  queue.o
    0x0800adea   0x0800adea   0x00000012   Code   RO         9682    i.prvDeleteTCB      tasks.o
    0x0800adfc   0x0800adfc   0x00000028   Code   RO        10052    i.prvGetNextExpireTime  timers.o
    0x0800ae24   0x0800ae24   0x0000007c   Code   RO        10282    i.prvHeapInit       heap_4.o
    0x0800aea0   0x0800aea0   0x00000028   Code   RO         9683    i.prvIdleTask       tasks.o
    0x0800aec8   0x0800aec8   0x0000002e   Code   RO         9434    i.prvInitialiseNewQueue  queue.o
    0x0800aef6   0x0800aef6   0x00000002   PAD
    0x0800aef8   0x0800aef8   0x000000d0   Code   RO         9684    i.prvInitialiseNewTask  tasks.o
    0x0800afc8   0x0800afc8   0x00000068   Code   RO         9685    i.prvInitialiseTaskLists  tasks.o
    0x0800b030   0x0800b030   0x00000068   Code   RO        10283    i.prvInsertBlockIntoFreeList  heap_4.o
    0x0800b098   0x0800b098   0x00000058   Code   RO        10054    i.prvInsertTimerInActiveList  timers.o
    0x0800b0f0   0x0800b0f0   0x0000001a   Code   RO         9435    i.prvIsQueueEmpty   queue.o
    0x0800b10a   0x0800b10a   0x0000001e   Code   RO         9436    i.prvIsQueueFull    queue.o
    0x0800b128   0x0800b128   0x000000a0   Code   RO         9437    i.prvNotifyQueueSetContainer  queue.o
    0x0800b1c8   0x0800b1c8   0x00000080   Code   RO        10055    i.prvProcessExpiredTimer  timers.o
    0x0800b248   0x0800b248   0x0000012c   Code   RO        10056    i.prvProcessReceivedCommands  timers.o
    0x0800b374   0x0800b374   0x00000074   Code   RO        10057    i.prvProcessTimerOrBlockTask  timers.o
    0x0800b3e8   0x0800b3e8   0x00000034   Code   RO         9687    i.prvResetNextTaskUnblockTime  tasks.o
    0x0800b41c   0x0800b41c   0x0000002c   Code   RO        10058    i.prvSampleTimeNow  timers.o
    0x0800b448   0x0800b448   0x000000bc   Code   RO        10059    i.prvSwitchTimerLists  timers.o
    0x0800b504   0x0800b504   0x00000074   Code   RO        10195    i.prvTaskExitError  port.o
    0x0800b578   0x0800b578   0x00000074   Code   RO         9689    i.prvTaskIsTaskSuspended  tasks.o
    0x0800b5ec   0x0800b5ec   0x0000001a   Code   RO        10060    i.prvTimerTask      timers.o
    0x0800b606   0x0800b606   0x00000092   Code   RO         9438    i.prvUnlockQueue    queue.o
    0x0800b698   0x0800b698   0x00000154   Code   RO        10284    i.pvPortMalloc      heap_4.o
    0x0800b7ec   0x0800b7ec   0x00000020   Code   RO         9691    i.pvTaskIncrementMutexHeldCount  tasks.o
    0x0800b80c   0x0800b80c   0x0000002c   Code   RO        10196    i.pxPortInitialiseStack  port.o
    0x0800b838   0x0800b838   0x00000064   Code   RO            5    i.start_task1       main.o
    0x0800b89c   0x0800b89c   0x0000001c   Code   RO            6    i.start_task2       main.o
    0x0800b8b8   0x0800b8b8   0x00000048   Code   RO          482    i.uart_init         usart.o
    0x0800b900   0x0800b900   0x00000028   Code   RO         9382    i.uxListRemove      list.o
    0x0800b928   0x0800b928   0x0000001a   Code   RO         9383    i.vListInitialise   list.o
    0x0800b942   0x0800b942   0x00000006   Code   RO         9384    i.vListInitialiseItem  list.o
    0x0800b948   0x0800b948   0x00000034   Code   RO         9385    i.vListInsert       list.o
    0x0800b97c   0x0800b97c   0x00000018   Code   RO         9386    i.vListInsertEnd    list.o
    0x0800b994   0x0800b994   0x00000088   Code   RO        10198    i.vPortEnterCritical  port.o
    0x0800ba1c   0x0800ba1c   0x00000070   Code   RO        10199    i.vPortExitCritical  port.o
    0x0800ba8c   0x0800ba8c   0x000000b8   Code   RO        10285    i.vPortFree         heap_4.o
    0x0800bb44   0x0800bb44   0x00000020   Code   RO        10200    i.vPortSetupTimerInterrupt  port.o
    0x0800bb64   0x0800bb64   0x000000a0   Code   RO        10201    i.vPortValidateInterruptPriority  port.o
    0x0800bc04   0x0800bc04   0x0000002c   Code   RO         9444    i.vQueueAddToRegistry  queue.o
    0x0800bc30   0x0800bc30   0x0000004a   Code   RO         9448    i.vQueueWaitForMessageRestricted  queue.o
    0x0800bc7a   0x0800bc7a   0x00000002   PAD
    0x0800bc7c   0x0800bc7c   0x00000074   Code   RO         9699    i.vTaskDelay        tasks.o
    0x0800bcf0   0x0800bcf0   0x0000000c   Code   RO         9705    i.vTaskMissedYield  tasks.o
    0x0800bcfc   0x0800bcfc   0x00000054   Code   RO         9707    i.vTaskPlaceOnEventList  tasks.o
    0x0800bd50   0x0800bd50   0x0000005c   Code   RO         9708    i.vTaskPlaceOnEventListRestricted  tasks.o
    0x0800bdac   0x0800bdac   0x000000b0   Code   RO         9710    i.vTaskPriorityInherit  tasks.o
    0x0800be5c   0x0800be5c   0x0000004c   Code   RO         9714    i.vTaskSetTimeOutState  tasks.o
    0x0800bea8   0x0800bea8   0x000000ac   Code   RO         9715    i.vTaskStartScheduler  tasks.o
    0x0800bf54   0x0800bf54   0x00000100   Code   RO         9716    i.vTaskSuspend      tasks.o
    0x0800c054   0x0800c054   0x00000010   Code   RO         9717    i.vTaskSuspendAll   tasks.o
    0x0800c064   0x0800c064   0x000000a8   Code   RO         9718    i.vTaskSwitchContext  tasks.o
    0x0800c10c   0x0800c10c   0x0000015c   Code   RO        10202    i.xPortStartScheduler  port.o
    0x0800c268   0x0800c268   0x00000074   Code   RO         9453    i.xQueueGenericCreate  queue.o
    0x0800c2dc   0x0800c2dc   0x000001c8   Code   RO         9454    i.xQueueGenericReceive  queue.o
    0x0800c4a4   0x0800c4a4   0x000000b0   Code   RO         9455    i.xQueueGenericReset  queue.o
    0x0800c554   0x0800c554   0x000001c4   Code   RO         9456    i.xQueueGenericSend  queue.o
    0x0800c718   0x0800c718   0x00000110   Code   RO         9457    i.xQueueGenericSendFromISR  queue.o
    0x0800c828   0x0800c828   0x000000a0   Code   RO         9719    i.xTaskCheckForTimeOut  tasks.o
    0x0800c8c8   0x0800c8c8   0x00000060   Code   RO         9720    i.xTaskCreate       tasks.o
    0x0800c928   0x0800c928   0x00000020   Code   RO         9724    i.xTaskGetSchedulerState  tasks.o
    0x0800c948   0x0800c948   0x0000000c   Code   RO         9725    i.xTaskGetTickCount  tasks.o
    0x0800c954   0x0800c954   0x00000160   Code   RO         9727    i.xTaskIncrementTick  tasks.o
    0x0800cab4   0x0800cab4   0x000000d8   Code   RO         9730    i.xTaskPriorityDisinherit  tasks.o
    0x0800cb8c   0x0800cb8c   0x000000b4   Code   RO         9731    i.xTaskRemoveFromEventList  tasks.o
    0x0800cc40   0x0800cc40   0x00000120   Code   RO         9733    i.xTaskResumeAll    tasks.o
    0x0800cd60   0x0800cd60   0x000000cc   Code   RO         9734    i.xTaskResumeFromISR  tasks.o
    0x0800ce2c   0x0800ce2c   0x00000074   Code   RO        10064    i.xTimerCreateTimerTask  timers.o
    0x0800cea0   0x0800cea0   0x000000a4   Code   RO        10065    i.xTimerGenericCommand  timers.o
    0x0800cf44   0x0800cf44   0x0000000a   Code   RO        10529    x$fpl$fpinit        fz_wm.l(fpinit.o)
    0x0800cf4e   0x0800cf4e   0x00000010   Data   RO         5381    .constdata          stm32f4xx_hal_rcc.o
    0x0800cf5e   0x0800cf5e   0x00000002   PAD
    0x0800cf60   0x0800cf60   0x00000020   Data   RO        10585    Region$$Table       anon$$obj.o


    Execution Region RW_IRAM1 (Exec base: 0x20000000, Load base: 0x0800cf80, Size: 0x0000c520, Max: 0x00030000, ABSOLUTE)

    Exec Addr    Load Addr    Size         Type   Attr      Idx    E Section Name        Object

    0x20000000   0x0800cf80   0x00000008   Data   RW            7    .data               main.o
    0x20000008   0x0800cf88   0x00000014   Data   RW          388    .data               system_stm32f4xx.o
    0x2000001c   0x0800cf9c   0x00000009   Data   RW          485    .data               usart.o
    0x20000025   0x0800cfa5   0x00000003   PAD
    0x20000028   0x0800cfa8   0x00000004   Data   RW          792    .data               iap.o
    0x2000002c   0x0800cfac   0x00000010   Data   RW          972    .data               tim.o
    0x2000003c   0x0800cfbc   0x00000002   Data   RW         1063    .data               w25qxx.o
    0x2000003e   0x0800cfbe   0x00000002   PAD
    0x20000040   0x0800cfc0   0x00000004   Data   RW         1196    .data               stm32f4xx_hal.o
    0x20000044   0x0800cfc4   0x0000003c   Data   RW         9736    .data               tasks.o
    0x20000080   0x0800d000   0x00000014   Data   RW        10073    .data               timers.o
    0x20000094   0x0800d014   0x0000000c   Data   RW        10203    .data               port.o
    0x200000a0   0x0800d020   0x00000018   Data   RW        10290    .data               heap_4.o
    0x200000b8        -       0x00000140   Zero   RW          484    .bss                usart.o
    0x200001f8        -       0x00000034   Zero   RW          859    .bss                sdram.o
    0x2000022c        -       0x00000058   Zero   RW          917    .bss                spi.o
    0x20000284        -       0x000000f0   Zero   RW          971    .bss                tim.o
    0x20000374        -       0x00000040   Zero   RW         9468    .bss                queue.o
    0x200003b4        -       0x000002e4   Zero   RW         9735    .bss                tasks.o
    0x20000698        -       0x00000028   Zero   RW        10072    .bss                timers.o
    0x200006c0        -       0x0000b800   Zero   RW        10289    .bss                heap_4.o
    0x2000bec0        -       0x00000060   Zero   RW        10461    .bss                c_w.l(libspace.o)
    0x2000bf20        -       0x00000200   Zero   RW         1164    HEAP                startup_stm32f429xx.o
    0x2000c120        -       0x00000400   Zero   RW         1163    STACK               startup_stm32f429xx.o


==============================================================================

Image component sizes


      Code (inc. data)   RO Data    RW Data    ZI Data      Debug   Object Name

       596        284          0          0          0       1575   cmd.o
       112         18          0          0          0       1016   delay.o
         0          0          0          0          0      11728   event_groups.o
       752        176          0         24      47104       3935   heap_4.o
       430         50          0          0          0       2970   i2c.o
        44          8          0          4          0        738   iap.o
       112         28          0          0          0       1314   key.o
        84         10          0          0          0        819   led.o
       148          0          0          0          0       3174   list.o
       368        134          0          8          0     432543   main.o
      1182        396          0         12          0      10777   port.o
      2164        238          0          0         64      15689   queue.o
       564         40          0          0         52       3426   sdram.o
       376         36          0          0         88       2822   spi.o
        64         26        428          0       1536        828   startup_stm32f429xx.o
       108         12          0          4          0       3076   stm32f4xx_hal.o
       298         22          0          0          0      30791   stm32f4xx_hal_cortex.o
       552         54          0          0          0       2424   stm32f4xx_hal_gpio.o
         2          0          0          0          0        530   stm32f4xx_hal_msp_template.o
       164         12          0          0          0       1280   stm32f4xx_hal_pwr_ex.o
      2044         66         16          0          0       5991   stm32f4xx_hal_rcc.o
       162          0          0          0          0       2732   stm32f4xx_hal_sdram.o
       136          0          0          0          0       1103   stm32f4xx_hal_spi.o
       310         44          0          0          0       2497   stm32f4xx_hal_tim.o
       792         10          0          0          0       2702   stm32f4xx_hal_uart.o
        20          0          0          0          0       2765   stm32f4xx_it.o
       364          0          0          0          0       3532   stm32f4xx_ll_fmc.o
       200          8          0          0          0       1683   sys.o
       100         18          0         20          0       1081   system_stm32f4xx.o
      3714        972          0         60        740      30817   tasks.o
       484         76          0         16        240       4045   tim.o
      1310        312          0         20         40       8731   timers.o
       364         48          0          9        320      12816   usart.o
       304         36          0          2          0       2478   w25qxx.o

    ----------------------------------------------------------------------
     18440       3134        478        184      50184     614428   Object Totals
         0          0         32          0          0          0   (incl. Generated)
        16          0          2          5          0          0   (incl. Padding)

    ----------------------------------------------------------------------

      Code (inc. data)   RO Data    RW Data    ZI Data      Debug   Library Member Name

         8          0          0          0          0         68   __main.o
       104          0          0          0          0         84   __printf.o
         0          0          0          0          0          0   __rtentry.o
        12          0          0          0          0          0   __rtentry2.o
         6          0          0          0          0          0   __rtentry4.o
        52          8          0          0          0          0   __scatter.o
        26          0          0          0          0          0   __scatter_copy.o
        28          0          0          0          0          0   __scatter_zi.o
        44          0          0          0          0        108   _printf_char.o
        48          6          0          0          0         96   _printf_char_common.o
        36          4          0          0          0         80   _printf_char_file.o
         6          0          0          0          0          0   _printf_d.o
       120         16          0          0          0         92   _printf_dec.o
       178          0          0          0          0         88   _printf_intcommon.o
         0          0          0          0          0          0   _printf_percent.o
         4          0          0          0          0          0   _printf_percent_end.o
         6          0          0          0          0          0   _printf_s.o
        82          0          0          0          0         80   _printf_str.o
        16          0          0          0          0         68   aeabi_memset.o
        18          0          0          0          0         80   exit.o
         8          0          0          0          0         68   ferror.o
         6          0          0          0          0        152   heapauxi.o
         2          0          0          0          0          0   libinit.o
         6          0          0          0          0          0   libinit2.o
         2          0          0          0          0          0   libshutdown.o
         2          0          0          0          0          0   libshutdown2.o
         8          4          0          0         96         68   libspace.o
        88          0          0          0          0         76   memcmp.o
        24          4          0          0          0         84   noretval__2printf.o
        68          0          0          0          0         68   rt_memclr.o
        78          0          0          0          0         80   rt_memclr_w.o
       138          0          0          0          0         68   rt_memcpy_v6.o
       100          0          0          0          0         80   rt_memcpy_w.o
         2          0          0          0          0          0   rtexit.o
        10          0          0          0          0          0   rtexit2.o
        74          0          0          0          0         80   sys_stackheap_outer.o
         2          0          0          0          0         68   use_no_semi.o
         2          0          0          0          0         68   use_no_semi_2.o
        10          0          0          0          0        116   fpinit.o

    ----------------------------------------------------------------------
      1434         42          0          0         96       1920   Library Totals
        10          0          0          0          0          0   (incl. Padding)

    ----------------------------------------------------------------------

      Code (inc. data)   RO Data    RW Data    ZI Data      Debug   Library Name

      1414         42          0          0         96       1804   c_w.l
        10          0          0          0          0        116   fz_wm.l

    ----------------------------------------------------------------------
      1434         42          0          0         96       1920   Library Totals

    ----------------------------------------------------------------------

==============================================================================


      Code (inc. data)   RO Data    RW Data    ZI Data      Debug   

     19874       3176        478        184      50280     600912   Grand Totals
     19874       3176        478        184      50280     600912   ELF Image Totals
     19874       3176        478        184          0          0   ROM Totals

==============================================================================

    Total RO  Size (Code + RO Data)                20352 (  19.88kB)
    Total RW  Size (RW Data + ZI Data)             50464 (  49.28kB)
    Total ROM Size (Code + RO Data + RW Data)      20536 (  20.05kB)

==============================================================================

