Archive member included to satisfy reference by file (symbol)

/usr/lib64/libc_nonshared.a(elf-init.oS)
                              /usr/lib/gcc/x86_64-redhat-linux/4.8.5/../../../../lib64/crt1.o (__libc_csu_init)

Discarded input sections

 .note.GNU-stack
                0x0000000000000000        0x0 /usr/lib/gcc/x86_64-redhat-linux/4.8.5/../../../../lib64/crt1.o
 .note.GNU-stack
                0x0000000000000000        0x0 /usr/lib/gcc/x86_64-redhat-linux/4.8.5/../../../../lib64/crti.o
 .note.GNU-stack
                0x0000000000000000        0x0 /usr/lib/gcc/x86_64-redhat-linux/4.8.5/crtbegin.o
 .note.GNU-stack
                0x0000000000000000        0x0 oam.o
 .note.GNU-stack
                0x0000000000000000        0x0 /usr/lib64/libc_nonshared.a(elf-init.oS)
 .note.GNU-stack
                0x0000000000000000        0x0 /usr/lib/gcc/x86_64-redhat-linux/4.8.5/crtend.o
 .note.GNU-stack
                0x0000000000000000        0x0 /usr/lib/gcc/x86_64-redhat-linux/4.8.5/../../../../lib64/crtn.o

Memory Configuration

Name             Origin             Length             Attributes
*default*        0x0000000000000000 0xffffffffffffffff

Linker script and memory map

LOAD /usr/lib/gcc/x86_64-redhat-linux/4.8.5/../../../../lib64/crt1.o
LOAD /usr/lib/gcc/x86_64-redhat-linux/4.8.5/../../../../lib64/crti.o
LOAD /usr/lib/gcc/x86_64-redhat-linux/4.8.5/crtbegin.o
LOAD oam.o
LOAD /usr/lib/gcc/x86_64-redhat-linux/4.8.5/../../../../lib64/libpthread.so
START GROUP
LOAD /lib64/libpthread.so.0
LOAD /usr/lib64/libpthread_nonshared.a
END GROUP
LOAD /usr/lib/gcc/x86_64-redhat-linux/4.8.5/libgcc.a
LOAD /usr/lib/gcc/x86_64-redhat-linux/4.8.5/libgcc_s.so
LOAD /usr/lib/gcc/x86_64-redhat-linux/4.8.5/../../../../lib64/libc.so
START GROUP
LOAD /lib64/libc.so.6
LOAD /usr/lib64/libc_nonshared.a
LOAD /lib64/ld-linux-x86-64.so.2
END GROUP
LOAD /usr/lib/gcc/x86_64-redhat-linux/4.8.5/libgcc.a
LOAD /usr/lib/gcc/x86_64-redhat-linux/4.8.5/libgcc_s.so
LOAD /usr/lib/gcc/x86_64-redhat-linux/4.8.5/crtend.o
LOAD /usr/lib/gcc/x86_64-redhat-linux/4.8.5/../../../../lib64/crtn.o
                [!provide]                        PROVIDE (__executable_start, 0x400000)
                0x0000000000400238                . = (0x400000 + SIZEOF_HEADERS)

.interp         0x0000000000400238       0x1c
 *(.interp)
 .interp        0x0000000000400238       0x1c /usr/lib/gcc/x86_64-redhat-linux/4.8.5/../../../../lib64/crt1.o

.note.ABI-tag   0x0000000000400254       0x20
 .note.ABI-tag  0x0000000000400254       0x20 /usr/lib/gcc/x86_64-redhat-linux/4.8.5/../../../../lib64/crt1.o

.note.gnu.build-id
                0x0000000000400274       0x24
 *(.note.gnu.build-id)
 .note.gnu.build-id
                0x0000000000400274       0x24 /usr/lib/gcc/x86_64-redhat-linux/4.8.5/../../../../lib64/crt1.o

.hash
 *(.hash)

.gnu.hash       0x0000000000400298       0x1c
 *(.gnu.hash)
 .gnu.hash      0x0000000000400298       0x1c /usr/lib/gcc/x86_64-redhat-linux/4.8.5/../../../../lib64/crt1.o

.dynsym         0x00000000004002b8      0x2e8
 *(.dynsym)
 .dynsym        0x00000000004002b8      0x2e8 /usr/lib/gcc/x86_64-redhat-linux/4.8.5/../../../../lib64/crt1.o

.dynstr         0x00000000004005a0      0x100
 *(.dynstr)
 .dynstr        0x00000000004005a0      0x100 /usr/lib/gcc/x86_64-redhat-linux/4.8.5/../../../../lib64/crt1.o

.gnu.version    0x00000000004006a0       0x3e
 *(.gnu.version)
 .gnu.version   0x00000000004006a0       0x3e /usr/lib/gcc/x86_64-redhat-linux/4.8.5/../../../../lib64/crt1.o

.gnu.version_d  0x00000000004006e0        0x0
 *(.gnu.version_d)
 .gnu.version_d
                0x00000000004006e0        0x0 /usr/lib/gcc/x86_64-redhat-linux/4.8.5/../../../../lib64/crt1.o

.gnu.version_r  0x00000000004006e0       0x50
 *(.gnu.version_r)
 .gnu.version_r
                0x00000000004006e0       0x50 /usr/lib/gcc/x86_64-redhat-linux/4.8.5/../../../../lib64/crt1.o

.rela.dyn       0x0000000000400730       0x18
 *(.rela.init)
 *(.rela.text .rela.text.* .rela.gnu.linkonce.t.*)
 .rela.text     0x0000000000400730        0x0 /usr/lib/gcc/x86_64-redhat-linux/4.8.5/../../../../lib64/crt1.o
 .rela.text.startup
                0x0000000000400730        0x0 /usr/lib/gcc/x86_64-redhat-linux/4.8.5/../../../../lib64/crt1.o
 *(.rela.fini)
 *(.rela.rodata .rela.rodata.* .rela.gnu.linkonce.r.*)
 *(.rela.data .rela.data.* .rela.gnu.linkonce.d.*)
 *(.rela.tdata .rela.tdata.* .rela.gnu.linkonce.td.*)
 *(.rela.tbss .rela.tbss.* .rela.gnu.linkonce.tb.*)
 *(.rela.ctors)
 *(.rela.dtors)
 *(.rela.got)
 .rela.got      0x0000000000400730       0x18 /usr/lib/gcc/x86_64-redhat-linux/4.8.5/../../../../lib64/crt1.o
 *(.rela.bss .rela.bss.* .rela.gnu.linkonce.b.*)
 .rela.bss      0x0000000000400748        0x0 /usr/lib/gcc/x86_64-redhat-linux/4.8.5/../../../../lib64/crt1.o
 *(.rela.ldata .rela.ldata.* .rela.gnu.linkonce.l.*)
 *(.rela.lbss .rela.lbss.* .rela.gnu.linkonce.lb.*)
 *(.rela.lrodata .rela.lrodata.* .rela.gnu.linkonce.lr.*)
 *(.rela.ifunc)

.rela.plt       0x0000000000400748      0x2d0
 *(.rela.plt)
 .rela.plt      0x0000000000400748      0x2d0 /usr/lib/gcc/x86_64-redhat-linux/4.8.5/../../../../lib64/crt1.o
                [!provide]                        PROVIDE (__rela_iplt_start, .)
 *(.rela.iplt)
                [!provide]                        PROVIDE (__rela_iplt_end, .)

.init           0x0000000000400a18       0x1a
 *(SORT(.init))
 .init          0x0000000000400a18       0x15 /usr/lib/gcc/x86_64-redhat-linux/4.8.5/../../../../lib64/crti.o
                0x0000000000400a18                _init
 .init          0x0000000000400a2d        0x5 /usr/lib/gcc/x86_64-redhat-linux/4.8.5/../../../../lib64/crtn.o

.plt            0x0000000000400a40      0x1f0
 *(.plt)
 .plt           0x0000000000400a40      0x1f0 /usr/lib/gcc/x86_64-redhat-linux/4.8.5/../../../../lib64/crt1.o
                0x0000000000400a50                putchar@@GLIBC_2.2.5
                0x0000000000400a60                remove@@GLIBC_2.2.5
                0x0000000000400a70                puts@@GLIBC_2.2.5
                0x0000000000400a80                tcdrain@@GLIBC_2.2.5
                0x0000000000400a90                fcntl@@GLIBC_2.2.5
                0x0000000000400aa0                write@@GLIBC_2.2.5
                0x0000000000400ab0                fclose@@GLIBC_2.2.5
                0x0000000000400ac0                cfsetospeed@@GLIBC_2.2.5
                0x0000000000400ad0                tcflush@@GLIBC_2.2.5
                0x0000000000400ae0                printf@@GLIBC_2.2.5
                0x0000000000400af0                ioctl@@GLIBC_2.2.5
                0x0000000000400b00                close@@GLIBC_2.2.5
                0x0000000000400b10                read@@GLIBC_2.2.5
                0x0000000000400b20                __libc_start_main@@GLIBC_2.2.5
                0x0000000000400b30                memcmp@@GLIBC_2.2.5
                0x0000000000400b40                signal@@GLIBC_2.2.5
                0x0000000000400b50                fprintf@@GLIBC_2.2.5
                0x0000000000400b70                memcpy@@GLIBC_2.14
                0x0000000000400b80                tcgetattr@@GLIBC_2.2.5
                0x0000000000400b90                tcsetattr@@GLIBC_2.2.5
                0x0000000000400ba0                open@@GLIBC_2.2.5
                0x0000000000400bb0                access@@GLIBC_2.2.5
                0x0000000000400bc0                fopen@@GLIBC_2.2.5
                0x0000000000400bd0                cfsetispeed@@GLIBC_2.2.5
                0x0000000000400be0                sprintf@@GLIBC_2.2.5
                0x0000000000400bf0                exit@@GLIBC_2.2.5
                0x0000000000400c00                fwrite@@GLIBC_2.2.5
                0x0000000000400c10                sleep@@GLIBC_2.2.5
                0x0000000000400c20                usleep@@GLIBC_2.2.5
 *(.iplt)

.plt.got        0x0000000000400c30        0x0
 *(.plt.got)
 .plt.got       0x0000000000400c30        0x0 /usr/lib/gcc/x86_64-redhat-linux/4.8.5/../../../../lib64/crt1.o

.plt.bnd
 *(.plt.bnd)

.text           0x0000000000400c30      0xc72
 *(.text.unlikely .text.*_unlikely .text.unlikely.*)
 *(.text.exit .text.exit.*)
 *(.text.startup .text.startup.*)
 .text.startup  0x0000000000400c30      0x155 oam.o
                0x0000000000400c30                main
 *(.text.hot .text.hot.*)
 *(.text .stub .text.* .gnu.linkonce.t.*)
 .text          0x0000000000400d85       0x2a /usr/lib/gcc/x86_64-redhat-linux/4.8.5/../../../../lib64/crt1.o
                0x0000000000400d85                _start
 .text          0x0000000000400daf        0x0 /usr/lib/gcc/x86_64-redhat-linux/4.8.5/../../../../lib64/crti.o
 *fill*         0x0000000000400daf        0x1 
 .text          0x0000000000400db0       0xbd /usr/lib/gcc/x86_64-redhat-linux/4.8.5/crtbegin.o
 *fill*         0x0000000000400e6d        0x3 
 .text          0x0000000000400e70      0x9bd oam.o
                0x0000000000400e70                calc_crc8
                0x0000000000400ea0                print_hex
                0x0000000000400ff0                app_show_version
                0x0000000000401040                set_gpio_value
                0x0000000000401190                gpio_release
                0x0000000000401290                config_tty
                0x0000000000401340                close_all_file
                0x00000000004013a0                signal_exit_handler
                0x00000000004013c0                rs485_read_reg
                0x0000000000401610                rs485_write_reg
 *fill*         0x000000000040182d        0x3 
 .text          0x0000000000401830       0x72 /usr/lib64/libc_nonshared.a(elf-init.oS)
                0x0000000000401830                __libc_csu_init
                0x00000000004018a0                __libc_csu_fini
 .text          0x00000000004018a2        0x0 /usr/lib/gcc/x86_64-redhat-linux/4.8.5/crtend.o
 .text          0x00000000004018a2        0x0 /usr/lib/gcc/x86_64-redhat-linux/4.8.5/../../../../lib64/crtn.o
 *(.gnu.warning)

.fini           0x00000000004018a4        0x9
 *(SORT(.fini))
 .fini          0x00000000004018a4        0x4 /usr/lib/gcc/x86_64-redhat-linux/4.8.5/../../../../lib64/crti.o
                0x00000000004018a4                _fini
 .fini          0x00000000004018a8        0x5 /usr/lib/gcc/x86_64-redhat-linux/4.8.5/../../../../lib64/crtn.o
                [!provide]                        PROVIDE (__etext, .)
                [!provide]                        PROVIDE (_etext, .)
                [!provide]                        PROVIDE (etext, .)

.rodata         0x00000000004018c0      0x280
 *(.rodata .rodata.* .gnu.linkonce.r.*)
 .rodata.cst4   0x00000000004018c0        0x4 /usr/lib/gcc/x86_64-redhat-linux/4.8.5/../../../../lib64/crt1.o
                0x00000000004018c0                _IO_stdin_used
 *fill*         0x00000000004018c4        0x4 
 .rodata        0x00000000004018c8        0x8 /usr/lib/gcc/x86_64-redhat-linux/4.8.5/crtbegin.o
                0x00000000004018c8                __dso_handle
 .rodata.str1.1
                0x00000000004018d0      0x140 oam.o
                                        0x143 (size before relaxing)
 .rodata.str1.8
                0x0000000000401a10       0x28 oam.o
                                         0x21 (size before relaxing)
 *fill*         0x0000000000401a38        0x8 
 .rodata        0x0000000000401a40      0x100 oam.o

.rodata1
 *(.rodata1)

.eh_frame_hdr   0x0000000000401b40       0x84
 *(.eh_frame_hdr)
 .eh_frame_hdr  0x0000000000401b40       0x84 /usr/lib/gcc/x86_64-redhat-linux/4.8.5/../../../../lib64/crt1.o
                0x0000000000401b40                __GNU_EH_FRAME_HDR
 *(.eh_frame_entry .eh_frame_entry.*)

.eh_frame       0x0000000000401bc8      0x314
 *(.eh_frame)
 .eh_frame      0x0000000000401bc8       0x30 /usr/lib/gcc/x86_64-redhat-linux/4.8.5/../../../../lib64/crt1.o
 .eh_frame      0x0000000000401bf8       0x40 /usr/lib/gcc/x86_64-redhat-linux/4.8.5/../../../../lib64/crt1.o
 .eh_frame      0x0000000000401c38      0x240 oam.o
                                        0x248 (size before relaxing)
 .eh_frame      0x0000000000401e78       0x60 /usr/lib64/libc_nonshared.a(elf-init.oS)
                                         0x78 (size before relaxing)
 .eh_frame      0x0000000000401ed8        0x4 /usr/lib/gcc/x86_64-redhat-linux/4.8.5/crtend.o
 *(.eh_frame.*)

.gcc_except_table
 *(.gcc_except_table .gcc_except_table.*)

.gnu_extab
 *(.gnu_extab*)

.exception_ranges
 *(.exception_ranges .exception_ranges*)
                0x0000000000602e00                . = DATA_SEGMENT_ALIGN (0x200000, 0x1000)

.eh_frame
 *(.eh_frame)
 *(.eh_frame.*)

.gnu_extab
 *(.gnu_extab)

.gcc_except_table
 *(.gcc_except_table .gcc_except_table.*)

.exception_ranges
 *(.exception_ranges .exception_ranges*)

.tdata
 *(.tdata .tdata.* .gnu.linkonce.td.*)

.tbss
 *(.tbss .tbss.* .gnu.linkonce.tb.*)
 *(.tcommon)

.preinit_array  0x0000000000602e00        0x0
                [!provide]                        PROVIDE (__preinit_array_start, .)
 *(.preinit_array)
                [!provide]                        PROVIDE (__preinit_array_end, .)

.init_array     0x0000000000602e00        0x8
                0x0000000000602e00                PROVIDE (__init_array_start, .)
 *(SORT(.init_array.*) SORT(.ctors.*))
 *(.init_array EXCLUDE_FILE(*crtend?.o *crtend.o *crtbegin?.o *crtbegin.o) .ctors)
 .init_array    0x0000000000602e00        0x8 /usr/lib/gcc/x86_64-redhat-linux/4.8.5/crtbegin.o
                0x0000000000602e08                PROVIDE (__init_array_end, .)

.fini_array     0x0000000000602e08        0x8
                [!provide]                        PROVIDE (__fini_array_start, .)
 *(SORT(.fini_array.*) SORT(.dtors.*))
 *(.fini_array EXCLUDE_FILE(*crtend?.o *crtend.o *crtbegin?.o *crtbegin.o) .dtors)
 .fini_array    0x0000000000602e08        0x8 /usr/lib/gcc/x86_64-redhat-linux/4.8.5/crtbegin.o
                [!provide]                        PROVIDE (__fini_array_end, .)

.ctors
 *crtbegin.o(.ctors)
 *crtbegin?.o(.ctors)
 *(EXCLUDE_FILE(*crtend?.o *crtend.o) .ctors)
 *(SORT(.ctors.*))
 *(.ctors)

.dtors
 *crtbegin.o(.dtors)
 *crtbegin?.o(.dtors)
 *(EXCLUDE_FILE(*crtend?.o *crtend.o) .dtors)
 *(SORT(.dtors.*))
 *(.dtors)

.jcr            0x0000000000602e10        0x8
 *(.jcr)
 .jcr           0x0000000000602e10        0x0 /usr/lib/gcc/x86_64-redhat-linux/4.8.5/crtbegin.o
 .jcr           0x0000000000602e10        0x8 /usr/lib/gcc/x86_64-redhat-linux/4.8.5/crtend.o

.data.rel.ro
 *(.data.rel.ro.local* .gnu.linkonce.d.rel.ro.local.*)
 *(.data.rel.ro .data.rel.ro.* .gnu.linkonce.d.rel.ro.*)

.dynamic        0x0000000000602e18      0x1e0
 *(.dynamic)
 .dynamic       0x0000000000602e18      0x1e0 /usr/lib/gcc/x86_64-redhat-linux/4.8.5/../../../../lib64/crt1.o
                0x0000000000602e18                _DYNAMIC

.got            0x0000000000602ff8        0x8
 *(.got)
 .got           0x0000000000602ff8        0x8 /usr/lib/gcc/x86_64-redhat-linux/4.8.5/../../../../lib64/crt1.o
 *(.igot)
                0x0000000000603fe8                . = DATA_SEGMENT_RELRO_END (., (SIZEOF (.got.plt) >= 0x18)?0x18:0x0)

.got.plt        0x0000000000603000      0x108
 *(.got.plt)
 .got.plt       0x0000000000603000      0x108 /usr/lib/gcc/x86_64-redhat-linux/4.8.5/../../../../lib64/crt1.o
                0x0000000000603000                _GLOBAL_OFFSET_TABLE_
 *(.igot.plt)

.data           0x0000000000603108        0x9
 *(.data .data.* .gnu.linkonce.d.*)
 .data          0x0000000000603108        0x4 /usr/lib/gcc/x86_64-redhat-linux/4.8.5/../../../../lib64/crt1.o
                0x0000000000603108                data_start
                0x0000000000603108                __data_start
 .data          0x000000000060310c        0x0 /usr/lib/gcc/x86_64-redhat-linux/4.8.5/../../../../lib64/crti.o
 .data          0x000000000060310c        0x0 /usr/lib/gcc/x86_64-redhat-linux/4.8.5/crtbegin.o
 .data          0x000000000060310c        0x5 oam.o
                0x000000000060310c                debug
                0x0000000000603110                own_dev
 .data          0x0000000000603111        0x0 /usr/lib64/libc_nonshared.a(elf-init.oS)
 .data          0x0000000000603111        0x0 /usr/lib/gcc/x86_64-redhat-linux/4.8.5/crtend.o
 .data          0x0000000000603111        0x0 /usr/lib/gcc/x86_64-redhat-linux/4.8.5/../../../../lib64/crtn.o

.tm_clone_table
                0x0000000000603118        0x0
 .tm_clone_table
                0x0000000000603118        0x0 /usr/lib/gcc/x86_64-redhat-linux/4.8.5/crtbegin.o
 .tm_clone_table
                0x0000000000603118        0x0 /usr/lib/gcc/x86_64-redhat-linux/4.8.5/crtend.o

.data1
 *(.data1)
                0x0000000000603118                _edata = .
                [!provide]                        PROVIDE (edata, .)
                0x0000000000603118                . = .
                0x0000000000603118                __bss_start = .

.bss            0x0000000000603120      0x448
 *(.dynbss)
 .dynbss        0x0000000000603120        0x0 /usr/lib/gcc/x86_64-redhat-linux/4.8.5/../../../../lib64/crt1.o
 *(.bss .bss.* .gnu.linkonce.b.*)
 .bss           0x0000000000603120        0x0 /usr/lib/gcc/x86_64-redhat-linux/4.8.5/../../../../lib64/crt1.o
 .bss           0x0000000000603120        0x0 /usr/lib/gcc/x86_64-redhat-linux/4.8.5/../../../../lib64/crti.o
 .bss           0x0000000000603120        0x1 /usr/lib/gcc/x86_64-redhat-linux/4.8.5/crtbegin.o
 *fill*         0x0000000000603121       0x1f 
 .bss           0x0000000000603140      0x428 oam.o
                0x0000000000603140                test_end_time
                0x00000000006031c0                test_start_time
                0x0000000000603240                fd_tty
                0x0000000000603260                board
                0x0000000000603560                fd_info
 .bss           0x0000000000603568        0x0 /usr/lib64/libc_nonshared.a(elf-init.oS)
 .bss           0x0000000000603568        0x0 /usr/lib/gcc/x86_64-redhat-linux/4.8.5/crtend.o
 .bss           0x0000000000603568        0x0 /usr/lib/gcc/x86_64-redhat-linux/4.8.5/../../../../lib64/crtn.o
 *(COMMON)
                0x0000000000603568                . = ALIGN ((. != 0x0)?0x8:0x1)

.lbss
 *(.dynlbss)
 *(.lbss .lbss.* .gnu.linkonce.lb.*)
 *(LARGE_COMMON)
                0x0000000000603568                . = ALIGN (0x8)
                0x0000000000603568                . = SEGMENT_START ("ldata-segment", .)

.lrodata
 *(.lrodata .lrodata.* .gnu.linkonce.lr.*)

.ldata          0x0000000000a03568        0x0
 *(.ldata .ldata.* .gnu.linkonce.l.*)
                0x0000000000a03568                . = ALIGN ((. != 0x0)?0x8:0x1)
                0x0000000000a03568                . = ALIGN (0x8)
                0x0000000000a03568                _end = .
                [!provide]                        PROVIDE (end, .)
                0x0000000000a03568                . = DATA_SEGMENT_END (.)

.stab
 *(.stab)

.stabstr
 *(.stabstr)

.stab.excl
 *(.stab.excl)

.stab.exclstr
 *(.stab.exclstr)

.stab.index
 *(.stab.index)

.stab.indexstr
 *(.stab.indexstr)

.comment        0x0000000000000000       0x5a
 *(.comment)
 .comment       0x0000000000000000       0x2d /usr/lib/gcc/x86_64-redhat-linux/4.8.5/../../../../lib64/crt1.o
                                         0x2e (size before relaxing)
 .comment       0x000000000000002d       0x2d /usr/lib/gcc/x86_64-redhat-linux/4.8.5/crtbegin.o
                                         0x2e (size before relaxing)
 .comment       0x000000000000005a       0x2e oam.o
 .comment       0x000000000000005a       0x2e /usr/lib64/libc_nonshared.a(elf-init.oS)
 .comment       0x000000000000005a       0x2e /usr/lib/gcc/x86_64-redhat-linux/4.8.5/crtend.o

.debug
 *(.debug)

.line
 *(.line)

.debug_srcinfo
 *(.debug_srcinfo)

.debug_sfnames
 *(.debug_sfnames)

.debug_aranges  0x0000000000000000       0x40
 *(.debug_aranges)
 .debug_aranges
                0x0000000000000000       0x40 oam.o

.debug_pubnames
 *(.debug_pubnames)

.debug_info     0x0000000000000000     0x17bd
 *(.debug_info .gnu.linkonce.wi.*)
 .debug_info    0x0000000000000000     0x17bd oam.o

.debug_abbrev   0x0000000000000000      0x33c
 *(.debug_abbrev)
 .debug_abbrev  0x0000000000000000      0x33c oam.o

.debug_line     0x0000000000000000      0x39e
 *(.debug_line .debug_line.* .debug_line_end)
 .debug_line    0x0000000000000000      0x39e oam.o

.debug_frame
 *(.debug_frame)

.debug_str      0x0000000000000000      0x4eb
 *(.debug_str)
 .debug_str     0x0000000000000000      0x4eb oam.o
                                        0x582 (size before relaxing)

.debug_loc      0x0000000000000000      0xead
 *(.debug_loc)
 .debug_loc     0x0000000000000000      0xead oam.o

.debug_macinfo
 *(.debug_macinfo)

.debug_weaknames
 *(.debug_weaknames)

.debug_funcnames
 *(.debug_funcnames)

.debug_typenames
 *(.debug_typenames)

.debug_varnames
 *(.debug_varnames)

.debug_pubtypes
 *(.debug_pubtypes)

.debug_ranges   0x0000000000000000       0xf0
 *(.debug_ranges)
 .debug_ranges  0x0000000000000000       0xf0 oam.o

.debug_macro
 *(.debug_macro)

.gnu.attributes
 *(.gnu.attributes)

/DISCARD/
 *(.note.GNU-stack)
 *(.gnu_debuglink)
 *(.gnu.lto_*)
OUTPUT(oam elf64-x86-64)
