Component: ARM Compiler 5.06 update 7 (build 960) Tool: armlink [4d3601]

==============================================================================

Section Cross References

    main.o(i.main) refers to _printf_percent.o(.ARM.Collect$$_printf_percent$$00000000) for _printf_percent
    main.o(i.main) refers to _printf_s.o(.ARM.Collect$$_printf_percent$$00000014) for _printf_s
    main.o(i.main) refers to _printf_str.o(.text) for _printf_str
    main.o(i.main) refers to sys.o(i.Stm32_Clock_Init) for Stm32_Clock_Init
    main.o(i.main) refers to delay.o(i.delay_init) for delay_init
    main.o(i.main) refers to sdram.o(i.SDRAM_Init) for SDRAM_Init
    main.o(i.main) refers to usart.o(i.usart_init) for usart_init
    main.o(i.main) refers to led.o(i.LED_Init) for LED_Init
    main.o(i.main) refers to tim.o(i.TIM6_Init) for TIM6_Init
    main.o(i.main) refers to i2c.o(i.IIC_Init) for IIC_Init
    main.o(i.main) refers to noretval__2printf.o(.text) for __2printf
    main.o(i.main) refers to noretval__2sprintf.o(.text) for __2sprintf
    main.o(i.main) refers to strlen.o(.text) for strlen
    main.o(i.main) refers to ble.o(i.USART2_SendData) for USART2_SendData
    main.o(i.main) refers to rt_memclr_w.o(.text) for __aeabi_memclr4
    main.o(i.main) refers to system_stm32f4xx.o(.data) for SystemCoreClock
    main.o(i.main) refers to ble.o(.data) for USART2_RX_STA
    main.o(i.main) refers to ble.o(.bss) for USART2_RX_BUF
    sys.o(i.Stm32_Clock_Init) refers to sys.o(i.Sys_Clock_Set) for Sys_Clock_Set
    sys.o(i.Stm32_Clock_Init) refers to sys.o(i.MY_NVIC_GROUP_CONFIG) for MY_NVIC_GROUP_CONFIG
    sys.o(i.Stm32_Clock_Init) refers to sys.o(i.MY_NVIC_SetVectorTable) for MY_NVIC_SetVectorTable
    sys.o(i.Stm32_Clock_Init) refers to system_stm32f4xx.o(.data) for SystemCoreClock
    sys.o(i.Sys_Standby) refers to sys.o(.emb_text) for WFI_SET
    delay.o(i.TIM2_IRQHandler) refers to delay.o(.data) for delay_interrupt_cnt
    delay.o(i.delay_init) refers to sys.o(i.MY_NVIC_SET) for MY_NVIC_SET
    delay.o(i.delay_init) refers to delay.o(.data) for delay_interrupt_cnt
    delay.o(i.delay_ms) refers to delay.o(.data) for delay_interrupt_cnt
    delay.o(i.delay_us) refers to delay.o(.data) for delay_interrupt_cnt
    tim.o(i.TIM6_DAC_IRQHandler) refers to tim.o(.data) for TIM6_IT_STATUS
    tim.o(i.TIM6_Init) refers to sys.o(i.MY_NVIC_SET) for MY_NVIC_SET
    tim.o(i.TIM6_Init) refers to tim.o(.data) for TIM6_IT_STATUS
    usart.o(.rev16_text) refers (Special) to use_no_semi_2.o(.text) for __use_no_semihosting
    usart.o(.revsh_text) refers (Special) to use_no_semi_2.o(.text) for __use_no_semihosting
    usart.o(.rrx_text) refers (Special) to use_no_semi_2.o(.text) for __use_no_semihosting
    usart.o(i.USART3_IRQHandler) refers (Special) to use_no_semi_2.o(.text) for __use_no_semihosting
    usart.o(i.USART3_IRQHandler) refers to usart.o(.bss) for USART_RX_BUF
    usart.o(i.USART3_IRQHandler) refers to usart.o(.data) for USART_RX_LEN
    usart.o(i._sys_exit) refers (Special) to use_no_semi_2.o(.text) for __use_no_semihosting
    usart.o(i.fputc) refers (Special) to use_no_semi_2.o(.text) for __use_no_semihosting
    usart.o(i.usart_init) refers (Special) to use_no_semi_2.o(.text) for __use_no_semihosting
    usart.o(i.usart_init) refers to sys.o(i.MY_NVIC_SET) for MY_NVIC_SET
    usart.o(i.usart_init) refers to system_stm32f4xx.o(.data) for SystemCoreClock
    usart.o(.bss) refers (Special) to use_no_semi_2.o(.text) for __use_no_semihosting
    usart.o(.data) refers (Special) to use_no_semi_2.o(.text) for __use_no_semihosting
    i2c.o(i.IIC_Ack) refers to delay.o(i.delay_us) for delay_us
    i2c.o(i.IIC_NAck) refers to delay.o(i.delay_us) for delay_us
    i2c.o(i.IIC_ReadData) refers to i2c.o(i.IIC_Start) for IIC_Start
    i2c.o(i.IIC_ReadData) refers to i2c.o(i.IIC_Send_Byte) for IIC_Send_Byte
    i2c.o(i.IIC_ReadData) refers to i2c.o(i.IIC_Wait_Ack) for IIC_Wait_Ack
    i2c.o(i.IIC_ReadData) refers to i2c.o(i.IIC_Read_Byte) for IIC_Read_Byte
    i2c.o(i.IIC_ReadData) refers to i2c.o(i.IIC_Stop) for IIC_Stop
    i2c.o(i.IIC_Read_Byte) refers to delay.o(i.delay_us) for delay_us
    i2c.o(i.IIC_Read_Byte) refers to i2c.o(i.IIC_NAck) for IIC_NAck
    i2c.o(i.IIC_Read_Byte) refers to i2c.o(i.IIC_Ack) for IIC_Ack
    i2c.o(i.IIC_Send_Byte) refers to delay.o(i.delay_us) for delay_us
    i2c.o(i.IIC_Start) refers to delay.o(i.delay_us) for delay_us
    i2c.o(i.IIC_Stop) refers to delay.o(i.delay_us) for delay_us
    i2c.o(i.IIC_Wait_Ack) refers to delay.o(i.delay_us) for delay_us
    i2c.o(i.IIC_Wait_Ack) refers to i2c.o(i.IIC_Stop) for IIC_Stop
    i2c.o(i.IIC_WriteData) refers to i2c.o(i.IIC_Start) for IIC_Start
    i2c.o(i.IIC_WriteData) refers to i2c.o(i.IIC_Send_Byte) for IIC_Send_Byte
    i2c.o(i.IIC_WriteData) refers to i2c.o(i.IIC_Wait_Ack) for IIC_Wait_Ack
    i2c.o(i.IIC_WriteData) refers to i2c.o(i.IIC_Stop) for IIC_Stop
    iap.o(i.JUMP_TO_BOOTLOADER) refers to noretval__2printf.o(.text) for __2printf
    iap.o(i.JUMP_TO_BOOTLOADER) refers to iap.o(i.iap_load_app) for iap_load_app
    iap.o(i.iap_load_app) refers to sys.o(.emb_text) for MSR_MSP
    iap.o(i.iap_load_app) refers to iap.o(.data) for app_addr
    ble.o(i.BLE_Init) refers to ble.o(i.scan_bound) for scan_bound
    ble.o(i.BLE_Init) refers to ble.o(i.BLE_SEND_CMD) for BLE_SEND_CMD
    ble.o(i.BLE_Init) refers to ble.o(i.BLE_wait) for BLE_wait
    ble.o(i.BLE_SEND_CMD) refers to _printf_percent.o(.ARM.Collect$$_printf_percent$$00000000) for _printf_percent
    ble.o(i.BLE_SEND_CMD) refers to _printf_s.o(.ARM.Collect$$_printf_percent$$00000014) for _printf_s
    ble.o(i.BLE_SEND_CMD) refers to _printf_str.o(.text) for _printf_str
    ble.o(i.BLE_SEND_CMD) refers to rt_memclr_w.o(.text) for __aeabi_memclr4
    ble.o(i.BLE_SEND_CMD) refers to memcmp.o(.text) for memcmp
    ble.o(i.BLE_SEND_CMD) refers to ble.o(i.USART2_SendData) for USART2_SendData
    ble.o(i.BLE_SEND_CMD) refers to noretval__2sprintf.o(.text) for __2sprintf
    ble.o(i.BLE_SEND_CMD) refers to strlen.o(.text) for strlen
    ble.o(i.BLE_wait) refers to noretval__2printf.o(.text) for __2printf
    ble.o(i.BLE_wait) refers to strlen.o(.text) for strlen
    ble.o(i.BLE_wait) refers to memcmp.o(.text) for memcmp
    ble.o(i.BLE_wait) refers to system_stm32f4xx.o(.data) for SystemCoreClock
    ble.o(i.BLE_wait) refers to ble.o(.data) for USART2_RX_STA
    ble.o(i.BLE_wait) refers to ble.o(.bss) for USART2_RX_BUF
    ble.o(i.USART2_IRQHandler) refers to ble.o(.bss) for USART2_RX_BUF
    ble.o(i.USART2_IRQHandler) refers to ble.o(.data) for USART2_RX_LEN
    ble.o(i.ignore_ack) refers to delay.o(i.delay_ms) for delay_ms
    ble.o(i.ignore_ack) refers to ble.o(.data) for USART2_RX_STA
    ble.o(i.scan_bound) refers to _printf_percent.o(.ARM.Collect$$_printf_percent$$00000000) for _printf_percent
    ble.o(i.scan_bound) refers to _printf_d.o(.ARM.Collect$$_printf_percent$$00000009) for _printf_d
    ble.o(i.scan_bound) refers to _printf_dec.o(.text) for _printf_int_dec
    ble.o(i.scan_bound) refers to rt_memcpy_w.o(.text) for __aeabi_memcpy4
    ble.o(i.scan_bound) refers to ble.o(i.usart2_init) for usart2_init
    ble.o(i.scan_bound) refers to ble.o(i.BLE_SEND_CMD) for BLE_SEND_CMD
    ble.o(i.scan_bound) refers to ble.o(i.ignore_ack) for ignore_ack
    ble.o(i.scan_bound) refers to ble.o(i.BLE_wait) for BLE_wait
    ble.o(i.scan_bound) refers to noretval__2printf.o(.text) for __2printf
    ble.o(i.scan_bound) refers to ble.o(.constdata) for .constdata
    ble.o(i.usart2_init) refers to sys.o(i.MY_NVIC_SET) for MY_NVIC_SET
    ble.o(i.usart2_init) refers to system_stm32f4xx.o(.data) for SystemCoreClock
    spi.o(i.SPI5_Init) refers to spi.o(i.SPI5_ReadWriteByte) for SPI5_ReadWriteByte
    sdram.o(i.SDRAM_Init) refers to sdram.o(i.SDRAM_Send_Cmd) for SDRAM_Send_Cmd
    sdram.o(i.SDRAM_Init) refers to delay.o(i.delay_us) for delay_us
    w25qxx.o(i.W25QXX_Erase_Chip) refers to w25qxx.o(i.W25QXX_Write_Enable) for W25QXX_Write_Enable
    w25qxx.o(i.W25QXX_Erase_Chip) refers to w25qxx.o(i.W25QXX_Wait_Busy) for W25QXX_Wait_Busy
    w25qxx.o(i.W25QXX_Erase_Chip) refers to spi.o(i.SPI5_ReadWriteByte) for SPI5_ReadWriteByte
    w25qxx.o(i.W25QXX_Erase_Sector) refers to w25qxx.o(i.W25QXX_Write_Enable) for W25QXX_Write_Enable
    w25qxx.o(i.W25QXX_Erase_Sector) refers to w25qxx.o(i.W25QXX_Wait_Busy) for W25QXX_Wait_Busy
    w25qxx.o(i.W25QXX_Erase_Sector) refers to spi.o(i.SPI5_ReadWriteByte) for SPI5_ReadWriteByte
    w25qxx.o(i.W25QXX_Erase_Sector) refers to w25qxx.o(.data) for W25QXX_TYPE
    w25qxx.o(i.W25QXX_Init) refers to spi.o(i.SPI5_Init) for SPI5_Init
    w25qxx.o(i.W25QXX_Init) refers to spi.o(i.SPI5_SetSpeed) for SPI5_SetSpeed
    w25qxx.o(i.W25QXX_Init) refers to w25qxx.o(i.W25QXX_ReadID) for W25QXX_ReadID
    w25qxx.o(i.W25QXX_Init) refers to w25qxx.o(i.W25QXX_ReadSR) for W25QXX_ReadSR
    w25qxx.o(i.W25QXX_Init) refers to spi.o(i.SPI5_ReadWriteByte) for SPI5_ReadWriteByte
    w25qxx.o(i.W25QXX_Init) refers to w25qxx.o(.data) for W25QXX_TYPE
    w25qxx.o(i.W25QXX_PowerDown) refers to spi.o(i.SPI5_ReadWriteByte) for SPI5_ReadWriteByte
    w25qxx.o(i.W25QXX_PowerDown) refers to delay.o(i.delay_us) for delay_us
    w25qxx.o(i.W25QXX_Read) refers to spi.o(i.SPI5_ReadWriteByte) for SPI5_ReadWriteByte
    w25qxx.o(i.W25QXX_Read) refers to w25qxx.o(.data) for W25QXX_TYPE
    w25qxx.o(i.W25QXX_ReadID) refers to spi.o(i.SPI5_ReadWriteByte) for SPI5_ReadWriteByte
    w25qxx.o(i.W25QXX_ReadSR) refers to spi.o(i.SPI5_ReadWriteByte) for SPI5_ReadWriteByte
    w25qxx.o(i.W25QXX_WAKEUP) refers to spi.o(i.SPI5_ReadWriteByte) for SPI5_ReadWriteByte
    w25qxx.o(i.W25QXX_WAKEUP) refers to delay.o(i.delay_us) for delay_us
    w25qxx.o(i.W25QXX_Wait_Busy) refers to w25qxx.o(i.W25QXX_ReadSR) for W25QXX_ReadSR
    w25qxx.o(i.W25QXX_Write) refers to w25qxx.o(i.W25QXX_Read) for W25QXX_Read
    w25qxx.o(i.W25QXX_Write) refers to w25qxx.o(i.W25QXX_Erase_Sector) for W25QXX_Erase_Sector
    w25qxx.o(i.W25QXX_Write) refers to w25qxx.o(i.W25QXX_Write_NoCheck) for W25QXX_Write_NoCheck
    w25qxx.o(i.W25QXX_Write) refers to w25qxx.o(.bss) for W25QXX_BUFFER
    w25qxx.o(i.W25QXX_Write_Disable) refers to spi.o(i.SPI5_ReadWriteByte) for SPI5_ReadWriteByte
    w25qxx.o(i.W25QXX_Write_Enable) refers to spi.o(i.SPI5_ReadWriteByte) for SPI5_ReadWriteByte
    w25qxx.o(i.W25QXX_Write_NoCheck) refers to w25qxx.o(i.W25QXX_Write_Page) for W25QXX_Write_Page
    w25qxx.o(i.W25QXX_Write_Page) refers to w25qxx.o(i.W25QXX_Write_Enable) for W25QXX_Write_Enable
    w25qxx.o(i.W25QXX_Write_Page) refers to spi.o(i.SPI5_ReadWriteByte) for SPI5_ReadWriteByte
    w25qxx.o(i.W25QXX_Write_Page) refers to w25qxx.o(i.W25QXX_Wait_Busy) for W25QXX_Wait_Busy
    w25qxx.o(i.W25QXX_Write_Page) refers to w25qxx.o(.data) for W25QXX_TYPE
    w25qxx.o(i.W25QXX_Write_SR) refers to spi.o(i.SPI5_ReadWriteByte) for SPI5_ReadWriteByte
    startup_stm32f429xx.o(STACK) refers (Special) to heapauxi.o(.text) for __use_two_region_memory
    startup_stm32f429xx.o(HEAP) refers (Special) to heapauxi.o(.text) for __use_two_region_memory
    startup_stm32f429xx.o(RESET) refers (Special) to heapauxi.o(.text) for __use_two_region_memory
    startup_stm32f429xx.o(RESET) refers to startup_stm32f429xx.o(STACK) for __initial_sp
    startup_stm32f429xx.o(RESET) refers to startup_stm32f429xx.o(.text) for Reset_Handler
    startup_stm32f429xx.o(RESET) refers to delay.o(i.TIM2_IRQHandler) for TIM2_IRQHandler
    startup_stm32f429xx.o(RESET) refers to ble.o(i.USART2_IRQHandler) for USART2_IRQHandler
    startup_stm32f429xx.o(RESET) refers to usart.o(i.USART3_IRQHandler) for USART3_IRQHandler
    startup_stm32f429xx.o(RESET) refers to tim.o(i.TIM6_DAC_IRQHandler) for TIM6_DAC_IRQHandler
    startup_stm32f429xx.o(.text) refers (Special) to heapauxi.o(.text) for __use_two_region_memory
    startup_stm32f429xx.o(.text) refers to system_stm32f4xx.o(i.SystemInit) for SystemInit
    startup_stm32f429xx.o(.text) refers to __main.o(!!!main) for __main
    startup_stm32f429xx.o(.text) refers to startup_stm32f429xx.o(HEAP) for Heap_Mem
    startup_stm32f429xx.o(.text) refers to startup_stm32f429xx.o(STACK) for Stack_Mem
    system_stm32f4xx.o(i.SystemCoreClockUpdate) refers to system_stm32f4xx.o(.data) for SystemCoreClock
    system_stm32f4xx.o(i.SystemCoreClockUpdate) refers to system_stm32f4xx.o(.constdata) for AHBPrescTable
    use_no_semi_2.o(.text) refers (Special) to use_no_semi.o(.text) for __use_no_semihosting_swi
    __2printf.o(.text) refers to _printf_char_file.o(.text) for _printf_char_file
    __2printf.o(.text) refers to usart.o(.data) for __stdout
    __2sprintf.o(.text) refers to _printf_char_common.o(.text) for _printf_char_common
    __2sprintf.o(.text) refers to _sputc.o(.text) for _sputc
    noretval__2printf.o(.text) refers to _printf_char_file.o(.text) for _printf_char_file
    noretval__2printf.o(.text) refers to usart.o(.data) for __stdout
    noretval__2sprintf.o(.text) refers to _printf_char_common.o(.text) for _printf_char_common
    noretval__2sprintf.o(.text) refers to _sputc.o(.text) for _sputc
    __printf.o(.text) refers to _printf_percent.o(.ARM.Collect$$_printf_percent$$00000000) for _printf_percent
    _printf_str.o(.text) refers (Special) to _printf_char.o(.text) for _printf_cs_common
    _printf_dec.o(.text) refers to _printf_intcommon.o(.text) for _printf_int_common
    __printf_flags.o(.text) refers to _printf_percent.o(.ARM.Collect$$_printf_percent$$00000000) for _printf_percent
    __printf_flags.o(.text) refers to __printf_flags.o(.constdata) for .constdata
    __printf_ss.o(.text) refers to _printf_percent.o(.ARM.Collect$$_printf_percent$$00000000) for _printf_percent
    __printf_flags_ss.o(.text) refers to _printf_percent.o(.ARM.Collect$$_printf_percent$$00000000) for _printf_percent
    __printf_flags_ss.o(.text) refers to __printf_flags_ss.o(.constdata) for .constdata
    __printf_wp.o(.text) refers to __printf_wp.o(i._is_digit) for _is_digit
    __printf_wp.o(.text) refers to _printf_percent.o(.ARM.Collect$$_printf_percent$$00000000) for _printf_percent
    __printf_flags_wp.o(.text) refers to __printf_wp.o(i._is_digit) for _is_digit
    __printf_flags_wp.o(.text) refers to _printf_percent.o(.ARM.Collect$$_printf_percent$$00000000) for _printf_percent
    __printf_flags_wp.o(.text) refers to __printf_flags_wp.o(.constdata) for .constdata
    __printf_ss_wp.o(.text) refers to __printf_wp.o(i._is_digit) for _is_digit
    __printf_ss_wp.o(.text) refers to _printf_percent.o(.ARM.Collect$$_printf_percent$$00000000) for _printf_percent
    __printf_flags_ss_wp.o(.text) refers to __printf_wp.o(i._is_digit) for _is_digit
    __printf_flags_ss_wp.o(.text) refers to _printf_percent.o(.ARM.Collect$$_printf_percent$$00000000) for _printf_percent
    __printf_flags_ss_wp.o(.text) refers to __printf_flags_ss_wp.o(.constdata) for .constdata
    _printf_s.o(.ARM.Collect$$_printf_percent$$00000014) refers (Weak) to _printf_char.o(.text) for _printf_string
    _printf_d.o(.ARM.Collect$$_printf_percent$$00000009) refers (Weak) to _printf_dec.o(.text) for _printf_int_dec
    _printf_percent.o(.ARM.Collect$$_printf_percent$$00000000) refers (Special) to _printf_percent_end.o(.ARM.Collect$$_printf_percent$$00000017) for _printf_percent_end
    __main.o(!!!main) refers to __rtentry.o(.ARM.Collect$$rtentry$$00000000) for __rt_entry
    __rtentry.o(.ARM.Collect$$rtentry$$00000000) refers (Special) to __rtentry2.o(.ARM.Collect$$rtentry$$0000000A) for __rt_entry_li
    __rtentry.o(.ARM.Collect$$rtentry$$00000000) refers (Special) to __rtentry2.o(.ARM.Collect$$rtentry$$0000000D) for __rt_entry_main
    __rtentry.o(.ARM.Collect$$rtentry$$00000000) refers (Special) to __rtentry2.o(.ARM.Collect$$rtentry$$0000000C) for __rt_entry_postli_1
    __rtentry.o(.ARM.Collect$$rtentry$$00000000) refers (Special) to __rtentry2.o(.ARM.Collect$$rtentry$$00000009) for __rt_entry_postsh_1
    __rtentry.o(.ARM.Collect$$rtentry$$00000000) refers (Special) to __rtentry2.o(.ARM.Collect$$rtentry$$00000002) for __rt_entry_presh_1
    __rtentry.o(.ARM.Collect$$rtentry$$00000000) refers (Special) to __rtentry4.o(.ARM.Collect$$rtentry$$00000004) for __rt_entry_sh
    _printf_char_common.o(.text) refers to __printf.o(.text) for __printf
    _printf_char.o(.text) refers (Weak) to _printf_str.o(.text) for _printf_str
    _printf_char_file.o(.text) refers to _printf_char_common.o(.text) for _printf_char_common
    _printf_char_file.o(.text) refers to ferror.o(.text) for ferror
    _printf_char_file.o(.text) refers to usart.o(i.fputc) for fputc
    __rtentry2.o(.ARM.Collect$$rtentry$$00000008) refers to boardinit2.o(.text) for _platform_post_stackheap_init
    __rtentry2.o(.ARM.Collect$$rtentry$$0000000A) refers to libinit.o(.ARM.Collect$$libinit$$00000000) for __rt_lib_init
    __rtentry2.o(.ARM.Collect$$rtentry$$0000000B) refers to boardinit3.o(.text) for _platform_post_lib_init
    __rtentry2.o(.ARM.Collect$$rtentry$$0000000D) refers to main.o(i.main) for main
    __rtentry2.o(.ARM.Collect$$rtentry$$0000000D) refers to exit.o(.text) for exit
    __rtentry2.o(.ARM.exidx) refers to __rtentry2.o(.ARM.Collect$$rtentry$$00000001) for .ARM.Collect$$rtentry$$00000001
    __rtentry2.o(.ARM.exidx) refers to __rtentry2.o(.ARM.Collect$$rtentry$$00000008) for .ARM.Collect$$rtentry$$00000008
    __rtentry2.o(.ARM.exidx) refers to __rtentry2.o(.ARM.Collect$$rtentry$$0000000A) for .ARM.Collect$$rtentry$$0000000A
    __rtentry2.o(.ARM.exidx) refers to __rtentry2.o(.ARM.Collect$$rtentry$$0000000B) for .ARM.Collect$$rtentry$$0000000B
    __rtentry2.o(.ARM.exidx) refers to __rtentry2.o(.ARM.Collect$$rtentry$$0000000D) for .ARM.Collect$$rtentry$$0000000D
    __rtentry4.o(.ARM.Collect$$rtentry$$00000004) refers to sys_stackheap_outer.o(.text) for __user_setup_stackheap
    __rtentry4.o(.ARM.exidx) refers to __rtentry4.o(.ARM.Collect$$rtentry$$00000004) for .ARM.Collect$$rtentry$$00000004
    sys_stackheap_outer.o(.text) refers to libspace.o(.text) for __user_perproc_libspace
    sys_stackheap_outer.o(.text) refers to startup_stm32f429xx.o(.text) for __user_initial_stackheap
    exit.o(.text) refers to rtexit.o(.ARM.Collect$$rtexit$$00000000) for __rt_exit
    libinit.o(.ARM.Collect$$libinit$$00000000) refers (Special) to libinit2.o(.ARM.Collect$$libinit$$0000002E) for __rt_lib_init_alloca_1
    libinit.o(.ARM.Collect$$libinit$$00000000) refers (Special) to libinit2.o(.ARM.Collect$$libinit$$0000002C) for __rt_lib_init_argv_1
    libinit.o(.ARM.Collect$$libinit$$00000000) refers (Special) to libinit2.o(.ARM.Collect$$libinit$$0000001B) for __rt_lib_init_atexit_1
    libinit.o(.ARM.Collect$$libinit$$00000000) refers (Special) to libinit2.o(.ARM.Collect$$libinit$$00000021) for __rt_lib_init_clock_1
    libinit.o(.ARM.Collect$$libinit$$00000000) refers (Special) to libinit2.o(.ARM.Collect$$libinit$$00000032) for __rt_lib_init_cpp_1
    libinit.o(.ARM.Collect$$libinit$$00000000) refers (Special) to libinit2.o(.ARM.Collect$$libinit$$00000030) for __rt_lib_init_exceptions_1
    libinit.o(.ARM.Collect$$libinit$$00000000) refers (Special) to libinit2.o(.ARM.Collect$$libinit$$00000001) for __rt_lib_init_fp_1
    libinit.o(.ARM.Collect$$libinit$$00000000) refers (Special) to libinit2.o(.ARM.Collect$$libinit$$0000001F) for __rt_lib_init_fp_trap_1
    libinit.o(.ARM.Collect$$libinit$$00000000) refers (Special) to libinit2.o(.ARM.Collect$$libinit$$00000023) for __rt_lib_init_getenv_1
    libinit.o(.ARM.Collect$$libinit$$00000000) refers (Special) to libinit2.o(.ARM.Collect$$libinit$$0000000A) for __rt_lib_init_heap_1
    libinit.o(.ARM.Collect$$libinit$$00000000) refers (Special) to libinit2.o(.ARM.Collect$$libinit$$00000011) for __rt_lib_init_lc_collate_1
    libinit.o(.ARM.Collect$$libinit$$00000000) refers (Special) to libinit2.o(.ARM.Collect$$libinit$$00000013) for __rt_lib_init_lc_ctype_1
    libinit.o(.ARM.Collect$$libinit$$00000000) refers (Special) to libinit2.o(.ARM.Collect$$libinit$$00000015) for __rt_lib_init_lc_monetary_1
    libinit.o(.ARM.Collect$$libinit$$00000000) refers (Special) to libinit2.o(.ARM.Collect$$libinit$$00000017) for __rt_lib_init_lc_numeric_1
    libinit.o(.ARM.Collect$$libinit$$00000000) refers (Special) to libinit2.o(.ARM.Collect$$libinit$$00000019) for __rt_lib_init_lc_time_1
    libinit.o(.ARM.Collect$$libinit$$00000000) refers (Special) to libinit2.o(.ARM.Collect$$libinit$$00000004) for __rt_lib_init_preinit_1
    libinit.o(.ARM.Collect$$libinit$$00000000) refers (Special) to libinit2.o(.ARM.Collect$$libinit$$0000000E) for __rt_lib_init_rand_1
    libinit.o(.ARM.Collect$$libinit$$00000000) refers (Special) to libinit2.o(.ARM.Collect$$libinit$$00000033) for __rt_lib_init_return
    libinit.o(.ARM.Collect$$libinit$$00000000) refers (Special) to libinit2.o(.ARM.Collect$$libinit$$0000001D) for __rt_lib_init_signal_1
    libinit.o(.ARM.Collect$$libinit$$00000000) refers (Special) to libinit2.o(.ARM.Collect$$libinit$$00000025) for __rt_lib_init_stdio_1
    libinit.o(.ARM.Collect$$libinit$$00000000) refers (Special) to libinit2.o(.ARM.Collect$$libinit$$0000000C) for __rt_lib_init_user_alloc_1
    libspace.o(.text) refers to libspace.o(.bss) for __libspace_start
    rtexit.o(.ARM.Collect$$rtexit$$00000000) refers (Special) to rtexit2.o(.ARM.Collect$$rtexit$$00000004) for __rt_exit_exit
    rtexit.o(.ARM.Collect$$rtexit$$00000000) refers (Special) to rtexit2.o(.ARM.Collect$$rtexit$$00000003) for __rt_exit_ls
    rtexit.o(.ARM.Collect$$rtexit$$00000000) refers (Special) to rtexit2.o(.ARM.Collect$$rtexit$$00000002) for __rt_exit_prels_1
    rtexit.o(.ARM.exidx) refers (Special) to rtexit2.o(.ARM.Collect$$rtexit$$00000004) for __rt_exit_exit
    rtexit.o(.ARM.exidx) refers (Special) to rtexit2.o(.ARM.Collect$$rtexit$$00000003) for __rt_exit_ls
    rtexit.o(.ARM.exidx) refers (Special) to rtexit2.o(.ARM.Collect$$rtexit$$00000002) for __rt_exit_prels_1
    rtexit.o(.ARM.exidx) refers to rtexit.o(.ARM.Collect$$rtexit$$00000000) for .ARM.Collect$$rtexit$$00000000
    libinit2.o(.ARM.Collect$$libinit$$00000001) refers to fpinit.o(x$fpl$fpinit) for _fp_init
    libinit2.o(.ARM.Collect$$libinit$$00000010) refers to libinit2.o(.ARM.Collect$$libinit$$0000000F) for .ARM.Collect$$libinit$$0000000F
    libinit2.o(.ARM.Collect$$libinit$$00000012) refers to libinit2.o(.ARM.Collect$$libinit$$0000000F) for .ARM.Collect$$libinit$$0000000F
    libinit2.o(.ARM.Collect$$libinit$$00000014) refers to libinit2.o(.ARM.Collect$$libinit$$0000000F) for .ARM.Collect$$libinit$$0000000F
    libinit2.o(.ARM.Collect$$libinit$$00000016) refers to libinit2.o(.ARM.Collect$$libinit$$0000000F) for .ARM.Collect$$libinit$$0000000F
    libinit2.o(.ARM.Collect$$libinit$$00000018) refers to libinit2.o(.ARM.Collect$$libinit$$0000000F) for .ARM.Collect$$libinit$$0000000F
    libinit2.o(.ARM.Collect$$libinit$$00000026) refers to argv_veneer.o(.emb_text) for __ARM_argv_veneer
    libinit2.o(.ARM.Collect$$libinit$$00000027) refers to argv_veneer.o(.emb_text) for __ARM_argv_veneer
    rtexit2.o(.ARM.Collect$$rtexit$$00000003) refers to libshutdown.o(.ARM.Collect$$libshutdown$$00000000) for __rt_lib_shutdown
    rtexit2.o(.ARM.Collect$$rtexit$$00000004) refers to usart.o(i._sys_exit) for _sys_exit
    rtexit2.o(.ARM.exidx) refers to rtexit2.o(.ARM.Collect$$rtexit$$00000001) for .ARM.Collect$$rtexit$$00000001
    rtexit2.o(.ARM.exidx) refers to rtexit2.o(.ARM.Collect$$rtexit$$00000003) for .ARM.Collect$$rtexit$$00000003
    rtexit2.o(.ARM.exidx) refers to rtexit2.o(.ARM.Collect$$rtexit$$00000004) for .ARM.Collect$$rtexit$$00000004
    argv_veneer.o(.emb_text) refers to no_argv.o(.text) for __ARM_get_argv
    _get_argv_nomalloc.o(.text) refers (Special) to hrguard.o(.text) for __heap_region$guard
    _get_argv_nomalloc.o(.text) refers to defsig_rtmem_outer.o(.text) for __rt_SIGRTMEM
    _get_argv_nomalloc.o(.text) refers to sys_command.o(.text) for _sys_command_string
    libshutdown.o(.ARM.Collect$$libshutdown$$00000000) refers (Special) to libshutdown2.o(.ARM.Collect$$libshutdown$$00000004) for __rt_lib_shutdown_cpp_1
    libshutdown.o(.ARM.Collect$$libshutdown$$00000000) refers (Special) to libshutdown2.o(.ARM.Collect$$libshutdown$$00000002) for __rt_lib_shutdown_fini_1
    libshutdown.o(.ARM.Collect$$libshutdown$$00000000) refers (Special) to libshutdown2.o(.ARM.Collect$$libshutdown$$00000009) for __rt_lib_shutdown_fp_trap_1
    libshutdown.o(.ARM.Collect$$libshutdown$$00000000) refers (Special) to libshutdown2.o(.ARM.Collect$$libshutdown$$00000011) for __rt_lib_shutdown_heap_1
    libshutdown.o(.ARM.Collect$$libshutdown$$00000000) refers (Special) to libshutdown2.o(.ARM.Collect$$libshutdown$$00000012) for __rt_lib_shutdown_return
    libshutdown.o(.ARM.Collect$$libshutdown$$00000000) refers (Special) to libshutdown2.o(.ARM.Collect$$libshutdown$$0000000C) for __rt_lib_shutdown_signal_1
    libshutdown.o(.ARM.Collect$$libshutdown$$00000000) refers (Special) to libshutdown2.o(.ARM.Collect$$libshutdown$$00000006) for __rt_lib_shutdown_stdio_1
    libshutdown.o(.ARM.Collect$$libshutdown$$00000000) refers (Special) to libshutdown2.o(.ARM.Collect$$libshutdown$$0000000E) for __rt_lib_shutdown_user_alloc_1
    sys_command.o(.text) refers (Special) to use_no_semi.o(.text) for __I$use$semihosting
    sys_command.o(.text) refers (Special) to indicate_semi.o(.text) for __semihosting_library_function
    defsig_rtmem_outer.o(.text) refers to defsig_rtmem_inner.o(.text) for __rt_SIGRTMEM_inner
    defsig_rtmem_outer.o(.text) refers to defsig_exit.o(.text) for __sig_exit
    defsig_rtmem_formal.o(.text) refers to rt_raise.o(.text) for __rt_raise
    rt_raise.o(.text) refers to __raise.o(.text) for __raise
    rt_raise.o(.text) refers to usart.o(i._sys_exit) for _sys_exit
    defsig_exit.o(.text) refers to usart.o(i._sys_exit) for _sys_exit
    defsig_rtmem_inner.o(.text) refers to defsig_general.o(.text) for __default_signal_display
    __raise.o(.text) refers to defsig.o(CL$$defsig) for __default_signal_handler
    defsig_general.o(.text) refers to sys_wrch.o(.text) for _ttywrch
    sys_wrch.o(.text) refers (Special) to use_no_semi.o(.text) for __I$use$semihosting
    sys_wrch.o(.text) refers (Special) to indicate_semi.o(.text) for __semihosting_library_function
    defsig.o(CL$$defsig) refers to defsig_rtmem_inner.o(.text) for __rt_SIGRTMEM_inner
    defsig_abrt_inner.o(.text) refers to defsig_general.o(.text) for __default_signal_display
    defsig_fpe_inner.o(.text) refers to defsig_general.o(.text) for __default_signal_display
    defsig_rtred_inner.o(.text) refers to defsig_general.o(.text) for __default_signal_display
    defsig_stak_inner.o(.text) refers to defsig_general.o(.text) for __default_signal_display
    defsig_pvfn_inner.o(.text) refers to defsig_general.o(.text) for __default_signal_display
    defsig_cppl_inner.o(.text) refers to defsig_general.o(.text) for __default_signal_display
    defsig_segv_inner.o(.text) refers to defsig_general.o(.text) for __default_signal_display
    defsig_other.o(.text) refers to defsig_general.o(.text) for __default_signal_display


==============================================================================

Removing Unused input sections from the image.

    Removing main.o(.rev16_text), (4 bytes).
    Removing main.o(.revsh_text), (4 bytes).
    Removing main.o(.rrx_text), (6 bytes).
    Removing main.o(.data), (4 bytes).
    Removing sys.o(.rev16_text), (4 bytes).
    Removing sys.o(.revsh_text), (4 bytes).
    Removing sys.o(.rrx_text), (6 bytes).
    Removing sys.o(.emb_text), (16 bytes).
    Removing sys.o(i.Ex_NVIC_Config), (180 bytes).
    Removing sys.o(i.GPIO_AF_Set), (64 bytes).
    Removing sys.o(i.GPIO_Set), (222 bytes).
    Removing sys.o(i.Sys_Soft_Reset), (16 bytes).
    Removing sys.o(i.Sys_Standby), (76 bytes).
    Removing delay.o(.rev16_text), (4 bytes).
    Removing delay.o(.revsh_text), (4 bytes).
    Removing delay.o(.rrx_text), (6 bytes).
    Removing delay.o(i.delay_ms), (76 bytes).
    Removing led.o(.rev16_text), (4 bytes).
    Removing led.o(.revsh_text), (4 bytes).
    Removing led.o(.rrx_text), (6 bytes).
    Removing tim.o(.rev16_text), (4 bytes).
    Removing tim.o(.revsh_text), (4 bytes).
    Removing tim.o(.rrx_text), (6 bytes).
    Removing usart.o(.rev16_text), (4 bytes).
    Removing usart.o(.revsh_text), (4 bytes).
    Removing usart.o(.rrx_text), (6 bytes).
    Removing i2c.o(.rev16_text), (4 bytes).
    Removing i2c.o(.revsh_text), (4 bytes).
    Removing i2c.o(.rrx_text), (6 bytes).
    Removing i2c.o(i.IIC_Ack), (84 bytes).
    Removing i2c.o(i.IIC_NAck), (84 bytes).
    Removing i2c.o(i.IIC_ReadData), (88 bytes).
    Removing i2c.o(i.IIC_Read_Byte), (108 bytes).
    Removing i2c.o(i.IIC_Send_Byte), (104 bytes).
    Removing i2c.o(i.IIC_Start), (76 bytes).
    Removing i2c.o(i.IIC_Stop), (76 bytes).
    Removing i2c.o(i.IIC_Wait_Ack), (104 bytes).
    Removing i2c.o(i.IIC_WriteData), (70 bytes).
    Removing iap.o(.rev16_text), (4 bytes).
    Removing iap.o(.revsh_text), (4 bytes).
    Removing iap.o(.rrx_text), (6 bytes).
    Removing iap.o(i.JUMP_TO_BOOTLOADER), (44 bytes).
    Removing iap.o(i.XmodemCrc16), (64 bytes).
    Removing iap.o(i.iap_load_app), (44 bytes).
    Removing iap.o(.data), (4 bytes).
    Removing ble.o(.rev16_text), (4 bytes).
    Removing ble.o(.revsh_text), (4 bytes).
    Removing ble.o(.rrx_text), (6 bytes).
    Removing ble.o(i.BLE_Init), (132 bytes).
    Removing ble.o(i.BLE_SEND_CMD), (120 bytes).
    Removing ble.o(i.BLE_wait), (124 bytes).
    Removing ble.o(i.ignore_ack), (36 bytes).
    Removing ble.o(i.scan_bound), (248 bytes).
    Removing ble.o(i.usart2_init), (304 bytes).
    Removing ble.o(.constdata), (64 bytes).
    Removing spi.o(.rev16_text), (4 bytes).
    Removing spi.o(.revsh_text), (4 bytes).
    Removing spi.o(.rrx_text), (6 bytes).
    Removing spi.o(i.SPI5_Init), (236 bytes).
    Removing spi.o(i.SPI5_ReadWriteByte), (48 bytes).
    Removing spi.o(i.SPI5_SetSpeed), (44 bytes).
    Removing sdram.o(.rev16_text), (4 bytes).
    Removing sdram.o(.revsh_text), (4 bytes).
    Removing sdram.o(.rrx_text), (6 bytes).
    Removing sdram.o(i.FMC_SDRAM_ReadBuffer), (26 bytes).
    Removing sdram.o(i.FMC_SDRAM_WriteBuffer), (26 bytes).
    Removing w25qxx.o(.rev16_text), (4 bytes).
    Removing w25qxx.o(.revsh_text), (4 bytes).
    Removing w25qxx.o(.rrx_text), (6 bytes).
    Removing w25qxx.o(i.W25QXX_Erase_Chip), (44 bytes).
    Removing w25qxx.o(i.W25QXX_Erase_Sector), (88 bytes).
    Removing w25qxx.o(i.W25QXX_Init), (176 bytes).
    Removing w25qxx.o(i.W25QXX_PowerDown), (40 bytes).
    Removing w25qxx.o(i.W25QXX_Read), (100 bytes).
    Removing w25qxx.o(i.W25QXX_ReadID), (72 bytes).
    Removing w25qxx.o(i.W25QXX_ReadSR), (80 bytes).
    Removing w25qxx.o(i.W25QXX_WAKEUP), (40 bytes).
    Removing w25qxx.o(i.W25QXX_Wait_Busy), (20 bytes).
    Removing w25qxx.o(i.W25QXX_Write), (184 bytes).
    Removing w25qxx.o(i.W25QXX_Write_Disable), (32 bytes).
    Removing w25qxx.o(i.W25QXX_Write_Enable), (32 bytes).
    Removing w25qxx.o(i.W25QXX_Write_NoCheck), (70 bytes).
    Removing w25qxx.o(i.W25QXX_Write_Page), (108 bytes).
    Removing w25qxx.o(i.W25QXX_Write_SR), (76 bytes).
    Removing w25qxx.o(.bss), (4096 bytes).
    Removing w25qxx.o(.data), (2 bytes).
    Removing system_stm32f4xx.o(.rev16_text), (4 bytes).
    Removing system_stm32f4xx.o(.revsh_text), (4 bytes).
    Removing system_stm32f4xx.o(.rrx_text), (6 bytes).
    Removing system_stm32f4xx.o(i.SystemCoreClockUpdate), (192 bytes).
    Removing system_stm32f4xx.o(.constdata), (24 bytes).

91 unused section(s) (total 8670 bytes) removed from the image.

==============================================================================

Image Symbol Table

    Local Symbols

    Symbol Name                              Value     Ov Type        Size  Object(Section)

    ../clib/angel/boardlib.s                 0x00000000   Number         0  boardinit2.o ABSOLUTE
    ../clib/angel/boardlib.s                 0x00000000   Number         0  boardinit3.o ABSOLUTE
    ../clib/angel/boardlib.s                 0x00000000   Number         0  boardshut.o ABSOLUTE
    ../clib/angel/boardlib.s                 0x00000000   Number         0  boardinit1.o ABSOLUTE
    ../clib/angel/handlers.s                 0x00000000   Number         0  __scatter_copy.o ABSOLUTE
    ../clib/angel/handlers.s                 0x00000000   Number         0  __scatter_zi.o ABSOLUTE
    ../clib/angel/kernel.s                   0x00000000   Number         0  rtexit.o ABSOLUTE
    ../clib/angel/kernel.s                   0x00000000   Number         0  __rtentry.o ABSOLUTE
    ../clib/angel/kernel.s                   0x00000000   Number         0  rtexit2.o ABSOLUTE
    ../clib/angel/kernel.s                   0x00000000   Number         0  __rtentry4.o ABSOLUTE
    ../clib/angel/kernel.s                   0x00000000   Number         0  __rtentry2.o ABSOLUTE
    ../clib/angel/rt.s                       0x00000000   Number         0  rt_raise.o ABSOLUTE
    ../clib/angel/scatter.s                  0x00000000   Number         0  __scatter.o ABSOLUTE
    ../clib/angel/startup.s                  0x00000000   Number         0  __main.o ABSOLUTE
    ../clib/angel/sys.s                      0x00000000   Number         0  indicate_semi.o ABSOLUTE
    ../clib/angel/sys.s                      0x00000000   Number         0  use_no_semi_2.o ABSOLUTE
    ../clib/angel/sys.s                      0x00000000   Number         0  sys_stackheap_outer.o ABSOLUTE
    ../clib/angel/sys.s                      0x00000000   Number         0  libspace.o ABSOLUTE
    ../clib/angel/sys.s                      0x00000000   Number         0  use_no_semi.o ABSOLUTE
    ../clib/angel/sysapp.c                   0x00000000   Number         0  sys_command.o ABSOLUTE
    ../clib/angel/sysapp.c                   0x00000000   Number         0  sys_wrch.o ABSOLUTE
    ../clib/armsys.c                         0x00000000   Number         0  no_argv.o ABSOLUTE
    ../clib/armsys.c                         0x00000000   Number         0  _get_argv_nomalloc.o ABSOLUTE
    ../clib/armsys.c                         0x00000000   Number         0  argv_veneer.o ABSOLUTE
    ../clib/armsys.c                         0x00000000   Number         0  argv_veneer.o ABSOLUTE
    ../clib/heapalloc.c                      0x00000000   Number         0  hrguard.o ABSOLUTE
    ../clib/heapaux.c                        0x00000000   Number         0  heapauxi.o ABSOLUTE
    ../clib/libinit.s                        0x00000000   Number         0  libshutdown2.o ABSOLUTE
    ../clib/libinit.s                        0x00000000   Number         0  libshutdown.o ABSOLUTE
    ../clib/libinit.s                        0x00000000   Number         0  libinit.o ABSOLUTE
    ../clib/libinit.s                        0x00000000   Number         0  libinit2.o ABSOLUTE
    ../clib/memcpset.s                       0x00000000   Number         0  rt_memclr_w.o ABSOLUTE
    ../clib/memcpset.s                       0x00000000   Number         0  rt_memcpy_w.o ABSOLUTE
    ../clib/printf.c                         0x00000000   Number         0  __printf.o ABSOLUTE
    ../clib/printf.c                         0x00000000   Number         0  __printf_nopercent.o ABSOLUTE
    ../clib/printf.c                         0x00000000   Number         0  __printf_flags_ss.o ABSOLUTE
    ../clib/printf.c                         0x00000000   Number         0  __printf_wp.o ABSOLUTE
    ../clib/printf.c                         0x00000000   Number         0  _printf_intcommon.o ABSOLUTE
    ../clib/printf.c                         0x00000000   Number         0  noretval__2sprintf.o ABSOLUTE
    ../clib/printf.c                         0x00000000   Number         0  noretval__2printf.o ABSOLUTE
    ../clib/printf.c                         0x00000000   Number         0  _sputc.o ABSOLUTE
    ../clib/printf.c                         0x00000000   Number         0  _printf_char_common.o ABSOLUTE
    ../clib/printf.c                         0x00000000   Number         0  __2printf.o ABSOLUTE
    ../clib/printf.c                         0x00000000   Number         0  __printf_flags_ss_wp.o ABSOLUTE
    ../clib/printf.c                         0x00000000   Number         0  __printf_ss_wp.o ABSOLUTE
    ../clib/printf.c                         0x00000000   Number         0  __printf_ss.o ABSOLUTE
    ../clib/printf.c                         0x00000000   Number         0  __printf_flags.o ABSOLUTE
    ../clib/printf.c                         0x00000000   Number         0  _printf_dec.o ABSOLUTE
    ../clib/printf.c                         0x00000000   Number         0  __2sprintf.o ABSOLUTE
    ../clib/printf.c                         0x00000000   Number         0  _printf_str.o ABSOLUTE
    ../clib/printf.c                         0x00000000   Number         0  __printf_flags_wp.o ABSOLUTE
    ../clib/printf.c                         0x00000000   Number         0  _printf_char_file.o ABSOLUTE
    ../clib/printf.c                         0x00000000   Number         0  _printf_char.o ABSOLUTE
    ../clib/printf_percent.s                 0x00000000   Number         0  _printf_d.o ABSOLUTE
    ../clib/printf_percent.s                 0x00000000   Number         0  _printf_s.o ABSOLUTE
    ../clib/printf_percent.s                 0x00000000   Number         0  _printf_percent_end.o ABSOLUTE
    ../clib/printf_percent.s                 0x00000000   Number         0  _printf_percent.o ABSOLUTE
    ../clib/signal.c                         0x00000000   Number         0  defsig_fpe_inner.o ABSOLUTE
    ../clib/signal.c                         0x00000000   Number         0  defsig_abrt_inner.o ABSOLUTE
    ../clib/signal.c                         0x00000000   Number         0  defsig_rtmem_inner.o ABSOLUTE
    ../clib/signal.c                         0x00000000   Number         0  defsig_exit.o ABSOLUTE
    ../clib/signal.c                         0x00000000   Number         0  __raise.o ABSOLUTE
    ../clib/signal.c                         0x00000000   Number         0  defsig_stak_inner.o ABSOLUTE
    ../clib/signal.c                         0x00000000   Number         0  defsig_general.o ABSOLUTE
    ../clib/signal.c                         0x00000000   Number         0  defsig_rtmem_formal.o ABSOLUTE
    ../clib/signal.c                         0x00000000   Number         0  defsig_rtred_inner.o ABSOLUTE
    ../clib/signal.c                         0x00000000   Number         0  defsig_cppl_inner.o ABSOLUTE
    ../clib/signal.c                         0x00000000   Number         0  defsig_segv_inner.o ABSOLUTE
    ../clib/signal.c                         0x00000000   Number         0  defsig_other.o ABSOLUTE
    ../clib/signal.c                         0x00000000   Number         0  defsig_rtmem_outer.o ABSOLUTE
    ../clib/signal.c                         0x00000000   Number         0  defsig_pvfn_inner.o ABSOLUTE
    ../clib/signal.s                         0x00000000   Number         0  defsig.o ABSOLUTE
    ../clib/stdio.c                          0x00000000   Number         0  ferror_locked.o ABSOLUTE
    ../clib/stdio.c                          0x00000000   Number         0  ferror.o ABSOLUTE
    ../clib/stdlib.c                         0x00000000   Number         0  exit.o ABSOLUTE
    ../clib/string.c                         0x00000000   Number         0  memcmp.o ABSOLUTE
    ../clib/string.c                         0x00000000   Number         0  strlen.o ABSOLUTE
    ../fplib/fpinit.s                        0x00000000   Number         0  fpinit.o ABSOLUTE
    ..\\core\\system_stm32f4xx.c             0x00000000   Number         0  system_stm32f4xx.o ABSOLUTE
    ..\\device\\ble.c                        0x00000000   Number         0  ble.o ABSOLUTE
    ..\\device\\delay.c                      0x00000000   Number         0  delay.o ABSOLUTE
    ..\\device\\i2c.c                        0x00000000   Number         0  i2c.o ABSOLUTE
    ..\\device\\iap.c                        0x00000000   Number         0  iap.o ABSOLUTE
    ..\\device\\led.c                        0x00000000   Number         0  led.o ABSOLUTE
    ..\\device\\sdram.c                      0x00000000   Number         0  sdram.o ABSOLUTE
    ..\\device\\spi.c                        0x00000000   Number         0  spi.o ABSOLUTE
    ..\\device\\tim.c                        0x00000000   Number         0  tim.o ABSOLUTE
    ..\\device\\usart.c                      0x00000000   Number         0  usart.o ABSOLUTE
    ..\\device\\w25qxx.c                     0x00000000   Number         0  w25qxx.o ABSOLUTE
    ..\\user\\main.c                         0x00000000   Number         0  main.o ABSOLUTE
    ..\\user\\sys.c                          0x00000000   Number         0  sys.o ABSOLUTE
    ..\core\startup_stm32f429xx.s            0x00000000   Number         0  startup_stm32f429xx.o ABSOLUTE
    ..\core\system_stm32f4xx.c               0x00000000   Number         0  system_stm32f4xx.o ABSOLUTE
    ..\device\ble.c                          0x00000000   Number         0  ble.o ABSOLUTE
    ..\device\delay.c                        0x00000000   Number         0  delay.o ABSOLUTE
    ..\device\i2c.c                          0x00000000   Number         0  i2c.o ABSOLUTE
    ..\device\iap.c                          0x00000000   Number         0  iap.o ABSOLUTE
    ..\device\led.c                          0x00000000   Number         0  led.o ABSOLUTE
    ..\device\sdram.c                        0x00000000   Number         0  sdram.o ABSOLUTE
    ..\device\spi.c                          0x00000000   Number         0  spi.o ABSOLUTE
    ..\device\tim.c                          0x00000000   Number         0  tim.o ABSOLUTE
    ..\device\usart.c                        0x00000000   Number         0  usart.o ABSOLUTE
    ..\device\w25qxx.c                       0x00000000   Number         0  w25qxx.o ABSOLUTE
    ..\user\main.c                           0x00000000   Number         0  main.o ABSOLUTE
    ..\user\sys.c                            0x00000000   Number         0  sys.o ABSOLUTE
    dc.s                                     0x00000000   Number         0  dc.o ABSOLUTE
    RESET                                    0x08008000   Section      428  startup_stm32f429xx.o(RESET)
    !!!main                                  0x080081ac   Section        8  __main.o(!!!main)
    !!!scatter                               0x080081b4   Section       52  __scatter.o(!!!scatter)
    !!handler_copy                           0x080081e8   Section       26  __scatter_copy.o(!!handler_copy)
    !!handler_zi                             0x08008204   Section       28  __scatter_zi.o(!!handler_zi)
    .ARM.Collect$$_printf_percent$$00000000  0x08008220   Section        0  _printf_percent.o(.ARM.Collect$$_printf_percent$$00000000)
    .ARM.Collect$$_printf_percent$$00000014  0x08008220   Section        6  _printf_s.o(.ARM.Collect$$_printf_percent$$00000014)
    .ARM.Collect$$_printf_percent$$00000017  0x08008226   Section        4  _printf_percent_end.o(.ARM.Collect$$_printf_percent$$00000017)
    .ARM.Collect$$libinit$$00000000          0x0800822a   Section        2  libinit.o(.ARM.Collect$$libinit$$00000000)
    .ARM.Collect$$libinit$$00000001          0x0800822c   Section        4  libinit2.o(.ARM.Collect$$libinit$$00000001)
    .ARM.Collect$$libinit$$00000004          0x08008230   Section        0  libinit2.o(.ARM.Collect$$libinit$$00000004)
    .ARM.Collect$$libinit$$0000000A          0x08008230   Section        0  libinit2.o(.ARM.Collect$$libinit$$0000000A)
    .ARM.Collect$$libinit$$0000000C          0x08008230   Section        0  libinit2.o(.ARM.Collect$$libinit$$0000000C)
    .ARM.Collect$$libinit$$0000000E          0x08008230   Section        0  libinit2.o(.ARM.Collect$$libinit$$0000000E)
    .ARM.Collect$$libinit$$00000011          0x08008230   Section        0  libinit2.o(.ARM.Collect$$libinit$$00000011)
    .ARM.Collect$$libinit$$00000013          0x08008230   Section        0  libinit2.o(.ARM.Collect$$libinit$$00000013)
    .ARM.Collect$$libinit$$00000015          0x08008230   Section        0  libinit2.o(.ARM.Collect$$libinit$$00000015)
    .ARM.Collect$$libinit$$00000017          0x08008230   Section        0  libinit2.o(.ARM.Collect$$libinit$$00000017)
    .ARM.Collect$$libinit$$00000019          0x08008230   Section        0  libinit2.o(.ARM.Collect$$libinit$$00000019)
    .ARM.Collect$$libinit$$0000001B          0x08008230   Section        0  libinit2.o(.ARM.Collect$$libinit$$0000001B)
    .ARM.Collect$$libinit$$0000001D          0x08008230   Section        0  libinit2.o(.ARM.Collect$$libinit$$0000001D)
    .ARM.Collect$$libinit$$0000001F          0x08008230   Section        0  libinit2.o(.ARM.Collect$$libinit$$0000001F)
    .ARM.Collect$$libinit$$00000021          0x08008230   Section        0  libinit2.o(.ARM.Collect$$libinit$$00000021)
    .ARM.Collect$$libinit$$00000023          0x08008230   Section        0  libinit2.o(.ARM.Collect$$libinit$$00000023)
    .ARM.Collect$$libinit$$00000025          0x08008230   Section        0  libinit2.o(.ARM.Collect$$libinit$$00000025)
    .ARM.Collect$$libinit$$0000002C          0x08008230   Section        0  libinit2.o(.ARM.Collect$$libinit$$0000002C)
    .ARM.Collect$$libinit$$0000002E          0x08008230   Section        0  libinit2.o(.ARM.Collect$$libinit$$0000002E)
    .ARM.Collect$$libinit$$00000030          0x08008230   Section        0  libinit2.o(.ARM.Collect$$libinit$$00000030)
    .ARM.Collect$$libinit$$00000032          0x08008230   Section        0  libinit2.o(.ARM.Collect$$libinit$$00000032)
    .ARM.Collect$$libinit$$00000033          0x08008230   Section        2  libinit2.o(.ARM.Collect$$libinit$$00000033)
    .ARM.Collect$$libshutdown$$00000000      0x08008232   Section        2  libshutdown.o(.ARM.Collect$$libshutdown$$00000000)
    .ARM.Collect$$libshutdown$$00000002      0x08008234   Section        0  libshutdown2.o(.ARM.Collect$$libshutdown$$00000002)
    .ARM.Collect$$libshutdown$$00000004      0x08008234   Section        0  libshutdown2.o(.ARM.Collect$$libshutdown$$00000004)
    .ARM.Collect$$libshutdown$$00000006      0x08008234   Section        0  libshutdown2.o(.ARM.Collect$$libshutdown$$00000006)
    .ARM.Collect$$libshutdown$$00000009      0x08008234   Section        0  libshutdown2.o(.ARM.Collect$$libshutdown$$00000009)
    .ARM.Collect$$libshutdown$$0000000C      0x08008234   Section        0  libshutdown2.o(.ARM.Collect$$libshutdown$$0000000C)
    .ARM.Collect$$libshutdown$$0000000E      0x08008234   Section        0  libshutdown2.o(.ARM.Collect$$libshutdown$$0000000E)
    .ARM.Collect$$libshutdown$$00000011      0x08008234   Section        0  libshutdown2.o(.ARM.Collect$$libshutdown$$00000011)
    .ARM.Collect$$libshutdown$$00000012      0x08008234   Section        2  libshutdown2.o(.ARM.Collect$$libshutdown$$00000012)
    .ARM.Collect$$rtentry$$00000000          0x08008236   Section        0  __rtentry.o(.ARM.Collect$$rtentry$$00000000)
    .ARM.Collect$$rtentry$$00000002          0x08008236   Section        0  __rtentry2.o(.ARM.Collect$$rtentry$$00000002)
    .ARM.Collect$$rtentry$$00000004          0x08008236   Section        6  __rtentry4.o(.ARM.Collect$$rtentry$$00000004)
    .ARM.Collect$$rtentry$$00000009          0x0800823c   Section        0  __rtentry2.o(.ARM.Collect$$rtentry$$00000009)
    .ARM.Collect$$rtentry$$0000000A          0x0800823c   Section        4  __rtentry2.o(.ARM.Collect$$rtentry$$0000000A)
    .ARM.Collect$$rtentry$$0000000C          0x08008240   Section        0  __rtentry2.o(.ARM.Collect$$rtentry$$0000000C)
    .ARM.Collect$$rtentry$$0000000D          0x08008240   Section        8  __rtentry2.o(.ARM.Collect$$rtentry$$0000000D)
    .ARM.Collect$$rtexit$$00000000           0x08008248   Section        2  rtexit.o(.ARM.Collect$$rtexit$$00000000)
    .ARM.Collect$$rtexit$$00000002           0x0800824a   Section        0  rtexit2.o(.ARM.Collect$$rtexit$$00000002)
    .ARM.Collect$$rtexit$$00000003           0x0800824a   Section        4  rtexit2.o(.ARM.Collect$$rtexit$$00000003)
    .ARM.Collect$$rtexit$$00000004           0x0800824e   Section        6  rtexit2.o(.ARM.Collect$$rtexit$$00000004)
    .text                                    0x08008254   Section       64  startup_stm32f429xx.o(.text)
    $v0                                      0x08008254   Number         0  startup_stm32f429xx.o(.text)
    .text                                    0x08008294   Section        2  use_no_semi_2.o(.text)
    .text                                    0x08008298   Section        0  noretval__2printf.o(.text)
    .text                                    0x080082b0   Section        0  noretval__2sprintf.o(.text)
    .text                                    0x080082d8   Section        0  __printf.o(.text)
    .text                                    0x08008340   Section        0  _printf_str.o(.text)
    .text                                    0x08008392   Section        0  strlen.o(.text)
    .text                                    0x080083d0   Section       78  rt_memclr_w.o(.text)
    .text                                    0x0800841e   Section        0  heapauxi.o(.text)
    .text                                    0x08008424   Section        2  use_no_semi.o(.text)
    .text                                    0x08008428   Section        0  _printf_char_common.o(.text)
    _printf_input_char                       0x08008429   Thumb Code    10  _printf_char_common.o(.text)
    .text                                    0x08008458   Section        0  _sputc.o(.text)
    .text                                    0x08008462   Section        0  _printf_char.o(.text)
    .text                                    0x08008490   Section        0  _printf_char_file.o(.text)
    .text                                    0x080084b4   Section        0  ferror.o(.text)
    .text                                    0x080084bc   Section       74  sys_stackheap_outer.o(.text)
    .text                                    0x08008506   Section        0  exit.o(.text)
    .text                                    0x08008518   Section        8  libspace.o(.text)
    i.IIC_Init                               0x08008520   Section        0  i2c.o(i.IIC_Init)
    i.LED_Init                               0x08008588   Section        0  led.o(i.LED_Init)
    i.MY_NVIC_GROUP_CONFIG                   0x080085ec   Section        0  sys.o(i.MY_NVIC_GROUP_CONFIG)
    i.MY_NVIC_SET                            0x08008614   Section        0  sys.o(i.MY_NVIC_SET)
    i.MY_NVIC_SetVectorTable                 0x080086b4   Section        0  sys.o(i.MY_NVIC_SetVectorTable)
    i.SDRAM_Init                             0x080086c4   Section        0  sdram.o(i.SDRAM_Init)
    i.SDRAM_Send_Cmd                         0x08008a30   Section        0  sdram.o(i.SDRAM_Send_Cmd)
    i.Stm32_Clock_Init                       0x08008a78   Section        0  sys.o(i.Stm32_Clock_Init)
    i.Sys_Clock_Set                          0x08008b00   Section        0  sys.o(i.Sys_Clock_Set)
    i.SystemInit                             0x08008c0c   Section        0  system_stm32f4xx.o(i.SystemInit)
    i.TIM2_IRQHandler                        0x08008c20   Section        0  delay.o(i.TIM2_IRQHandler)
    i.TIM6_DAC_IRQHandler                    0x08008c4c   Section        0  tim.o(i.TIM6_DAC_IRQHandler)
    i.TIM6_Init                              0x08008c88   Section        0  tim.o(i.TIM6_Init)
    i.USART2_IRQHandler                      0x08008ce0   Section        0  ble.o(i.USART2_IRQHandler)
    i.USART2_SendData                        0x08008d3c   Section        0  ble.o(i.USART2_SendData)
    i.USART3_IRQHandler                      0x08008d68   Section        0  usart.o(i.USART3_IRQHandler)
    i._sys_exit                              0x08008dc4   Section        0  usart.o(i._sys_exit)
    i.delay_init                             0x08008dc8   Section        0  delay.o(i.delay_init)
    i.delay_us                               0x08008e1c   Section        0  delay.o(i.delay_us)
    i.fputc                                  0x08008e54   Section        0  usart.o(i.fputc)
    i.main                                   0x08008e70   Section        0  main.o(i.main)
    i.usart_init                             0x08008f34   Section        0  usart.o(i.usart_init)
    x$fpl$fpinit                             0x0800906c   Section       10  fpinit.o(x$fpl$fpinit)
    $v0                                      0x0800906c   Number         0  fpinit.o(x$fpl$fpinit)
    .data                                    0x20000000   Section        4  delay.o(.data)
    .data                                    0x20000004   Section        4  tim.o(.data)
    .data                                    0x20000008   Section        8  usart.o(.data)
    .data                                    0x20000010   Section        5  ble.o(.data)
    .data                                    0x20000018   Section        4  system_stm32f4xx.o(.data)
    .bss                                     0x2000001c   Section      256  usart.o(.bss)
    .bss                                     0x2000011c   Section      256  ble.o(.bss)
    .bss                                     0x2000021c   Section       96  libspace.o(.bss)
    HEAP                                     0x20000280   Section      512  startup_stm32f429xx.o(HEAP)
    Heap_Mem                                 0x20000280   Data         512  startup_stm32f429xx.o(HEAP)
    STACK                                    0x20000480   Section     1024  startup_stm32f429xx.o(STACK)
    Stack_Mem                                0x20000480   Data        1024  startup_stm32f429xx.o(STACK)
    __initial_sp                             0x20000880   Data           0  startup_stm32f429xx.o(STACK)

    Global Symbols

    Symbol Name                              Value     Ov Type        Size  Object(Section)

    BuildAttributes$$THM_ISAv4$E$P$D$K$B$S$7EM$VFPi3$EXTD16$VFPS$VFMA$PE$A:L22UL41UL21$X:L11$S22US41US21$IEEE1$IW$USESV6$~STKCKD$USESV7$~SHL$OSPACE$ROPI$EBA8$UX$STANDARDLIB$REQ8$PRES8$EABIv2 0x00000000   Number         0  anon$$obj.o ABSOLUTE
    __ARM_use_no_argv                        0x00000000   Number         0  main.o ABSOLUTE
    __ARM_exceptions_init                     - Undefined Weak Reference
    __alloca_initialize                       - Undefined Weak Reference
    __arm_fini_                               - Undefined Weak Reference
    __arm_preinit_                            - Undefined Weak Reference
    __cpp_initialize__aeabi_                  - Undefined Weak Reference
    __cxa_finalize                            - Undefined Weak Reference
    __rt_locale                               - Undefined Weak Reference
    __sigvec_lookup                           - Undefined Weak Reference
    _atexit_init                              - Undefined Weak Reference
    _call_atexit_fns                          - Undefined Weak Reference
    _clock_init                               - Undefined Weak Reference
    _fp_trap_init                             - Undefined Weak Reference
    _fp_trap_shutdown                         - Undefined Weak Reference
    _get_lc_collate                           - Undefined Weak Reference
    _get_lc_ctype                             - Undefined Weak Reference
    _get_lc_monetary                          - Undefined Weak Reference
    _get_lc_numeric                           - Undefined Weak Reference
    _get_lc_time                              - Undefined Weak Reference
    _getenv_init                              - Undefined Weak Reference
    _handle_redirection                       - Undefined Weak Reference
    _init_alloc                               - Undefined Weak Reference
    _init_user_alloc                          - Undefined Weak Reference
    _initio                                   - Undefined Weak Reference
    _mutex_acquire                            - Undefined Weak Reference
    _mutex_release                            - Undefined Weak Reference
    _printf_mbtowc                            - Undefined Weak Reference
    _printf_post_padding                      - Undefined Weak Reference
    _printf_pre_padding                       - Undefined Weak Reference
    _printf_truncate_signed                   - Undefined Weak Reference
    _printf_truncate_unsigned                 - Undefined Weak Reference
    _rand_init                                - Undefined Weak Reference
    _signal_finish                            - Undefined Weak Reference
    _signal_init                              - Undefined Weak Reference
    _terminate_alloc                          - Undefined Weak Reference
    _terminate_user_alloc                     - Undefined Weak Reference
    _terminateio                              - Undefined Weak Reference
    __Vectors_Size                           0x000001ac   Number         0  startup_stm32f429xx.o ABSOLUTE
    __Vectors                                0x08008000   Data           4  startup_stm32f429xx.o(RESET)
    __Vectors_End                            0x080081ac   Data           0  startup_stm32f429xx.o(RESET)
    __main                                   0x080081ad   Thumb Code     8  __main.o(!!!main)
    __scatterload                            0x080081b5   Thumb Code     0  __scatter.o(!!!scatter)
    __scatterload_rt2                        0x080081b5   Thumb Code    44  __scatter.o(!!!scatter)
    __scatterload_rt2_thumb_only             0x080081b5   Thumb Code     0  __scatter.o(!!!scatter)
    __scatterload_null                       0x080081c3   Thumb Code     0  __scatter.o(!!!scatter)
    __scatterload_copy                       0x080081e9   Thumb Code    26  __scatter_copy.o(!!handler_copy)
    __scatterload_zeroinit                   0x08008205   Thumb Code    28  __scatter_zi.o(!!handler_zi)
    _printf_percent                          0x08008221   Thumb Code     0  _printf_percent.o(.ARM.Collect$$_printf_percent$$00000000)
    _printf_s                                0x08008221   Thumb Code     0  _printf_s.o(.ARM.Collect$$_printf_percent$$00000014)
    _printf_percent_end                      0x08008227   Thumb Code     0  _printf_percent_end.o(.ARM.Collect$$_printf_percent$$00000017)
    __rt_lib_init                            0x0800822b   Thumb Code     0  libinit.o(.ARM.Collect$$libinit$$00000000)
    __rt_lib_init_fp_1                       0x0800822d   Thumb Code     0  libinit2.o(.ARM.Collect$$libinit$$00000001)
    __rt_lib_init_alloca_1                   0x08008231   Thumb Code     0  libinit2.o(.ARM.Collect$$libinit$$0000002E)
    __rt_lib_init_argv_1                     0x08008231   Thumb Code     0  libinit2.o(.ARM.Collect$$libinit$$0000002C)
    __rt_lib_init_atexit_1                   0x08008231   Thumb Code     0  libinit2.o(.ARM.Collect$$libinit$$0000001B)
    __rt_lib_init_clock_1                    0x08008231   Thumb Code     0  libinit2.o(.ARM.Collect$$libinit$$00000021)
    __rt_lib_init_cpp_1                      0x08008231   Thumb Code     0  libinit2.o(.ARM.Collect$$libinit$$00000032)
    __rt_lib_init_exceptions_1               0x08008231   Thumb Code     0  libinit2.o(.ARM.Collect$$libinit$$00000030)
    __rt_lib_init_fp_trap_1                  0x08008231   Thumb Code     0  libinit2.o(.ARM.Collect$$libinit$$0000001F)
    __rt_lib_init_getenv_1                   0x08008231   Thumb Code     0  libinit2.o(.ARM.Collect$$libinit$$00000023)
    __rt_lib_init_heap_1                     0x08008231   Thumb Code     0  libinit2.o(.ARM.Collect$$libinit$$0000000A)
    __rt_lib_init_lc_collate_1               0x08008231   Thumb Code     0  libinit2.o(.ARM.Collect$$libinit$$00000011)
    __rt_lib_init_lc_ctype_1                 0x08008231   Thumb Code     0  libinit2.o(.ARM.Collect$$libinit$$00000013)
    __rt_lib_init_lc_monetary_1              0x08008231   Thumb Code     0  libinit2.o(.ARM.Collect$$libinit$$00000015)
    __rt_lib_init_lc_numeric_1               0x08008231   Thumb Code     0  libinit2.o(.ARM.Collect$$libinit$$00000017)
    __rt_lib_init_lc_time_1                  0x08008231   Thumb Code     0  libinit2.o(.ARM.Collect$$libinit$$00000019)
    __rt_lib_init_preinit_1                  0x08008231   Thumb Code     0  libinit2.o(.ARM.Collect$$libinit$$00000004)
    __rt_lib_init_rand_1                     0x08008231   Thumb Code     0  libinit2.o(.ARM.Collect$$libinit$$0000000E)
    __rt_lib_init_return                     0x08008231   Thumb Code     0  libinit2.o(.ARM.Collect$$libinit$$00000033)
    __rt_lib_init_signal_1                   0x08008231   Thumb Code     0  libinit2.o(.ARM.Collect$$libinit$$0000001D)
    __rt_lib_init_stdio_1                    0x08008231   Thumb Code     0  libinit2.o(.ARM.Collect$$libinit$$00000025)
    __rt_lib_init_user_alloc_1               0x08008231   Thumb Code     0  libinit2.o(.ARM.Collect$$libinit$$0000000C)
    __rt_lib_shutdown                        0x08008233   Thumb Code     0  libshutdown.o(.ARM.Collect$$libshutdown$$00000000)
    __rt_lib_shutdown_cpp_1                  0x08008235   Thumb Code     0  libshutdown2.o(.ARM.Collect$$libshutdown$$00000004)
    __rt_lib_shutdown_fini_1                 0x08008235   Thumb Code     0  libshutdown2.o(.ARM.Collect$$libshutdown$$00000002)
    __rt_lib_shutdown_fp_trap_1              0x08008235   Thumb Code     0  libshutdown2.o(.ARM.Collect$$libshutdown$$00000009)
    __rt_lib_shutdown_heap_1                 0x08008235   Thumb Code     0  libshutdown2.o(.ARM.Collect$$libshutdown$$00000011)
    __rt_lib_shutdown_return                 0x08008235   Thumb Code     0  libshutdown2.o(.ARM.Collect$$libshutdown$$00000012)
    __rt_lib_shutdown_signal_1               0x08008235   Thumb Code     0  libshutdown2.o(.ARM.Collect$$libshutdown$$0000000C)
    __rt_lib_shutdown_stdio_1                0x08008235   Thumb Code     0  libshutdown2.o(.ARM.Collect$$libshutdown$$00000006)
    __rt_lib_shutdown_user_alloc_1           0x08008235   Thumb Code     0  libshutdown2.o(.ARM.Collect$$libshutdown$$0000000E)
    __rt_entry                               0x08008237   Thumb Code     0  __rtentry.o(.ARM.Collect$$rtentry$$00000000)
    __rt_entry_presh_1                       0x08008237   Thumb Code     0  __rtentry2.o(.ARM.Collect$$rtentry$$00000002)
    __rt_entry_sh                            0x08008237   Thumb Code     0  __rtentry4.o(.ARM.Collect$$rtentry$$00000004)
    __rt_entry_li                            0x0800823d   Thumb Code     0  __rtentry2.o(.ARM.Collect$$rtentry$$0000000A)
    __rt_entry_postsh_1                      0x0800823d   Thumb Code     0  __rtentry2.o(.ARM.Collect$$rtentry$$00000009)
    __rt_entry_main                          0x08008241   Thumb Code     0  __rtentry2.o(.ARM.Collect$$rtentry$$0000000D)
    __rt_entry_postli_1                      0x08008241   Thumb Code     0  __rtentry2.o(.ARM.Collect$$rtentry$$0000000C)
    __rt_exit                                0x08008249   Thumb Code     0  rtexit.o(.ARM.Collect$$rtexit$$00000000)
    __rt_exit_ls                             0x0800824b   Thumb Code     0  rtexit2.o(.ARM.Collect$$rtexit$$00000003)
    __rt_exit_prels_1                        0x0800824b   Thumb Code     0  rtexit2.o(.ARM.Collect$$rtexit$$00000002)
    __rt_exit_exit                           0x0800824f   Thumb Code     0  rtexit2.o(.ARM.Collect$$rtexit$$00000004)
    Reset_Handler                            0x08008255   Thumb Code     8  startup_stm32f429xx.o(.text)
    NMI_Handler                              0x0800825d   Thumb Code     2  startup_stm32f429xx.o(.text)
    HardFault_Handler                        0x0800825f   Thumb Code     2  startup_stm32f429xx.o(.text)
    MemManage_Handler                        0x08008261   Thumb Code     2  startup_stm32f429xx.o(.text)
    BusFault_Handler                         0x08008263   Thumb Code     2  startup_stm32f429xx.o(.text)
    UsageFault_Handler                       0x08008265   Thumb Code     2  startup_stm32f429xx.o(.text)
    SVC_Handler                              0x08008267   Thumb Code     2  startup_stm32f429xx.o(.text)
    DebugMon_Handler                         0x08008269   Thumb Code     2  startup_stm32f429xx.o(.text)
    PendSV_Handler                           0x0800826b   Thumb Code     2  startup_stm32f429xx.o(.text)
    SysTick_Handler                          0x0800826d   Thumb Code     2  startup_stm32f429xx.o(.text)
    ADC_IRQHandler                           0x0800826f   Thumb Code     0  startup_stm32f429xx.o(.text)
    CAN1_RX0_IRQHandler                      0x0800826f   Thumb Code     0  startup_stm32f429xx.o(.text)
    CAN1_RX1_IRQHandler                      0x0800826f   Thumb Code     0  startup_stm32f429xx.o(.text)
    CAN1_SCE_IRQHandler                      0x0800826f   Thumb Code     0  startup_stm32f429xx.o(.text)
    CAN1_TX_IRQHandler                       0x0800826f   Thumb Code     0  startup_stm32f429xx.o(.text)
    CAN2_RX0_IRQHandler                      0x0800826f   Thumb Code     0  startup_stm32f429xx.o(.text)
    CAN2_RX1_IRQHandler                      0x0800826f   Thumb Code     0  startup_stm32f429xx.o(.text)
    CAN2_SCE_IRQHandler                      0x0800826f   Thumb Code     0  startup_stm32f429xx.o(.text)
    CAN2_TX_IRQHandler                       0x0800826f   Thumb Code     0  startup_stm32f429xx.o(.text)
    DCMI_IRQHandler                          0x0800826f   Thumb Code     0  startup_stm32f429xx.o(.text)
    DMA1_Stream0_IRQHandler                  0x0800826f   Thumb Code     0  startup_stm32f429xx.o(.text)
    DMA1_Stream1_IRQHandler                  0x0800826f   Thumb Code     0  startup_stm32f429xx.o(.text)
    DMA1_Stream2_IRQHandler                  0x0800826f   Thumb Code     0  startup_stm32f429xx.o(.text)
    DMA1_Stream3_IRQHandler                  0x0800826f   Thumb Code     0  startup_stm32f429xx.o(.text)
    DMA1_Stream4_IRQHandler                  0x0800826f   Thumb Code     0  startup_stm32f429xx.o(.text)
    DMA1_Stream5_IRQHandler                  0x0800826f   Thumb Code     0  startup_stm32f429xx.o(.text)
    DMA1_Stream6_IRQHandler                  0x0800826f   Thumb Code     0  startup_stm32f429xx.o(.text)
    DMA1_Stream7_IRQHandler                  0x0800826f   Thumb Code     0  startup_stm32f429xx.o(.text)
    DMA2D_IRQHandler                         0x0800826f   Thumb Code     0  startup_stm32f429xx.o(.text)
    DMA2_Stream0_IRQHandler                  0x0800826f   Thumb Code     0  startup_stm32f429xx.o(.text)
    DMA2_Stream1_IRQHandler                  0x0800826f   Thumb Code     0  startup_stm32f429xx.o(.text)
    DMA2_Stream2_IRQHandler                  0x0800826f   Thumb Code     0  startup_stm32f429xx.o(.text)
    DMA2_Stream3_IRQHandler                  0x0800826f   Thumb Code     0  startup_stm32f429xx.o(.text)
    DMA2_Stream4_IRQHandler                  0x0800826f   Thumb Code     0  startup_stm32f429xx.o(.text)
    DMA2_Stream5_IRQHandler                  0x0800826f   Thumb Code     0  startup_stm32f429xx.o(.text)
    DMA2_Stream6_IRQHandler                  0x0800826f   Thumb Code     0  startup_stm32f429xx.o(.text)
    DMA2_Stream7_IRQHandler                  0x0800826f   Thumb Code     0  startup_stm32f429xx.o(.text)
    ETH_IRQHandler                           0x0800826f   Thumb Code     0  startup_stm32f429xx.o(.text)
    ETH_WKUP_IRQHandler                      0x0800826f   Thumb Code     0  startup_stm32f429xx.o(.text)
    EXTI0_IRQHandler                         0x0800826f   Thumb Code     0  startup_stm32f429xx.o(.text)
    EXTI15_10_IRQHandler                     0x0800826f   Thumb Code     0  startup_stm32f429xx.o(.text)
    EXTI1_IRQHandler                         0x0800826f   Thumb Code     0  startup_stm32f429xx.o(.text)
    EXTI2_IRQHandler                         0x0800826f   Thumb Code     0  startup_stm32f429xx.o(.text)
    EXTI3_IRQHandler                         0x0800826f   Thumb Code     0  startup_stm32f429xx.o(.text)
    EXTI4_IRQHandler                         0x0800826f   Thumb Code     0  startup_stm32f429xx.o(.text)
    EXTI9_5_IRQHandler                       0x0800826f   Thumb Code     0  startup_stm32f429xx.o(.text)
    FLASH_IRQHandler                         0x0800826f   Thumb Code     0  startup_stm32f429xx.o(.text)
    FMC_IRQHandler                           0x0800826f   Thumb Code     0  startup_stm32f429xx.o(.text)
    FPU_IRQHandler                           0x0800826f   Thumb Code     0  startup_stm32f429xx.o(.text)
    HASH_RNG_IRQHandler                      0x0800826f   Thumb Code     0  startup_stm32f429xx.o(.text)
    I2C1_ER_IRQHandler                       0x0800826f   Thumb Code     0  startup_stm32f429xx.o(.text)
    I2C1_EV_IRQHandler                       0x0800826f   Thumb Code     0  startup_stm32f429xx.o(.text)
    I2C2_ER_IRQHandler                       0x0800826f   Thumb Code     0  startup_stm32f429xx.o(.text)
    I2C2_EV_IRQHandler                       0x0800826f   Thumb Code     0  startup_stm32f429xx.o(.text)
    I2C3_ER_IRQHandler                       0x0800826f   Thumb Code     0  startup_stm32f429xx.o(.text)
    I2C3_EV_IRQHandler                       0x0800826f   Thumb Code     0  startup_stm32f429xx.o(.text)
    LTDC_ER_IRQHandler                       0x0800826f   Thumb Code     0  startup_stm32f429xx.o(.text)
    LTDC_IRQHandler                          0x0800826f   Thumb Code     0  startup_stm32f429xx.o(.text)
    OTG_FS_IRQHandler                        0x0800826f   Thumb Code     0  startup_stm32f429xx.o(.text)
    OTG_FS_WKUP_IRQHandler                   0x0800826f   Thumb Code     0  startup_stm32f429xx.o(.text)
    OTG_HS_EP1_IN_IRQHandler                 0x0800826f   Thumb Code     0  startup_stm32f429xx.o(.text)
    OTG_HS_EP1_OUT_IRQHandler                0x0800826f   Thumb Code     0  startup_stm32f429xx.o(.text)
    OTG_HS_IRQHandler                        0x0800826f   Thumb Code     0  startup_stm32f429xx.o(.text)
    OTG_HS_WKUP_IRQHandler                   0x0800826f   Thumb Code     0  startup_stm32f429xx.o(.text)
    PVD_IRQHandler                           0x0800826f   Thumb Code     0  startup_stm32f429xx.o(.text)
    RCC_IRQHandler                           0x0800826f   Thumb Code     0  startup_stm32f429xx.o(.text)
    RTC_Alarm_IRQHandler                     0x0800826f   Thumb Code     0  startup_stm32f429xx.o(.text)
    RTC_WKUP_IRQHandler                      0x0800826f   Thumb Code     0  startup_stm32f429xx.o(.text)
    SAI1_IRQHandler                          0x0800826f   Thumb Code     0  startup_stm32f429xx.o(.text)
    SDIO_IRQHandler                          0x0800826f   Thumb Code     0  startup_stm32f429xx.o(.text)
    SPI1_IRQHandler                          0x0800826f   Thumb Code     0  startup_stm32f429xx.o(.text)
    SPI2_IRQHandler                          0x0800826f   Thumb Code     0  startup_stm32f429xx.o(.text)
    SPI3_IRQHandler                          0x0800826f   Thumb Code     0  startup_stm32f429xx.o(.text)
    SPI4_IRQHandler                          0x0800826f   Thumb Code     0  startup_stm32f429xx.o(.text)
    SPI5_IRQHandler                          0x0800826f   Thumb Code     0  startup_stm32f429xx.o(.text)
    SPI6_IRQHandler                          0x0800826f   Thumb Code     0  startup_stm32f429xx.o(.text)
    TAMP_STAMP_IRQHandler                    0x0800826f   Thumb Code     0  startup_stm32f429xx.o(.text)
    TIM1_BRK_TIM9_IRQHandler                 0x0800826f   Thumb Code     0  startup_stm32f429xx.o(.text)
    TIM1_CC_IRQHandler                       0x0800826f   Thumb Code     0  startup_stm32f429xx.o(.text)
    TIM1_TRG_COM_TIM11_IRQHandler            0x0800826f   Thumb Code     0  startup_stm32f429xx.o(.text)
    TIM1_UP_TIM10_IRQHandler                 0x0800826f   Thumb Code     0  startup_stm32f429xx.o(.text)
    TIM3_IRQHandler                          0x0800826f   Thumb Code     0  startup_stm32f429xx.o(.text)
    TIM4_IRQHandler                          0x0800826f   Thumb Code     0  startup_stm32f429xx.o(.text)
    TIM5_IRQHandler                          0x0800826f   Thumb Code     0  startup_stm32f429xx.o(.text)
    TIM7_IRQHandler                          0x0800826f   Thumb Code     0  startup_stm32f429xx.o(.text)
    TIM8_BRK_TIM12_IRQHandler                0x0800826f   Thumb Code     0  startup_stm32f429xx.o(.text)
    TIM8_CC_IRQHandler                       0x0800826f   Thumb Code     0  startup_stm32f429xx.o(.text)
    TIM8_TRG_COM_TIM14_IRQHandler            0x0800826f   Thumb Code     0  startup_stm32f429xx.o(.text)
    TIM8_UP_TIM13_IRQHandler                 0x0800826f   Thumb Code     0  startup_stm32f429xx.o(.text)
    UART4_IRQHandler                         0x0800826f   Thumb Code     0  startup_stm32f429xx.o(.text)
    UART5_IRQHandler                         0x0800826f   Thumb Code     0  startup_stm32f429xx.o(.text)
    UART7_IRQHandler                         0x0800826f   Thumb Code     0  startup_stm32f429xx.o(.text)
    UART8_IRQHandler                         0x0800826f   Thumb Code     0  startup_stm32f429xx.o(.text)
    USART1_IRQHandler                        0x0800826f   Thumb Code     0  startup_stm32f429xx.o(.text)
    USART6_IRQHandler                        0x0800826f   Thumb Code     0  startup_stm32f429xx.o(.text)
    WWDG_IRQHandler                          0x0800826f   Thumb Code     0  startup_stm32f429xx.o(.text)
    __user_initial_stackheap                 0x08008271   Thumb Code     0  startup_stm32f429xx.o(.text)
    __use_no_semihosting                     0x08008295   Thumb Code     2  use_no_semi_2.o(.text)
    __2printf                                0x08008299   Thumb Code    20  noretval__2printf.o(.text)
    __2sprintf                               0x080082b1   Thumb Code    34  noretval__2sprintf.o(.text)
    __printf                                 0x080082d9   Thumb Code   104  __printf.o(.text)
    _printf_str                              0x08008341   Thumb Code    82  _printf_str.o(.text)
    strlen                                   0x08008393   Thumb Code    62  strlen.o(.text)
    __aeabi_memclr4                          0x080083d1   Thumb Code     0  rt_memclr_w.o(.text)
    __aeabi_memclr8                          0x080083d1   Thumb Code     0  rt_memclr_w.o(.text)
    __rt_memclr_w                            0x080083d1   Thumb Code    78  rt_memclr_w.o(.text)
    _memset_w                                0x080083d5   Thumb Code     0  rt_memclr_w.o(.text)
    __use_two_region_memory                  0x0800841f   Thumb Code     2  heapauxi.o(.text)
    __rt_heap_escrow$2region                 0x08008421   Thumb Code     2  heapauxi.o(.text)
    __rt_heap_expand$2region                 0x08008423   Thumb Code     2  heapauxi.o(.text)
    __I$use$semihosting                      0x08008425   Thumb Code     0  use_no_semi.o(.text)
    __use_no_semihosting_swi                 0x08008425   Thumb Code     2  use_no_semi.o(.text)
    _printf_char_common                      0x08008433   Thumb Code    32  _printf_char_common.o(.text)
    _sputc                                   0x08008459   Thumb Code    10  _sputc.o(.text)
    _printf_cs_common                        0x08008463   Thumb Code    20  _printf_char.o(.text)
    _printf_char                             0x08008477   Thumb Code    16  _printf_char.o(.text)
    _printf_string                           0x08008487   Thumb Code     8  _printf_char.o(.text)
    _printf_char_file                        0x08008491   Thumb Code    32  _printf_char_file.o(.text)
    ferror                                   0x080084b5   Thumb Code     8  ferror.o(.text)
    __user_setup_stackheap                   0x080084bd   Thumb Code    74  sys_stackheap_outer.o(.text)
    exit                                     0x08008507   Thumb Code    18  exit.o(.text)
    __user_libspace                          0x08008519   Thumb Code     8  libspace.o(.text)
    __user_perproc_libspace                  0x08008519   Thumb Code     0  libspace.o(.text)
    __user_perthread_libspace                0x08008519   Thumb Code     0  libspace.o(.text)
    IIC_Init                                 0x08008521   Thumb Code    86  i2c.o(i.IIC_Init)
    LED_Init                                 0x08008589   Thumb Code    90  led.o(i.LED_Init)
    MY_NVIC_GROUP_CONFIG                     0x080085ed   Thumb Code    32  sys.o(i.MY_NVIC_GROUP_CONFIG)
    MY_NVIC_SET                              0x08008615   Thumb Code   150  sys.o(i.MY_NVIC_SET)
    MY_NVIC_SetVectorTable                   0x080086b5   Thumb Code    12  sys.o(i.MY_NVIC_SetVectorTable)
    SDRAM_Init                               0x080086c5   Thumb Code   766  sdram.o(i.SDRAM_Init)
    SDRAM_Send_Cmd                           0x08008a31   Thumb Code    66  sdram.o(i.SDRAM_Send_Cmd)
    Stm32_Clock_Init                         0x08008a79   Thumb Code   112  sys.o(i.Stm32_Clock_Init)
    Sys_Clock_Set                            0x08008b01   Thumb Code   254  sys.o(i.Sys_Clock_Set)
    SystemInit                               0x08008c0d   Thumb Code    14  system_stm32f4xx.o(i.SystemInit)
    TIM2_IRQHandler                          0x08008c21   Thumb Code    40  delay.o(i.TIM2_IRQHandler)
    TIM6_DAC_IRQHandler                      0x08008c4d   Thumb Code    46  tim.o(i.TIM6_DAC_IRQHandler)
    TIM6_Init                                0x08008c89   Thumb Code    74  tim.o(i.TIM6_Init)
    USART2_IRQHandler                        0x08008ce1   Thumb Code    74  ble.o(i.USART2_IRQHandler)
    USART2_SendData                          0x08008d3d   Thumb Code    38  ble.o(i.USART2_SendData)
    USART3_IRQHandler                        0x08008d69   Thumb Code    74  usart.o(i.USART3_IRQHandler)
    _sys_exit                                0x08008dc5   Thumb Code     4  usart.o(i._sys_exit)
    delay_init                               0x08008dc9   Thumb Code    74  delay.o(i.delay_init)
    delay_us                                 0x08008e1d   Thumb Code    52  delay.o(i.delay_us)
    fputc                                    0x08008e55   Thumb Code    24  usart.o(i.fputc)
    main                                     0x08008e71   Thumb Code   140  main.o(i.main)
    usart_init                               0x08008f35   Thumb Code   296  usart.o(i.usart_init)
    _fp_init                                 0x0800906d   Thumb Code    10  fpinit.o(x$fpl$fpinit)
    __fplib_config_fpu_vfp                   0x08009075   Thumb Code     0  fpinit.o(x$fpl$fpinit)
    __fplib_config_pureend_doubles           0x08009075   Thumb Code     0  fpinit.o(x$fpl$fpinit)
    Region$$Table$$Base                      0x08009078   Number         0  anon$$obj.o(Region$$Table)
    Region$$Table$$Limit                     0x08009098   Number         0  anon$$obj.o(Region$$Table)
    delay_interrupt_cnt                      0x20000000   Data           4  delay.o(.data)
    TIM6_IT_STATUS                           0x20000004   Data           4  tim.o(.data)
    __stdout                                 0x20000008   Data           4  usart.o(.data)
    USART_RX_LEN                             0x2000000c   Data           2  usart.o(.data)
    USART_RX_STA                             0x2000000e   Data           2  usart.o(.data)
    USART2_RX_LEN                            0x20000010   Data           4  ble.o(.data)
    USART2_RX_STA                            0x20000014   Data           1  ble.o(.data)
    SystemCoreClock                          0x20000018   Data           4  system_stm32f4xx.o(.data)
    USART_RX_BUF                             0x2000001c   Data         256  usart.o(.bss)
    USART2_RX_BUF                            0x2000011c   Data         256  ble.o(.bss)
    __libspace_start                         0x2000021c   Data          96  libspace.o(.bss)
    __temporary_stack_top$libspace           0x2000027c   Data           0  libspace.o(.bss)



==============================================================================

Memory Map of the image

  Image Entry point : 0x080081ad

  Load Region LR_IROM1 (Base: 0x08008000, Size: 0x000010b4, Max: 0x00100000, ABSOLUTE)

    Execution Region ER_IROM1 (Exec base: 0x08008000, Load base: 0x08008000, Size: 0x00001098, Max: 0x00100000, ABSOLUTE)

    Exec Addr    Load Addr    Size         Type   Attr      Idx    E Section Name        Object

    0x08008000   0x08008000   0x000001ac   Data   RO          733    RESET               startup_stm32f429xx.o
    0x080081ac   0x080081ac   0x00000008   Code   RO          826  * !!!main             c_w.l(__main.o)
    0x080081b4   0x080081b4   0x00000034   Code   RO         1000    !!!scatter          c_w.l(__scatter.o)
    0x080081e8   0x080081e8   0x0000001a   Code   RO         1002    !!handler_copy      c_w.l(__scatter_copy.o)
    0x08008202   0x08008202   0x00000002   PAD
    0x08008204   0x08008204   0x0000001c   Code   RO         1004    !!handler_zi        c_w.l(__scatter_zi.o)
    0x08008220   0x08008220   0x00000000   Code   RO          815    .ARM.Collect$$_printf_percent$$00000000  c_w.l(_printf_percent.o)
    0x08008220   0x08008220   0x00000006   Code   RO          813    .ARM.Collect$$_printf_percent$$00000014  c_w.l(_printf_s.o)
    0x08008226   0x08008226   0x00000004   Code   RO          841    .ARM.Collect$$_printf_percent$$00000017  c_w.l(_printf_percent_end.o)
    0x0800822a   0x0800822a   0x00000002   Code   RO          872    .ARM.Collect$$libinit$$00000000  c_w.l(libinit.o)
    0x0800822c   0x0800822c   0x00000004   Code   RO          878    .ARM.Collect$$libinit$$00000001  c_w.l(libinit2.o)
    0x08008230   0x08008230   0x00000000   Code   RO          881    .ARM.Collect$$libinit$$00000004  c_w.l(libinit2.o)
    0x08008230   0x08008230   0x00000000   Code   RO          884    .ARM.Collect$$libinit$$0000000A  c_w.l(libinit2.o)
    0x08008230   0x08008230   0x00000000   Code   RO          886    .ARM.Collect$$libinit$$0000000C  c_w.l(libinit2.o)
    0x08008230   0x08008230   0x00000000   Code   RO          888    .ARM.Collect$$libinit$$0000000E  c_w.l(libinit2.o)
    0x08008230   0x08008230   0x00000000   Code   RO          891    .ARM.Collect$$libinit$$00000011  c_w.l(libinit2.o)
    0x08008230   0x08008230   0x00000000   Code   RO          893    .ARM.Collect$$libinit$$00000013  c_w.l(libinit2.o)
    0x08008230   0x08008230   0x00000000   Code   RO          895    .ARM.Collect$$libinit$$00000015  c_w.l(libinit2.o)
    0x08008230   0x08008230   0x00000000   Code   RO          897    .ARM.Collect$$libinit$$00000017  c_w.l(libinit2.o)
    0x08008230   0x08008230   0x00000000   Code   RO          899    .ARM.Collect$$libinit$$00000019  c_w.l(libinit2.o)
    0x08008230   0x08008230   0x00000000   Code   RO          901    .ARM.Collect$$libinit$$0000001B  c_w.l(libinit2.o)
    0x08008230   0x08008230   0x00000000   Code   RO          903    .ARM.Collect$$libinit$$0000001D  c_w.l(libinit2.o)
    0x08008230   0x08008230   0x00000000   Code   RO          905    .ARM.Collect$$libinit$$0000001F  c_w.l(libinit2.o)
    0x08008230   0x08008230   0x00000000   Code   RO          907    .ARM.Collect$$libinit$$00000021  c_w.l(libinit2.o)
    0x08008230   0x08008230   0x00000000   Code   RO          909    .ARM.Collect$$libinit$$00000023  c_w.l(libinit2.o)
    0x08008230   0x08008230   0x00000000   Code   RO          911    .ARM.Collect$$libinit$$00000025  c_w.l(libinit2.o)
    0x08008230   0x08008230   0x00000000   Code   RO          915    .ARM.Collect$$libinit$$0000002C  c_w.l(libinit2.o)
    0x08008230   0x08008230   0x00000000   Code   RO          917    .ARM.Collect$$libinit$$0000002E  c_w.l(libinit2.o)
    0x08008230   0x08008230   0x00000000   Code   RO          919    .ARM.Collect$$libinit$$00000030  c_w.l(libinit2.o)
    0x08008230   0x08008230   0x00000000   Code   RO          921    .ARM.Collect$$libinit$$00000032  c_w.l(libinit2.o)
    0x08008230   0x08008230   0x00000002   Code   RO          922    .ARM.Collect$$libinit$$00000033  c_w.l(libinit2.o)
    0x08008232   0x08008232   0x00000002   Code   RO          940    .ARM.Collect$$libshutdown$$00000000  c_w.l(libshutdown.o)
    0x08008234   0x08008234   0x00000000   Code   RO          950    .ARM.Collect$$libshutdown$$00000002  c_w.l(libshutdown2.o)
    0x08008234   0x08008234   0x00000000   Code   RO          952    .ARM.Collect$$libshutdown$$00000004  c_w.l(libshutdown2.o)
    0x08008234   0x08008234   0x00000000   Code   RO          954    .ARM.Collect$$libshutdown$$00000006  c_w.l(libshutdown2.o)
    0x08008234   0x08008234   0x00000000   Code   RO          957    .ARM.Collect$$libshutdown$$00000009  c_w.l(libshutdown2.o)
    0x08008234   0x08008234   0x00000000   Code   RO          960    .ARM.Collect$$libshutdown$$0000000C  c_w.l(libshutdown2.o)
    0x08008234   0x08008234   0x00000000   Code   RO          962    .ARM.Collect$$libshutdown$$0000000E  c_w.l(libshutdown2.o)
    0x08008234   0x08008234   0x00000000   Code   RO          965    .ARM.Collect$$libshutdown$$00000011  c_w.l(libshutdown2.o)
    0x08008234   0x08008234   0x00000002   Code   RO          966    .ARM.Collect$$libshutdown$$00000012  c_w.l(libshutdown2.o)
    0x08008236   0x08008236   0x00000000   Code   RO          830    .ARM.Collect$$rtentry$$00000000  c_w.l(__rtentry.o)
    0x08008236   0x08008236   0x00000000   Code   RO          843    .ARM.Collect$$rtentry$$00000002  c_w.l(__rtentry2.o)
    0x08008236   0x08008236   0x00000006   Code   RO          855    .ARM.Collect$$rtentry$$00000004  c_w.l(__rtentry4.o)
    0x0800823c   0x0800823c   0x00000000   Code   RO          845    .ARM.Collect$$rtentry$$00000009  c_w.l(__rtentry2.o)
    0x0800823c   0x0800823c   0x00000004   Code   RO          846    .ARM.Collect$$rtentry$$0000000A  c_w.l(__rtentry2.o)
    0x08008240   0x08008240   0x00000000   Code   RO          848    .ARM.Collect$$rtentry$$0000000C  c_w.l(__rtentry2.o)
    0x08008240   0x08008240   0x00000008   Code   RO          849    .ARM.Collect$$rtentry$$0000000D  c_w.l(__rtentry2.o)
    0x08008248   0x08008248   0x00000002   Code   RO          876    .ARM.Collect$$rtexit$$00000000  c_w.l(rtexit.o)
    0x0800824a   0x0800824a   0x00000000   Code   RO          924    .ARM.Collect$$rtexit$$00000002  c_w.l(rtexit2.o)
    0x0800824a   0x0800824a   0x00000004   Code   RO          925    .ARM.Collect$$rtexit$$00000003  c_w.l(rtexit2.o)
    0x0800824e   0x0800824e   0x00000006   Code   RO          926    .ARM.Collect$$rtexit$$00000004  c_w.l(rtexit2.o)
    0x08008254   0x08008254   0x00000040   Code   RO          734    .text               startup_stm32f429xx.o
    0x08008294   0x08008294   0x00000002   Code   RO          777    .text               c_w.l(use_no_semi_2.o)
    0x08008296   0x08008296   0x00000002   PAD
    0x08008298   0x08008298   0x00000018   Code   RO          783    .text               c_w.l(noretval__2printf.o)
    0x080082b0   0x080082b0   0x00000028   Code   RO          785    .text               c_w.l(noretval__2sprintf.o)
    0x080082d8   0x080082d8   0x00000068   Code   RO          787    .text               c_w.l(__printf.o)
    0x08008340   0x08008340   0x00000052   Code   RO          789    .text               c_w.l(_printf_str.o)
    0x08008392   0x08008392   0x0000003e   Code   RO          818    .text               c_w.l(strlen.o)
    0x080083d0   0x080083d0   0x0000004e   Code   RO          822    .text               c_w.l(rt_memclr_w.o)
    0x0800841e   0x0800841e   0x00000006   Code   RO          824    .text               c_w.l(heapauxi.o)
    0x08008424   0x08008424   0x00000002   Code   RO          828    .text               c_w.l(use_no_semi.o)
    0x08008426   0x08008426   0x00000002   PAD
    0x08008428   0x08008428   0x00000030   Code   RO          833    .text               c_w.l(_printf_char_common.o)
    0x08008458   0x08008458   0x0000000a   Code   RO          835    .text               c_w.l(_sputc.o)
    0x08008462   0x08008462   0x0000002c   Code   RO          837    .text               c_w.l(_printf_char.o)
    0x0800848e   0x0800848e   0x00000002   PAD
    0x08008490   0x08008490   0x00000024   Code   RO          839    .text               c_w.l(_printf_char_file.o)
    0x080084b4   0x080084b4   0x00000008   Code   RO          859    .text               c_w.l(ferror.o)
    0x080084bc   0x080084bc   0x0000004a   Code   RO          863    .text               c_w.l(sys_stackheap_outer.o)
    0x08008506   0x08008506   0x00000012   Code   RO          865    .text               c_w.l(exit.o)
    0x08008518   0x08008518   0x00000008   Code   RO          873    .text               c_w.l(libspace.o)
    0x08008520   0x08008520   0x00000068   Code   RO          338    i.IIC_Init          i2c.o
    0x08008588   0x08008588   0x00000064   Code   RO          227    i.LED_Init          led.o
    0x080085ec   0x080085ec   0x00000028   Code   RO          104    i.MY_NVIC_GROUP_CONFIG  sys.o
    0x08008614   0x08008614   0x000000a0   Code   RO          105    i.MY_NVIC_SET       sys.o
    0x080086b4   0x080086b4   0x00000010   Code   RO          106    i.MY_NVIC_SetVectorTable  sys.o
    0x080086c4   0x080086c4   0x0000036c   Code   RO          579    i.SDRAM_Init        sdram.o
    0x08008a30   0x08008a30   0x00000048   Code   RO          580    i.SDRAM_Send_Cmd    sdram.o
    0x08008a78   0x08008a78   0x00000088   Code   RO          107    i.Stm32_Clock_Init  sys.o
    0x08008b00   0x08008b00   0x0000010c   Code   RO          108    i.Sys_Clock_Set     sys.o
    0x08008c0c   0x08008c0c   0x00000014   Code   RO          742    i.SystemInit        system_stm32f4xx.o
    0x08008c20   0x08008c20   0x0000002c   Code   RO          182    i.TIM2_IRQHandler   delay.o
    0x08008c4c   0x08008c4c   0x0000003c   Code   RO          251    i.TIM6_DAC_IRQHandler  tim.o
    0x08008c88   0x08008c88   0x00000058   Code   RO          252    i.TIM6_Init         tim.o
    0x08008ce0   0x08008ce0   0x0000005c   Code   RO          464    i.USART2_IRQHandler  ble.o
    0x08008d3c   0x08008d3c   0x0000002c   Code   RO          465    i.USART2_SendData   ble.o
    0x08008d68   0x08008d68   0x0000005c   Code   RO          284    i.USART3_IRQHandler  usart.o
    0x08008dc4   0x08008dc4   0x00000004   Code   RO          285    i._sys_exit         usart.o
    0x08008dc8   0x08008dc8   0x00000054   Code   RO          183    i.delay_init        delay.o
    0x08008e1c   0x08008e1c   0x00000038   Code   RO          185    i.delay_us          delay.o
    0x08008e54   0x08008e54   0x0000001c   Code   RO          286    i.fputc             usart.o
    0x08008e70   0x08008e70   0x000000c4   Code   RO            4    i.main              main.o
    0x08008f34   0x08008f34   0x00000138   Code   RO          287    i.usart_init        usart.o
    0x0800906c   0x0800906c   0x0000000a   Code   RO          932    x$fpl$fpinit        fz_wm.l(fpinit.o)
    0x08009076   0x08009076   0x00000002   PAD
    0x08009078   0x08009078   0x00000020   Data   RO          998    Region$$Table       anon$$obj.o


    Execution Region RW_IRAM1 (Exec base: 0x20000000, Load base: 0x08009098, Size: 0x00000880, Max: 0x00030000, ABSOLUTE)

    Exec Addr    Load Addr    Size         Type   Attr      Idx    E Section Name        Object

    0x20000000   0x08009098   0x00000004   Data   RW          186    .data               delay.o
    0x20000004   0x0800909c   0x00000004   Data   RW          253    .data               tim.o
    0x20000008   0x080090a0   0x00000008   Data   RW          289    .data               usart.o
    0x20000010   0x080090a8   0x00000005   Data   RW          471    .data               ble.o
    0x20000015   0x080090ad   0x00000003   PAD
    0x20000018   0x080090b0   0x00000004   Data   RW          744    .data               system_stm32f4xx.o
    0x2000001c        -       0x00000100   Zero   RW          288    .bss                usart.o
    0x2000011c        -       0x00000100   Zero   RW          469    .bss                ble.o
    0x2000021c        -       0x00000060   Zero   RW          874    .bss                c_w.l(libspace.o)
    0x2000027c   0x080090b4   0x00000004   PAD
    0x20000280        -       0x00000200   Zero   RW          732    HEAP                startup_stm32f429xx.o
    0x20000480        -       0x00000400   Zero   RW          731    STACK               startup_stm32f429xx.o


==============================================================================

Image component sizes


      Code (inc. data)   RO Data    RW Data    ZI Data      Debug   Object Name

       136         24          0          5        256       1914   ble.o
       184         18          0          4          0       1788   delay.o
       104         18          0          0          0        463   i2c.o
       100         10          0          0          0        463   led.o
       196         56          0          0          0       7635   main.o
       948        116          0          0          0       1954   sdram.o
        64         26        428          0       1536        832   startup_stm32f429xx.o
       620         60          0          0          0       3385   sys.o
        20          6          0          4          0       1155   system_stm32f4xx.o
       148         28          0          4          0       1283   tim.o
       436         38          0          8        256       4230   usart.o

    ----------------------------------------------------------------------
      2956        400        460         28       2048      25102   Object Totals
         0          0         32          0          0          0   (incl. Generated)
         0          0          0          3          0          0   (incl. Padding)

    ----------------------------------------------------------------------

      Code (inc. data)   RO Data    RW Data    ZI Data      Debug   Library Member Name

         8          0          0          0          0         68   __main.o
       104          0          0          0          0         84   __printf.o
         0          0          0          0          0          0   __rtentry.o
        12          0          0          0          0          0   __rtentry2.o
         6          0          0          0          0          0   __rtentry4.o
        52          8          0          0          0          0   __scatter.o
        26          0          0          0          0          0   __scatter_copy.o
        28          0          0          0          0          0   __scatter_zi.o
        44          0          0          0          0        108   _printf_char.o
        48          6          0          0          0         96   _printf_char_common.o
        36          4          0          0          0         80   _printf_char_file.o
         0          0          0          0          0          0   _printf_percent.o
         4          0          0          0          0          0   _printf_percent_end.o
         6          0          0          0          0          0   _printf_s.o
        82          0          0          0          0         80   _printf_str.o
        10          0          0          0          0         68   _sputc.o
        18          0          0          0          0         80   exit.o
         8          0          0          0          0         68   ferror.o
         6          0          0          0          0        152   heapauxi.o
         2          0          0          0          0          0   libinit.o
         6          0          0          0          0          0   libinit2.o
         2          0          0          0          0          0   libshutdown.o
         2          0          0          0          0          0   libshutdown2.o
         8          4          0          0         96         68   libspace.o
        24          4          0          0          0         84   noretval__2printf.o
        40          6          0          0          0         84   noretval__2sprintf.o
        78          0          0          0          0         80   rt_memclr_w.o
         2          0          0          0          0          0   rtexit.o
        10          0          0          0          0          0   rtexit2.o
        62          0          0          0          0         76   strlen.o
        74          0          0          0          0         80   sys_stackheap_outer.o
         2          0          0          0          0         68   use_no_semi.o
         2          0          0          0          0         68   use_no_semi_2.o
        10          0          0          0          0        116   fpinit.o

    ----------------------------------------------------------------------
       832         32          0          0        100       1608   Library Totals
        10          0          0          0          4          0   (incl. Padding)

    ----------------------------------------------------------------------

      Code (inc. data)   RO Data    RW Data    ZI Data      Debug   Library Name

       812         32          0          0         96       1492   c_w.l
        10          0          0          0          0        116   fz_wm.l

    ----------------------------------------------------------------------
       832         32          0          0        100       1608   Library Totals

    ----------------------------------------------------------------------

==============================================================================


      Code (inc. data)   RO Data    RW Data    ZI Data      Debug   

      3788        432        460         28       2148      24282   Grand Totals
      3788        432        460         28       2148      24282   ELF Image Totals
      3788        432        460         28          0          0   ROM Totals

==============================================================================

    Total RO  Size (Code + RO Data)                 4248 (   4.15kB)
    Total RW  Size (RW Data + ZI Data)              2176 (   2.13kB)
    Total ROM Size (Code + RO Data + RW Data)       4276 (   4.18kB)

==============================================================================

